Archive member included because of file (symbol)

contiki-sky.a(rimeaddr.o)     obj_sky/contiki-sky-main.o (rimeaddr_copy)
contiki-sky.a(nullrdc.o)      obj_sky/contiki-sky-main.o (nullrdc_driver)
contiki-sky.a(mac.o)          contiki-sky.a(nullrdc.o) (mac_call_sent_callback)
contiki-sky.a(framer-802154.o)
                              contiki-sky.a(nullrdc.o) (framer_802154)
contiki-sky.a(csma.o)         obj_sky/contiki-sky-main.o (csma_driver)
contiki-sky.a(process.o)      obj_sky/contiki-sky-main.o (process_init)
contiki-sky.a(autostart.o)    obj_sky/contiki-sky-main.o (autostart_start)
contiki-sky.a(memb.o)         contiki-sky.a(csma.o) (memb_init)
contiki-sky.a(timer.o)        obj_sky/contiki-sky-main.o (timer_set)
contiki-sky.a(list.o)         contiki-sky.a(csma.o) (list_init)
contiki-sky.a(etimer.o)       obj_sky/contiki-sky-main.o (etimer_process)
contiki-sky.a(ctimer.o)       obj_sky/contiki-sky-main.o (ctimer_init)
contiki-sky.a(energest.o)     obj_sky/contiki-sky-main.o (energest_init)
contiki-sky.a(rtimer.o)       obj_sky/contiki-sky-main.o (rtimer_init)
contiki-sky.a(random.o)       obj_sky/contiki-sky-main.o (random_init)
contiki-sky.a(packetbuf.o)    contiki-sky.a(framer-802154.o) (packetbuf_hdrreduce)
contiki-sky.a(queuebuf.o)     obj_sky/contiki-sky-main.o (queuebuf_init)
contiki-sky.a(sicslowpan.o)   obj_sky/contiki-sky-main.o (sicslowpan_driver)
contiki-sky.a(tcpip.o)        contiki-sky.a(sicslowpan.o) (tcpip_set_outputfunc)
contiki-sky.a(uip-ds6-route.o)
                              contiki-sky.a(tcpip.o) (uip_ds6_route_nexthop)
contiki-sky.a(uip-ds6-nbr.o)  contiki-sky.a(tcpip.o) (uip_ds6_nbr_add)
contiki-sky.a(uip-ds6.o)      contiki-sky.a(tcpip.o) (uip_ds6_is_addr_onlink)
contiki-sky.a(uip-nd6.o)      contiki-sky.a(tcpip.o) (uip_nd6_ns_output)
contiki-sky.a(uip6.o)         contiki-sky.a(sicslowpan.o) (uip_aligned_buf)
contiki-sky.a(er-coap-13.o)   sensormote.co (coap_init_message)
contiki-sky.a(er-coap-13-engi)
                              sensormote.co (coap_rest_implementation)
contiki-sky.a(er-coap-13-tran)
                              contiki-sky.a(er-coap-13-engi) (coap_register_as_transaction_handler)
contiki-sky.a(er-coap-13-obse)
                              contiki-sky.a(er-coap-13-tran) (coap_remove_observer_by_client)
contiki-sky.a(erbium.o)       sensormote.co (rest_init_engine)
contiki-sky.a(contiki-sky-pla)
                              obj_sky/contiki-sky-main.o (init_platform)
contiki-sky.a(button-sensor.o)
                              contiki-sky.a(contiki-sky-pla) (button_sensor)
contiki-sky.a(ds2411.o)       obj_sky/contiki-sky-main.o (ds2411_init)
contiki-sky.a(xmem.o)         obj_sky/contiki-sky-main.o (xmem_init)
contiki-sky.a(node-id.o)      obj_sky/contiki-sky-main.o (node_id_restore)
contiki-sky.a(sensors.o)      contiki-sky.a(button-sensor.o) (sensors_changed)
contiki-sky.a(cc2420.o)       obj_sky/contiki-sky-main.o (cc2420_set_channel)
contiki-sky.a(cc2420-arch.o)  contiki-sky.a(cc2420.o) (cc2420_arch_init)
contiki-sky.a(uart1.o)        obj_sky/contiki-sky-main.o (uart1_active)
contiki-sky.a(uart1-putchar.o)
                              obj_sky/contiki-sky-main.o (putchar)
contiki-sky.a(msp430.o)       contiki-sky.a(uart1.o) (msp430_add_lpm_req)
contiki-sky.a(clock.o)        contiki-sky.a(timer.o) (clock_time)
contiki-sky.a(leds.o)         obj_sky/contiki-sky-main.o (leds_init)
contiki-sky.a(leds-arch.o)    contiki-sky.a(leds.o) (leds_arch_init)
contiki-sky.a(watchdog.o)     obj_sky/contiki-sky-main.o (watchdog_start)
contiki-sky.a(rtimer-arch.o)  contiki-sky.a(rtimer.o) (rtimer_arch_init)
contiki-sky.a(frame802154.o)  contiki-sky.a(framer-802154.o) (frame802154_hdrlen)
contiki-sky.a(rpl.o)          contiki-sky.a(uip-ds6-nbr.o) (rpl_link_neighbor_callback)
contiki-sky.a(rpl-dag.o)      contiki-sky.a(rpl.o) (rpl_dag_init)
contiki-sky.a(rpl-icmp6.o)    contiki-sky.a(rpl.o) (dao_output_target)
contiki-sky.a(rpl-timers.o)   contiki-sky.a(rpl.o) (rpl_reset_periodic_timer)
contiki-sky.a(rpl-mrhof.o)    contiki-sky.a(rpl-dag.o) (rpl_mrhof)
contiki-sky.a(rpl-ext-header.)
                              contiki-sky.a(uip6.o) (rpl_verify_header)
contiki-sky.a(stimer.o)       contiki-sky.a(tcpip.o) (stimer_set)
contiki-sky.a(nbr-table.o)    contiki-sky.a(uip-ds6-route.o) (nbr_table_register)
contiki-sky.a(uip-icmp6.o)    contiki-sky.a(uip6.o) (uip_icmp6_echo_request_input)
contiki-sky.a(uip-udp-packet.)
                              contiki-sky.a(er-coap-13.o) (uip_udp_packet_send)
contiki-sky.a(spi.o)          contiki-sky.a(xmem.o) (spi_init)
/usr/lib/gcc/msp430/4.6.3/mmpy-16/libgcc.a(_mulsi3.o)
                              contiki-sky.a(csma.o) (__mulsi3)
/usr/lib/gcc/msp430/4.6.3/mmpy-16/libgcc.a(_udivmod16.o)
                              contiki-sky.a(rpl-dag.o) (__udivhi3)
/usr/lib/gcc/msp430/4.6.3/mmpy-16/libgcc.a(_divmod16.o)
                              contiki-sky.a(nbr-table.o) (__divhi3)
/usr/lib/gcc/msp430/4.6.3/mmpy-16/libgcc.a(_udivmod32.o)
[...]
Memory Configuration

Name             Origin             Length             Attributes
sfr              0x00000000         0x00000010
peripheral_8bit  0x00000010         0x000000f0
peripheral_16bit 0x00000100         0x00000100
ram_mirror       0x00000200         0x00000800         xw
infomem          0x00001000         0x00000100
infob            0x00001000         0x00000080
infoa            0x00001080         0x00000080
ram              0x00001100         0x00002800         xw
rom              0x00004000         0x0000bfe0         xr
vectors          0x0000ffe0         0x00000020
bsl              0x00000000         0x00000000
infoc            0x00000000         0x00000000
infod            0x00000000         0x00000000
ram2             0x00000000         0x00000000         xw
usbram           0x00000000         0x00000000         xw
far_rom          0x00000000         0x00000000
*default*        0x00000000         0xffffffff

Linker script and memory map

LOAD /usr/lib/gcc/msp430/4.6.3/mmpy-16/crt0ivtbl16.o
LOAD sensormote.co
LOAD obj_sky/contiki-sky-main.o
LOAD contiki-sky.a
LOAD /usr/lib/gcc/msp430/4.6.3/mmpy-16/libgcc.a
LOAD /usr/lib/gcc/msp430/4.6.3/../../../../msp430/lib/mmpy-16/libc.a
LOAD /usr/lib/gcc/msp430/4.6.3/mmpy-16/libgcc.a
LOAD /usr/lib/gcc/msp430/4.6.3/mmpy-16/libcrt0.a
                0x00000080                PROVIDE (__info_segment_size, 0x80)
                0x00001000                PROVIDE (__infob, 0x1000)
                0x00001080                PROVIDE (__infoa, 0x1080)
                0x00000000                __IE1 = 0x0
                0x00000002                __IFG1 = 0x2
                0x00000004                __ME1 = 0x4
                0x00000001                __IE2 = 0x1
                0x00000003                __IFG2 = 0x3
                0x00000005                __ME2 = 0x5
                0x00000120                __WDTCTL = 0x120
                0x00000130                __MPY = 0x130
                0x00000132                __MPYS = 0x132
                0x00000134                __MAC = 0x134
                0x00000136                __MACS = 0x136
                0x00000138                __OP2 = 0x138
                0x0000013a                __RESLO = 0x13a
                0x0000013c                __RESHI = 0x13c
                0x0000013e                __SUMEXT = 0x13e
                0x00000020                __P1IN = 0x20
                0x00000021                __P1OUT = 0x21
                0x00000022                __P1DIR = 0x22
                0x00000023                __P1IFG = 0x23
                0x00000024                __P1IES = 0x24
                0x00000025                __P1IE = 0x25
                0x00000026                __P1SEL = 0x26
                0x00000028                __P2IN = 0x28
                0x00000029                __P2OUT = 0x29
                0x0000002a                __P2DIR = 0x2a
                0x0000002b                __P2IFG = 0x2b
                0x0000002c                __P2IES = 0x2c
                0x0000002d                __P2IE = 0x2d
                0x0000002e                __P2SEL = 0x2e
                0x00000018                __P3IN = 0x18
                0x00000019                __P3OUT = 0x19
                0x0000001a                __P3DIR = 0x1a
                0x0000001b                __P3SEL = 0x1b
                0x0000001c                __P4IN = 0x1c
                0x0000001d                __P4OUT = 0x1d
                0x0000001e                __P4DIR = 0x1e
                0x0000001f                __P4SEL = 0x1f
                0x00000030                __P5IN = 0x30
                0x00000031                __P5OUT = 0x31
                0x00000032                __P5DIR = 0x32
                0x00000033                __P5SEL = 0x33
                0x00000034                __P6IN = 0x34
                0x00000035                __P6OUT = 0x35
                0x00000036                __P6DIR = 0x36
                0x00000037                __P6SEL = 0x37
                0x00000070                __U0CTL = 0x70
                0x00000071                __U0TCTL = 0x71
                0x00000072                __U0RCTL = 0x72
                0x00000073                __U0MCTL = 0x73
                0x00000074                __U0BR0 = 0x74
                0x00000075                __U0BR1 = 0x75
                0x00000076                __U0RXBUF = 0x76
                0x00000077                __U0TXBUF = 0x77
                0x00000078                __U1CTL = 0x78
                0x00000079                __U1TCTL = 0x79
                0x0000007a                __U1RCTL = 0x7a
                0x0000007b                __U1MCTL = 0x7b
                0x0000007c                __U1BR0 = 0x7c
                0x0000007d                __U1BR1 = 0x7d
                0x0000007e                __U1RXBUF = 0x7e
                0x0000007f                __U1TXBUF = 0x7f
                0x00000050                __I2CIE = 0x50
                0x00000051                __I2CIFG = 0x51
                0x00000052                __I2CNDAT = 0x52
                0x00000071                __I2CTCTL = 0x71
                0x00000072                __I2CDCTL = 0x72
                0x00000073                __I2CPSC = 0x73
                0x00000074                __I2CSCLH = 0x74
                0x00000075                __I2CSCLL = 0x75
                0x00000076                __I2CDRB = 0x76
                0x00000076                __I2CDRW = 0x76
                0x00000118                __I2COA = 0x118
                0x0000011a                __I2CSA = 0x11a
                0x0000011c                __I2CIV = 0x11c
                0x0000012e                __TAIV = 0x12e
                0x00000160                __TACTL = 0x160
                0x00000162                __TACCTL0 = 0x162
                0x00000164                __TACCTL1 = 0x164
                0x00000166                __TACCTL2 = 0x166
                0x00000170                __TAR = 0x170
                0x00000172                __TACCR0 = 0x172
                0x00000174                __TACCR1 = 0x174
                0x00000176                __TACCR2 = 0x176
                0x0000011e                __TBIV = 0x11e
                0x00000180                __TBCTL = 0x180
                0x00000182                __TBCCTL0 = 0x182
                0x00000184                __TBCCTL1 = 0x184
                0x00000186                __TBCCTL2 = 0x186
                0x00000188                __TBCCTL3 = 0x188
                0x0000018a                __TBCCTL4 = 0x18a
                0x0000018c                __TBCCTL5 = 0x18c
                0x0000018e                __TBCCTL6 = 0x18e
                0x00000190                __TBR = 0x190
                0x00000192                __TBCCR0 = 0x192
                0x00000194                __TBCCR1 = 0x194
                0x00000196                __TBCCR2 = 0x196
                0x00000198                __TBCCR3 = 0x198
                0x0000019a                __TBCCR4 = 0x19a
                0x0000019c                __TBCCR5 = 0x19c
                0x0000019e                __TBCCR6 = 0x19e
                0x00000056                __DCOCTL = 0x56
                0x00000057                __BCSCTL1 = 0x57
                0x00000058                __BCSCTL2 = 0x58
                0x00000055                __SVSCTL = 0x55
                0x00000128                __FCTL1 = 0x128
                0x0000012a                __FCTL2 = 0x12a
                0x0000012c                __FCTL3 = 0x12c
                0x00000059                __CACTL1 = 0x59
                0x0000005a                __CACTL2 = 0x5a
                0x0000005b                __CAPD = 0x5b
                0x000001a0                __ADC12CTL0 = 0x1a0
                0x000001a2                __ADC12CTL1 = 0x1a2
                0x000001a4                __ADC12IFG = 0x1a4
                0x000001a6                __ADC12IE = 0x1a6
                0x000001a8                __ADC12IV = 0x1a8
                0x00000140                __ADC12MEM0 = 0x140
                0x00000142                __ADC12MEM1 = 0x142
                0x00000144                __ADC12MEM2 = 0x144
                0x00000146                __ADC12MEM3 = 0x146
                0x00000148                __ADC12MEM4 = 0x148
                0x0000014a                __ADC12MEM5 = 0x14a
                0x0000014c                __ADC12MEM6 = 0x14c
                0x0000014e                __ADC12MEM7 = 0x14e
                0x00000150                __ADC12MEM8 = 0x150
                0x00000152                __ADC12MEM9 = 0x152
                0x00000154                __ADC12MEM10 = 0x154
                0x00000156                __ADC12MEM11 = 0x156
                0x00000158                __ADC12MEM12 = 0x158
                0x0000015a                __ADC12MEM13 = 0x15a
                0x0000015c                __ADC12MEM14 = 0x15c
                0x0000015e                __ADC12MEM15 = 0x15e
                0x00000080                __ADC12MCTL0 = 0x80
                0x00000081                __ADC12MCTL1 = 0x81
                0x00000082                __ADC12MCTL2 = 0x82
                0x00000083                __ADC12MCTL3 = 0x83
                0x00000084                __ADC12MCTL4 = 0x84
                0x00000085                __ADC12MCTL5 = 0x85
                0x00000086                __ADC12MCTL6 = 0x86
                0x00000087                __ADC12MCTL7 = 0x87
                0x00000088                __ADC12MCTL8 = 0x88
                0x00000089                __ADC12MCTL9 = 0x89
                0x0000008a                __ADC12MCTL10 = 0x8a
                0x0000008b                __ADC12MCTL11 = 0x8b
                0x0000008c                __ADC12MCTL12 = 0x8c
                0x0000008d                __ADC12MCTL13 = 0x8d
                0x0000008e                __ADC12MCTL14 = 0x8e
                0x0000008f                __ADC12MCTL15 = 0x8f
                0x000001c0                __DAC12_0CTL = 0x1c0
                0x000001c2                __DAC12_1CTL = 0x1c2
                0x000001c8                __DAC12_0DAT = 0x1c8
                0x000001ca                __DAC12_1DAT = 0x1ca
                0x00000122                __DMACTL0 = 0x122
                0x00000124                __DMACTL1 = 0x124
                0x000001e0                __DMA0CTL = 0x1e0
                0x000001e8                __DMA1CTL = 0x1e8
                0x000001f0                __DMA2CTL = 0x1f0
                0x000001e2                __DMA0SA = 0x1e2
                0x000001e4                __DMA0DA = 0x1e4
                0x000001e6                __DMA0SZ = 0x1e6
                0x000001ea                __DMA1SA = 0x1ea
                0x000001ec                __DMA1DA = 0x1ec
                0x000001ee                __DMA1SZ = 0x1ee
                0x000001f2                __DMA2SA = 0x1f2
                0x000001f4                __DMA2DA = 0x1f4
                0x000001f6                __DMA2SZ = 0x1f6

.hash
 *(.hash)

.dynsym
 *(.dynsym)

.dynstr
 *(.dynstr)

.gnu.version
 *(.gnu.version)

.gnu.version_d
 *(.gnu.version_d)

.gnu.version_r
 *(.gnu.version_r)

.rel.init
 *(.rel.init)

.rela.init
 *(.rela.init)

.rel.fini
 *(.rel.fini)

.rela.fini
 *(.rela.fini)

.rel.text
 *(.rel.text .rel.text.* .rel.gnu.linkonce.t.*)

.rela.text
 *(.rela.text .rela.text.* .rela.gnu.linkonce.t.*)

.rel.rodata
 *(.rel.rodata .rel.rodata.* .rel.gnu.linkonce.r.*)

.rela.rodata
 *(.rela.rodata .rela.rodata.* .rela.gnu.linkonce.r.*)

.rel.data
 *(.rel.data .rel.data.* .rel.gnu.linkonce.d.*)

.rela.data
 *(.rela.data .rela.data.* .rela.gnu.linkonce.d.*)

.rel.bss
 *(.rel.bss .rel.bss.* .rel.gnu.linkonce.b.*)

.rela.bss
 *(.rela.bss .rela.bss.* .rela.gnu.linkonce.b.*)

.rel.ctors
 *(.rel.ctors)

.rela.ctors
 *(.rela.ctors)

.rel.dtors
 *(.rel.dtors)

.rela.dtors
 *(.rela.dtors)

.rel.got
 *(.rel.got)

.rela.got
 *(.rela.got)

.rel.plt
 *(.rel.plt)

.rela.plt
 *(.rela.plt)

.text           0x00004000     0xb644
                0x00004000                . = ALIGN (0x2)
 *(.init .init.*)
 *(.init0)
 .init0         0x00004000        0x0 /usr/lib/gcc/msp430/4.6.3/mmpy-16/libcrt0.a(_reset_vector__.o)
                0x00004000                _reset_vector__
 *(.init1)
 .init1         0x00004000        0xc /usr/lib/gcc/msp430/4.6.3/mmpy-16/libcrt0.a(__watchdog_support.o)
                0x00004000                __watchdog_support
 *(.init2)
 .init2         0x0000400c        0x4 /usr/lib/gcc/msp430/4.6.3/mmpy-16/libcrt0.a(__init_stack.o)
                0x0000400c                __init_stack
 *(.init3)
 .init3         0x00004010        0x0 /usr/lib/gcc/msp430/4.6.3/mmpy-16/libcrt0.a(__low_level_init.o)
                0x00004010                __low_level_init
 *(.init4)
 .init4         0x00004010       0x18 /usr/lib/gcc/msp430/4.6.3/mmpy-16/libcrt0.a(_copy_data.o)
                0x00004010                __do_copy_data
 .init4         0x00004028       0x16 /usr/lib/gcc/msp430/4.6.3/mmpy-16/libcrt0.a(_clear_bss.o)
                0x00004028                __do_clear_bss
 *(.init5)
 *(.init6)
 *(.init7)
 *(.init8)
 *(.init9)
 .init9         0x0000403e      0x364 obj_sky/contiki-sky-main.o
                0x0000403e                main
 *(.fini9)
 .fini9         0x000043a2        0x0 /usr/lib/gcc/msp430/4.6.3/mmpy-16/libcrt0.a(__stop_progExec__.o)
                0x000043a2                __stop_progExec__
 *(.fini8)
 *(.fini7)
 *(.fini6)
 *(.fini5)
 *(.fini4)
 *(.fini3)
 *(.fini2)
 *(.fini1)
 *(.fini0)
 .fini0         0x000043a2        0x6 /usr/lib/gcc/msp430/4.6.3/mmpy-16/libcrt0.a(_endless_loop__.o)
                0x000043a2                _endless_loop__
 *(.fini .fini.*)
                0x000043a8                . = ALIGN (0x2)
                0x000043a8                __ctors_start = .
 *(.ctors)
                0x000043a8                __ctors_end = .
                0x000043a8                __dtors_start = .
 *(.dtors)
                0x000043a8                __dtors_end = .
                0x000043a8                . = ALIGN (0x2)
 *(.text .text.* .gnu.linkonce.t.*)
 .text          0x000043a8        0x4 /usr/lib/gcc/msp430/4.6.3/mmpy-16/crt0ivtbl16.o
                0x000043a8                __isr_14
                0x000043a8                __isr_11
                0x000043a8                __isr_2
                0x000043a8                __isr_7
                0x000043a8                __isr_0
                0x000043a8                __isr_8
                0x000043a8                __isr_3
                0x000043a8                __isr_12
                0x000043a8                __isr_13
                0x000043a8                __isr_9
 .text.process_thread_sensormote
                0x000043ac       0x78 sensormote.co
 .text.toggleVentilation_handler
                0x00004424       0x18 sensormote.co
                0x00004424                toggleVentilation_handler
 .text.temperature_handler
                0x0000443c       0x44 sensormote.co
                0x0000443c                temperature_handler
 .text.Ventilation_handler
                0x00004480       0x46 sensormote.co
                0x00004480                Ventilation_handler
 .text.Heating_handler
                0x000044c6       0x46 sensormote.co
                0x000044c6                Heating_handler
 .text.AirCond_handler
                0x0000450c       0x46 sensormote.co
                0x0000450c                AirCond_handler
 .text.toggleHeating_handler
                0x00004552       0x2a sensormote.co
                0x00004552                toggleHeating_handler
 .text.toggleAirCond_handler
                0x0000457c       0x2a sensormote.co
                0x0000457c                toggleAirCond_handler
 .text.temperature_periodic_handler
                0x000045a6       0x9c sensormote.co
                0x000045a6                temperature_periodic_handler
 .text.rimeaddr_copy
                0x00004642        0x8 contiki-sky.a(rimeaddr.o)
                0x00004642                rimeaddr_copy
 .text.rimeaddr_cmp
                0x0000464a       0x12 contiki-sky.a(rimeaddr.o)
                0x0000464a                rimeaddr_cmp
 .text.rimeaddr_set_node_addr
                0x0000465c        0xc contiki-sky.a(rimeaddr.o)
                0x0000465c                rimeaddr_set_node_addr
 .text.on       0x00004668        0x6 contiki-sky.a(nullrdc.o)
 .text.channel_check_interval
                0x0000466e        0x4 contiki-sky.a(nullrdc.o)
 .text.init     0x00004672        0x6 contiki-sky.a(nullrdc.o)
 .text.send_one_packet
                0x00004678       0x6a contiki-sky.a(nullrdc.o)
 .text.send_list
                0x000046e2       0x30 contiki-sky.a(nullrdc.o)
 .text.send_packet
                0x00004712        0x6 contiki-sky.a(nullrdc.o)
 .text.off      0x00004718       0x10 contiki-sky.a(nullrdc.o)
 .text.packet_input
                0x00004728       0x36 contiki-sky.a(nullrdc.o)
 .text.mac_call_sent_callback
                0x0000475e       0x14 contiki-sky.a(mac.o)
                0x0000475e                mac_call_sent_callback
 .text.parse    0x00004772       0xaa contiki-sky.a(framer-802154.o)
 .text.create   0x0000481c      0x10e contiki-sky.a(framer-802154.o)
 .text.input_packet
                0x0000492a        0x6 contiki-sky.a(csma.o)
 .text.on       0x00004930        0x6 contiki-sky.a(csma.o)
 .text.off      0x00004936        0x6 contiki-sky.a(csma.o)
 .text.channel_check_interval
                0x0000493c       0x10 contiki-sky.a(csma.o)
 .text.transmit_packet_list
                0x0000494c       0x24 contiki-sky.a(csma.o)
 .text.send_packet
                0x00004970      0x164 contiki-sky.a(csma.o)
 .text.init     0x00004ad4       0x1a contiki-sky.a(csma.o)
 .text.free_packet
                0x00004aee       0x9c contiki-sky.a(csma.o)
 .text.packet_sent
                0x00004b8a      0x130 contiki-sky.a(csma.o)
 .text.call_process
                0x00004cba       0x4a contiki-sky.a(process.o)
 .text.exit_process
                0x00004d04       0x96 contiki-sky.a(process.o)
 .text.do_poll  0x00004d9a       0x30 contiki-sky.a(process.o)
 .text.process_alloc_event
                0x00004dca        0xe contiki-sky.a(process.o)
                0x00004dca                process_alloc_event
 .text.process_init
                0x00004dd8       0x1c contiki-sky.a(process.o)
                0x00004dd8                process_init
 .text.process_run
                0x00004df4       0xa2 contiki-sky.a(process.o)
                0x00004df4                process_run
 .text.process_nevents
                0x00004e96        0xe contiki-sky.a(process.o)
                0x00004e96                process_nevents
 .text.process_post
                0x00004ea4       0x54 contiki-sky.a(process.o)
                0x00004ea4                process_post
 .text.process_post_synch
                0x00004ef8       0x12 contiki-sky.a(process.o)
                0x00004ef8                process_post_synch
 .text.process_start
                0x00004f0a       0x32 contiki-sky.a(process.o)
                0x00004f0a                process_start
 .text.process_poll
                0x00004f3c       0x18 contiki-sky.a(process.o)
                0x00004f3c                process_poll
 .text.autostart_start
                0x00004f54       0x16 contiki-sky.a(autostart.o)
                0x00004f54                autostart_start
 .text.memb_init
                0x00004f6a       0x36 contiki-sky.a(memb.o)
                0x00004f6a                memb_init
 .text.memb_alloc
                0x00004fa0       0x3e contiki-sky.a(memb.o)
                0x00004fa0                memb_alloc
 .text.memb_free
                0x00004fde       0x3a contiki-sky.a(memb.o)
                0x00004fde                memb_free
 .text.memb_inmemb
                0x00005018       0x2e contiki-sky.a(memb.o)
                0x00005018                memb_inmemb
 .text.timer_set
                0x00005046       0x1c contiki-sky.a(timer.o)
                0x00005046                timer_set
 .text.timer_reset
                0x00005062        0xe contiki-sky.a(timer.o)
                0x00005062                timer_reset
 .text.timer_restart
                0x00005070       0x14 contiki-sky.a(timer.o)
                0x00005070                timer_restart
 .text.timer_expired
                0x00005084       0x2a contiki-sky.a(timer.o)
                0x00005084                timer_expired
 .text.list_init
                0x000050ae        0x6 contiki-sky.a(list.o)
                0x000050ae                list_init
 .text.list_head
                0x000050b4        0x4 contiki-sky.a(list.o)
                0x000050b4                list_head
 .text.list_tail
                0x000050b8       0x12 contiki-sky.a(list.o)
                0x000050b8                list_tail
 .text.list_remove
                0x000050ca       0x34 contiki-sky.a(list.o)
                0x000050ca                list_remove
 .text.list_push
                0x000050fe       0x1a contiki-sky.a(list.o)
                0x000050fe                list_push
 .text.list_add
                0x00005118       0x2a contiki-sky.a(list.o)
                0x00005118                list_add
 .text.list_length
                0x00005142       0x10 contiki-sky.a(list.o)
                0x00005142                list_length
 .text.list_item_next
                0x00005152        0xc contiki-sky.a(list.o)
                0x00005152                list_item_next
 .text.update_time
                0x0000515e       0x78 contiki-sky.a(etimer.o)
 .text.etimer_request_poll
                0x000051d6        0xa contiki-sky.a(etimer.o)
                0x000051d6                etimer_request_poll
 .text.process_thread_etimer_process
                0x000051e0       0xc8 contiki-sky.a(etimer.o)
 .text.add_timer
                0x000052a8       0x40 contiki-sky.a(etimer.o)
 .text.etimer_set
                0x000052e8       0x12 contiki-sky.a(etimer.o)
                0x000052e8                etimer_set
 .text.etimer_reset
                0x000052fa       0x12 contiki-sky.a(etimer.o)
                0x000052fa                etimer_reset
 .text.etimer_restart
                0x0000530c       0x12 contiki-sky.a(etimer.o)
                0x0000530c                etimer_restart
 .text.etimer_expired
                0x0000531e        0xe contiki-sky.a(etimer.o)
                0x0000531e                etimer_expired
 .text.etimer_expiration_time
                0x0000532c       0x14 contiki-sky.a(etimer.o)
                0x0000532c                etimer_expiration_time
 .text.etimer_pending
                0x00005340        0xc contiki-sky.a(etimer.o)
                0x00005340                etimer_pending
 .text.etimer_next_expiration_time
                0x0000534c       0x16 contiki-sky.a(etimer.o)
                0x0000534c                etimer_next_expiration_time
 .text.etimer_stop
                0x00005362       0x3c contiki-sky.a(etimer.o)
                0x00005362                etimer_stop
 .text.process_thread_ctimer_process
                0x0000539e       0xa4 contiki-sky.a(ctimer.o)
 .text.ctimer_init
                0x00005442       0x18 contiki-sky.a(ctimer.o)
                0x00005442                ctimer_init
 .text.ctimer_set
                0x0000545a       0x5a contiki-sky.a(ctimer.o)
                0x0000545a                ctimer_set
 .text.ctimer_reset
                0x000054b4       0x3a contiki-sky.a(ctimer.o)
                0x000054b4                ctimer_reset
 .text.ctimer_stop
                0x000054ee       0x28 contiki-sky.a(ctimer.o)
                0x000054ee                ctimer_stop
 .text.energest_init
                0x00005516       0x28 contiki-sky.a(energest.o)
                0x00005516                energest_init
 .text.energest_type_time
                0x0000553e       0x46 contiki-sky.a(energest.o)
                0x0000553e                energest_type_time
 .text.energest_type_set
                0x00005584        0xe contiki-sky.a(energest.o)
                0x00005584                energest_type_set
 .text.energest_flush
                0x00005592       0x48 contiki-sky.a(energest.o)
                0x00005592                energest_flush
 .text.rtimer_init
                0x000055da        0x6 contiki-sky.a(rtimer.o)
                0x000055da                rtimer_init
 .text.rtimer_run_next
                0x000055e0       0x26 contiki-sky.a(rtimer.o)
                0x000055e0                rtimer_run_next
 .text.random_init
                0x00005606        0x6 contiki-sky.a(random.o)
                0x00005606                random_init
 .text.random_rand
                0x0000560c        0x6 contiki-sky.a(random.o)
                0x0000560c                random_rand
 .text.packetbuf_copyto_hdr
                0x00005612       0x1c contiki-sky.a(packetbuf.o)
                0x00005612                packetbuf_copyto_hdr
 .text.packetbuf_copyto
                0x0000562e       0x52 contiki-sky.a(packetbuf.o)
                0x0000562e                packetbuf_copyto
 .text.packetbuf_hdrreduce
                0x00005680       0x1a contiki-sky.a(packetbuf.o)
                0x00005680                packetbuf_hdrreduce
 .text.packetbuf_set_datalen
                0x0000569a        0x6 contiki-sky.a(packetbuf.o)
                0x0000569a                packetbuf_set_datalen
 .text.packetbuf_dataptr
                0x000056a0        0xe contiki-sky.a(packetbuf.o)
                0x000056a0                packetbuf_dataptr
 .text.packetbuf_hdrptr
                0x000056ae        0xa contiki-sky.a(packetbuf.o)
                0x000056ae                packetbuf_hdrptr
 .text.packetbuf_is_reference
                0x000056b8        0xe contiki-sky.a(packetbuf.o)
                0x000056b8                packetbuf_is_reference
 .text.packetbuf_reference_ptr
                0x000056c6        0x6 contiki-sky.a(packetbuf.o)
                0x000056c6                packetbuf_reference_ptr
 .text.packetbuf_datalen
                0x000056cc        0x6 contiki-sky.a(packetbuf.o)
                0x000056cc                packetbuf_datalen
 .text.packetbuf_totlen
                0x000056d2       0x10 contiki-sky.a(packetbuf.o)
                0x000056d2                packetbuf_totlen
 .text.packetbuf_hdralloc
                0x000056e2       0x2e contiki-sky.a(packetbuf.o)
                0x000056e2                packetbuf_hdralloc
 .text.packetbuf_attr_clear
                0x00005710       0x30 contiki-sky.a(packetbuf.o)
                0x00005710                packetbuf_attr_clear
 .text.packetbuf_clear
                0x00005740       0x1a contiki-sky.a(packetbuf.o)
                0x00005740                packetbuf_clear
 .text.packetbuf_copyfrom
                0x0000575a       0x2e contiki-sky.a(packetbuf.o)
                0x0000575a                packetbuf_copyfrom
 .text.packetbuf_attr_copyto
                0x00005788       0x22 contiki-sky.a(packetbuf.o)
                0x00005788                packetbuf_attr_copyto
 .text.packetbuf_attr_copyfrom
                0x000057aa       0x24 contiki-sky.a(packetbuf.o)
                0x000057aa                packetbuf_attr_copyfrom
 .text.queuebuf_init
                0x000057ce       0x1a contiki-sky.a(queuebuf.o)
                0x000057ce                queuebuf_init
 .text.queuebuf_new_from_packetbuf
                0x000057e8       0x7e contiki-sky.a(queuebuf.o)
                0x000057e8                queuebuf_new_from_packetbuf
 .text.queuebuf_update_attr_from_packetbuf
                0x00005866       0x12 contiki-sky.a(queuebuf.o)
                0x00005866                queuebuf_update_attr_from_packetbuf
 .text.queuebuf_free
                0x00005878       0x40 contiki-sky.a(queuebuf.o)
                0x00005878                queuebuf_free
 .text.queuebuf_to_packetbuf
                0x000058b8       0x6e contiki-sky.a(queuebuf.o)
                0x000058b8                queuebuf_to_packetbuf
 .text.queuebuf_attr
                0x00005926        0xe contiki-sky.a(queuebuf.o)
                0x00005926                queuebuf_attr
 .text.set_packet_attrs
                0x00005934       0x44 contiki-sky.a(sicslowpan.o)
 .text.addr_context_lookup_by_number
                0x00005978       0x36 contiki-sky.a(sicslowpan.o)
 .text.compress_addr_64
                0x000059ae       0xae contiki-sky.a(sicslowpan.o)
 .text.uncompress_addr
                0x00005a5c       0xb4 contiki-sky.a(sicslowpan.o)
 .text.input    0x00005b10      0x642 contiki-sky.a(sicslowpan.o)
 .text.sicslowpan_init
                0x00006152       0x26 contiki-sky.a(sicslowpan.o)
                0x00006152                sicslowpan_init
 .text.addr_context_lookup_by_prefix
                0x00006178       0x4c contiki-sky.a(sicslowpan.o)
 .text.send_packet
                0x000061c4       0x1a contiki-sky.a(sicslowpan.o)
 .text.output   0x000061de      0x700 contiki-sky.a(sicslowpan.o)
 .text.packet_sent
                0x000068de       0x22 contiki-sky.a(sicslowpan.o)
 .text.tcpip_output
                0x00006900       0x10 contiki-sky.a(tcpip.o)
                0x00006900                tcpip_output
 .text.tcpip_set_outputfunc
                0x00006910        0x6 contiki-sky.a(tcpip.o)
                0x00006910                tcpip_set_outputfunc
 .text.udp_new  0x00006916       0x1a contiki-sky.a(tcpip.o)
                0x00006916                udp_new
 .text.tcpip_input
                0x00006930       0x16 contiki-sky.a(tcpip.o)
                0x00006930                tcpip_input
 .text.tcpip_ipv6_output
                0x00006946      0x148 contiki-sky.a(tcpip.o)
                0x00006946                tcpip_ipv6_output
 .text.process_thread_tcpip_process
                0x00006a8e       0xd0 contiki-sky.a(tcpip.o)
 .text.tcpip_uipcall
                0x00006b5e       0x2a contiki-sky.a(tcpip.o)
                0x00006b5e                tcpip_uipcall
 .text.call_route_callback
                0x00006b88       0x4c contiki-sky.a(uip-ds6-route.o)
 .text.uip_ds6_route_init
                0x00006bd4       0x2e contiki-sky.a(uip-ds6-route.o)
                0x00006bd4                uip_ds6_route_init
 .text.uip_ds6_route_nexthop
                0x00006c02       0x1a contiki-sky.a(uip-ds6-route.o)
                0x00006c02                uip_ds6_route_nexthop
 .text.uip_ds6_route_head
                0x00006c1c       0x28 contiki-sky.a(uip-ds6-route.o)
                0x00006c1c                uip_ds6_route_head
 .text.uip_ds6_route_next
                0x00006c44       0x3a contiki-sky.a(uip-ds6-route.o)
                0x00006c44                uip_ds6_route_next
 .text.uip_ds6_route_lookup
                0x00006c7e       0x5e contiki-sky.a(uip-ds6-route.o)
                0x00006c7e                uip_ds6_route_lookup
 .text.uip_ds6_route_add
                0x00006cdc       0xb4 contiki-sky.a(uip-ds6-route.o)
                0x00006cdc                uip_ds6_route_add
 .text.uip_ds6_route_rm
                0x00006d90       0x60 contiki-sky.a(uip-ds6-route.o)
                0x00006d90                uip_ds6_route_rm
 .text.rm_routelist
                0x00006df0       0x30 contiki-sky.a(uip-ds6-route.o)
 .text.rm_routelist_callback
                0x00006e20        0x6 contiki-sky.a(uip-ds6-route.o)
 .text.uip_ds6_defrt_rm
                0x00006e26       0x48 contiki-sky.a(uip-ds6-route.o)
                0x00006e26                uip_ds6_defrt_rm
 .text.uip_ds6_defrt_lookup
                0x00006e6e       0x36 contiki-sky.a(uip-ds6-route.o)
                0x00006e6e                uip_ds6_defrt_lookup
 .text.uip_ds6_defrt_add
                0x00006ea4       0x74 contiki-sky.a(uip-ds6-route.o)
                0x00006ea4                uip_ds6_defrt_add
 .text.uip_ds6_defrt_choose
                0x00006f18       0x3a contiki-sky.a(uip-ds6-route.o)
                0x00006f18                uip_ds6_defrt_choose
 .text.uip_ds6_defrt_periodic
                0x00006f52       0x38 contiki-sky.a(uip-ds6-route.o)
                0x00006f52                uip_ds6_defrt_periodic
 .text.uip_ds6_nbr_rm
                0x00006f8a       0x1a contiki-sky.a(uip-ds6-nbr.o)
                0x00006f8a                uip_ds6_nbr_rm
 .text.uip_ds6_neighbors_init
                0x00006fa4        0xe contiki-sky.a(uip-ds6-nbr.o)
                0x00006fa4                uip_ds6_neighbors_init
 .text.uip_ds6_nbr_add
                0x00006fb2       0x60 contiki-sky.a(uip-ds6-nbr.o)
                0x00006fb2                uip_ds6_nbr_add
 .text.uip_ds6_nbr_get_ll
                0x00007012        0xc contiki-sky.a(uip-ds6-nbr.o)
                0x00007012                uip_ds6_nbr_get_ll
 .text.uip_ds6_nbr_lookup
                0x0000701e       0x42 contiki-sky.a(uip-ds6-nbr.o)
                0x0000701e                uip_ds6_nbr_lookup
 .text.uip_ds6_nbr_ll_lookup
                0x00007060        0xc contiki-sky.a(uip-ds6-nbr.o)
                0x00007060                uip_ds6_nbr_ll_lookup
 .text.uip_ds6_nbr_ipaddr_from_lladdr
                0x0000706c        0x6 contiki-sky.a(uip-ds6-nbr.o)
                0x0000706c                uip_ds6_nbr_ipaddr_from_lladdr
 .text.uip_ds6_nbr_lladdr_from_ipaddr
                0x00007072       0x12 contiki-sky.a(uip-ds6-nbr.o)
                0x00007072                uip_ds6_nbr_lladdr_from_ipaddr
 .text.uip_ds6_link_neighbor_callback
                0x00007084       0x2a contiki-sky.a(uip-ds6-nbr.o)
                0x00007084                uip_ds6_link_neighbor_callback
 .text.uip_ds6_neighbor_periodic
                0x000070ae       0xfc contiki-sky.a(uip-ds6-nbr.o)
                0x000070ae                uip_ds6_neighbor_periodic
 .text.uip_ds6_list_loop
                0x000071aa       0x86 contiki-sky.a(uip-ds6.o)
                0x000071aa                uip_ds6_list_loop
 .text.uip_ds6_prefix_add
                0x00007230       0x80 contiki-sky.a(uip-ds6.o)
                0x00007230                uip_ds6_prefix_add
 .text.uip_ds6_is_addr_onlink
                0x000072b0       0x54 contiki-sky.a(uip-ds6.o)
                0x000072b0                uip_ds6_is_addr_onlink
 .text.uip_ds6_addr_lookup
                0x00007304       0x2a contiki-sky.a(uip-ds6.o)
                0x00007304                uip_ds6_addr_lookup
 .text.uip_ds6_get_link_local
                0x0000732e       0x3e contiki-sky.a(uip-ds6.o)
                0x0000732e                uip_ds6_get_link_local
 .text.uip_ds6_maddr_add
                0x0000736c       0x4c contiki-sky.a(uip-ds6.o)
                0x0000736c                uip_ds6_maddr_add
 .text.uip_ds6_addr_add
                0x000073b8       0xc4 contiki-sky.a(uip-ds6.o)
                0x000073b8                uip_ds6_addr_add
 .text.uip_ds6_maddr_lookup
                0x0000747c       0x2a contiki-sky.a(uip-ds6.o)
                0x0000747c                uip_ds6_maddr_lookup
 .text.uip_ds6_addr_rm
                0x000074a6       0x54 contiki-sky.a(uip-ds6.o)
                0x000074a6                uip_ds6_addr_rm
 .text.uip_ds6_periodic
                0x000074fa       0x4a contiki-sky.a(uip-ds6.o)
                0x000074fa                uip_ds6_periodic
 .text.uip_ds6_set_addr_iid
                0x00007544       0x14 contiki-sky.a(uip-ds6.o)
                0x00007544                uip_ds6_set_addr_iid
 .text.get_match_length
                0x00007558       0x3e contiki-sky.a(uip-ds6.o)
                0x00007558                get_match_length
 .text.uip_ds6_select_src
                0x00007596       0xaa contiki-sky.a(uip-ds6.o)
                0x00007596                uip_ds6_select_src
 .text.uip_ds6_compute_reachable_time
                0x00007640       0x3e contiki-sky.a(uip-ds6.o)
                0x00007640                uip_ds6_compute_reachable_time
 .text.uip_ds6_init
                0x0000767e      0x154 contiki-sky.a(uip-ds6.o)
                0x0000767e                uip_ds6_init
 .text.create_llao
                0x000077d2       0x2c contiki-sky.a(uip-nd6.o)
 .text.uip_nd6_ns_input
                0x000077fe      0x230 contiki-sky.a(uip-nd6.o)
                0x000077fe                uip_nd6_ns_input
 .text.uip_nd6_ns_output
                0x00007a2e      0x158 contiki-sky.a(uip-nd6.o)
                0x00007a2e                uip_nd6_ns_output
 .text.uip_nd6_na_input
                0x00007b86      0x1b6 contiki-sky.a(uip-nd6.o)
                0x00007b86                uip_nd6_na_input
 .text.chksum   0x00007d3c       0x32 contiki-sky.a(uip6.o)
 .text.upper_layer_chksum
                0x00007d6e       0x56 contiki-sky.a(uip6.o)
 .text.ext_hdr_options_process
                0x00007dc4       0xda contiki-sky.a(uip6.o)
 .text.uip_icmp6chksum
                0x00007e9e        0xa contiki-sky.a(uip6.o)
                0x00007e9e                uip_icmp6chksum
 .text.uip_udpchksum
                0x00007ea8        0xa contiki-sky.a(uip6.o)
                0x00007ea8                uip_udpchksum
 .text.uip_init
                0x00007eb2       0x3a contiki-sky.a(uip6.o)
                0x00007eb2                uip_init
 .text.remove_ext_hdr
                0x00007eec       0x5a contiki-sky.a(uip6.o)
                0x00007eec                remove_ext_hdr
 .text.uip_udp_new
                0x00007f46       0xf4 contiki-sky.a(uip6.o)
                0x00007f46                uip_udp_new
 .text.uip_process
                0x0000803a      0x4d8 contiki-sky.a(uip6.o)
                0x0000803a                uip_process
 .text.uip_htonl
                0x00008512       0x2e contiki-sky.a(uip6.o)
                0x00008512                uip_htonl
 .text.coap_parse_int_option
                0x00008540       0x46 contiki-sky.a(er-coap-13.o)
 .text.coap_set_option_header
                0x00008586       0xa6 contiki-sky.a(er-coap-13.o)
 .text.coap_serialize_int_option
                0x0000862c       0xda contiki-sky.a(er-coap-13.o)
 .text.coap_get_variable
                0x00008706       0xbe contiki-sky.a(er-coap-13.o)
 .text.coap_serialize_array_option
                0x000087c4       0xe4 contiki-sky.a(er-coap-13.o)
 .text.coap_merge_multi_option.part.1
                0x000088a8       0x34 contiki-sky.a(er-coap-13.o)
 .text.coap_init_connection
                0x000088dc       0x22 contiki-sky.a(er-coap-13.o)
                0x000088dc                coap_init_connection
 .text.coap_get_mid
                0x000088fe        0xc contiki-sky.a(er-coap-13.o)
                0x000088fe                coap_get_mid
 .text.coap_init_message
                0x0000890a       0x30 contiki-sky.a(er-coap-13.o)
                0x0000890a                coap_init_message
 .text.coap_serialize_message
                0x0000893a      0x434 contiki-sky.a(er-coap-13.o)
                0x0000893a                coap_serialize_message
 .text.coap_send_message
                0x00008d6e       0x4a contiki-sky.a(er-coap-13.o)
                0x00008d6e                coap_send_message
 .text.coap_parse_message
                0x00008db8      0x4b4 contiki-sky.a(er-coap-13.o)
                0x00008db8                coap_parse_message
 .text.coap_get_query_variable
                0x0000926c       0x1c contiki-sky.a(er-coap-13.o)
                0x0000926c                coap_get_query_variable
 .text.coap_get_post_variable
                0x00009288       0x20 contiki-sky.a(er-coap-13.o)
                0x00009288                coap_get_post_variable
 .text.coap_set_status_code
                0x000092a8       0x12 contiki-sky.a(er-coap-13.o)
                0x000092a8                coap_set_status_code
 .text.coap_get_header_content_type
                0x000092ba       0x14 contiki-sky.a(er-coap-13.o)
                0x000092ba                coap_get_header_content_type
 .text.coap_set_header_content_type
                0x000092ce        0xe contiki-sky.a(er-coap-13.o)
                0x000092ce                coap_set_header_content_type
 .text.coap_get_header_accept
                0x000092dc       0x1c contiki-sky.a(er-coap-13.o)
                0x000092dc                coap_get_header_accept
 .text.coap_get_header_max_age
                0x000092f8       0x26 contiki-sky.a(er-coap-13.o)
                0x000092f8                coap_get_header_max_age
 .text.coap_set_header_max_age
                0x0000931e       0x12 contiki-sky.a(er-coap-13.o)
                0x0000931e                coap_set_header_max_age
 .text.coap_set_header_etag
                0x00009330       0x2a contiki-sky.a(er-coap-13.o)
                0x00009330                coap_set_header_etag
 .text.coap_get_header_if_match
                0x0000935a       0x1c contiki-sky.a(er-coap-13.o)
                0x0000935a                coap_get_header_if_match
 .text.coap_get_header_if_none_match
                0x00009376       0x10 contiki-sky.a(er-coap-13.o)
                0x00009376                coap_get_header_if_none_match
 .text.coap_set_header_token
                0x00009386       0x24 contiki-sky.a(er-coap-13.o)
                0x00009386                coap_set_header_token
 .text.coap_get_header_uri_host
                0x000093aa       0x18 contiki-sky.a(er-coap-13.o)
                0x000093aa                coap_get_header_uri_host
 .text.coap_get_header_uri_path
                0x000093c2       0x18 contiki-sky.a(er-coap-13.o)
                0x000093c2                coap_get_header_uri_path
 .text.coap_set_header_uri_path
                0x000093da       0x2a contiki-sky.a(er-coap-13.o)
                0x000093da                coap_set_header_uri_path
 .text.coap_get_header_uri_query
                0x00009404       0x16 contiki-sky.a(er-coap-13.o)
                0x00009404                coap_get_header_uri_query
 .text.coap_set_header_location_query
                0x0000941a       0x2c contiki-sky.a(er-coap-13.o)
                0x0000941a                coap_set_header_location_query
 .text.coap_set_header_location_path
                0x00009446       0x88 contiki-sky.a(er-coap-13.o)
                0x00009446                coap_set_header_location_path
 .text.coap_set_header_observe
                0x000094ce        0xe contiki-sky.a(er-coap-13.o)
                0x000094ce                coap_set_header_observe
 .text.coap_get_header_block2
                0x000094dc       0x4c contiki-sky.a(er-coap-13.o)
                0x000094dc                coap_get_header_block2
 .text.coap_set_header_block2
                0x00009528       0x40 contiki-sky.a(er-coap-13.o)
                0x00009528                coap_set_header_block2
 .text.coap_get_header_size
                0x00009568       0x1e contiki-sky.a(er-coap-13.o)
                0x00009568                coap_get_header_size
 .text.coap_set_header_size
                0x00009586       0x12 contiki-sky.a(er-coap-13.o)
                0x00009586                coap_set_header_size
 .text.coap_get_payload
                0x00009598       0x1a contiki-sky.a(er-coap-13.o)
                0x00009598                coap_get_payload
 .text.coap_set_payload
                0x000095b2       0x16 contiki-sky.a(er-coap-13.o)
                0x000095b2                coap_set_payload
 .text.coap_set_service_callback
                0x000095c8        0x6 contiki-sky.a(er-coap-13-engi)
                0x000095c8                coap_set_service_callback
 .text.coap_get_rest_method
                0x000095ce       0x1a contiki-sky.a(er-coap-13-engi)
                0x000095ce                coap_get_rest_method
 .text.process_thread_coap_receiver
                0x000095e8      0x3e6 contiki-sky.a(er-coap-13-engi)
 .text.well_known_core_handler
                0x000099ce      0x420 contiki-sky.a(er-coap-13-engi)
                0x000099ce                well_known_core_handler
 .text.coap_receiver_init
                0x00009dee        0xc contiki-sky.a(er-coap-13-engi)
                0x00009dee                coap_receiver_init
 .text.coap_register_as_transaction_handler
                0x00009dfa        0x8 contiki-sky.a(er-coap-13-tran)
                0x00009dfa                coap_register_as_transaction_handler
 .text.coap_new_transaction
                0x00009e02       0x4e contiki-sky.a(er-coap-13-tran)
                0x00009e02                coap_new_transaction
 .text.coap_clear_transaction
                0x00009e50       0x26 contiki-sky.a(er-coap-13-tran)
                0x00009e50                coap_clear_transaction
 .text.coap_send_transaction
                0x00009e76       0xc8 contiki-sky.a(er-coap-13-tran)
                0x00009e76                coap_send_transaction
 .text.coap_get_transaction_by_mid
                0x00009f3e       0x1e contiki-sky.a(er-coap-13-tran)
                0x00009f3e                coap_get_transaction_by_mid
 .text.coap_check_transactions
                0x00009f5c       0x2e contiki-sky.a(er-coap-13-tran)
                0x00009f5c                coap_check_transactions
 .text.coap_remove_observer
                0x00009f8a       0x1c contiki-sky.a(er-coap-13-obse)
                0x00009f8a                coap_remove_observer
 .text.coap_remove_observer_by_client
                0x00009fa6       0x4c contiki-sky.a(er-coap-13-obse)
                0x00009fa6                coap_remove_observer_by_client
 .text.coap_remove_observer_by_url
                0x00009ff2       0x7e contiki-sky.a(er-coap-13-obse)
                0x00009ff2                coap_remove_observer_by_url
 .text.coap_add_observer
                0x0000a070       0x80 contiki-sky.a(er-coap-13-obse)
                0x0000a070                coap_add_observer
 .text.coap_remove_observer_by_mid
                0x0000a0f0       0x58 contiki-sky.a(er-coap-13-obse)
                0x0000a0f0                coap_remove_observer_by_mid
 .text.coap_notify_observers
                0x0000a148       0xc4 contiki-sky.a(er-coap-13-obse)
                0x0000a148                coap_notify_observers
 .text.coap_observe_handler
                0x0000a20c       0x98 contiki-sky.a(er-coap-13-obse)
                0x0000a20c                coap_observe_handler
 .text.process_thread_rest_manager_process
                0x0000a2a4       0xc4 contiki-sky.a(erbium.o)
 .text.rest_invoke_restful_service
                0x0000a368      0x10e contiki-sky.a(erbium.o)
                0x0000a368                rest_invoke_restful_service
 .text.rest_init_engine
                0x0000a476       0x26 contiki-sky.a(erbium.o)
                0x0000a476                rest_init_engine
 .text.rest_activate_resource
                0x0000a49c       0x24 contiki-sky.a(erbium.o)
                0x0000a49c                rest_activate_resource
 .text.rest_activate_periodic_resource
                0x0000a4c0       0x24 contiki-sky.a(erbium.o)
                0x0000a4c0                rest_activate_periodic_resource
 .text.rest_get_resources
                0x0000a4e4        0x6 contiki-sky.a(erbium.o)
                0x0000a4e4                rest_get_resources
 .text.init_platform
                0x0000a4ea        0xc contiki-sky.a(contiki-sky-pla)
                0x0000a4ea                init_platform
 .text.status   0x0000a4f6       0x16 contiki-sky.a(button-sensor.o)
 .text.configure
                0x0000a50c       0x52 contiki-sky.a(button-sensor.o)
 .text.value    0x0000a55e       0x22 contiki-sky.a(button-sensor.o)
 .text.irq_p2   0x0000a580       0x8a contiki-sky.a(button-sensor.o)
                0x0000a580                irq_p2
                0x0000a580                __isr_1
 .text.owreadb  0x0000a60a       0x52 contiki-sky.a(ds2411.o)
 .text.ds2411_init
                0x0000a65c      0x122 contiki-sky.a(ds2411.o)
                0x0000a65c                ds2411_init
 .text.wait_ready
                0x0000a77e       0x50 contiki-sky.a(xmem.o)
 .text.xmem_init
                0x0000a7ce       0x3e contiki-sky.a(xmem.o)
                0x0000a7ce                xmem_init
 .text.xmem_pread
                0x0000a80c       0xea contiki-sky.a(xmem.o)
                0x0000a80c                xmem_pread
 .text.node_id_restore
                0x0000a8f6       0x38 contiki-sky.a(node-id.o)
                0x0000a8f6                node_id_restore
 .text.process_thread_sensors_process
                0x0000a92e       0xbe contiki-sky.a(sensors.o)
 .text.sensors_changed
                0x0000a9ec       0x2a contiki-sky.a(sensors.o)
                0x0000a9ec                sensors_changed
 .text.strobe   0x0000aa16       0x20 contiki-sky.a(cc2420.o)
 .text.status   0x0000aa36       0x26 contiki-sky.a(cc2420.o)
 .text.getreg   0x0000aa5c       0x54 contiki-sky.a(cc2420.o)
 .text.setreg   0x0000aab0       0x52 contiki-sky.a(cc2420.o)
 .text.set_txpower
                0x0000ab02       0x26 contiki-sky.a(cc2420.o)
 .text.cc2420_receiving_packet
                0x0000ab28        0xe contiki-sky.a(cc2420.o)
 .text.pending_packet
                0x0000ab36        0x8 contiki-sky.a(cc2420.o)
 .text.on       0x0000ab3e       0x40 contiki-sky.a(cc2420.o)
 .text.flushrx  0x0000ab7e       0x7a contiki-sky.a(cc2420.o)
 .text.off      0x0000abf8       0x72 contiki-sky.a(cc2420.o)
 .text.RELEASE_LOCK
                0x0000ac6a       0x28 contiki-sky.a(cc2420.o)
 .text.cc2420_prepare
                0x0000ac92       0x8a contiki-sky.a(cc2420.o)
 .text.getrxdata
                0x0000ad1c       0x56 contiki-sky.a(cc2420.o)
 .text.cc2420_on
                0x0000ad72       0x22 contiki-sky.a(cc2420.o)
                0x0000ad72                cc2420_on
 .text.cc2420_off
                0x0000ad94       0x30 contiki-sky.a(cc2420.o)
                0x0000ad94                cc2420_off
 .text.cc2420_cca
                0x0000adc4       0x74 contiki-sky.a(cc2420.o)
 .text.cc2420_read
                0x0000ae38       0xe6 contiki-sky.a(cc2420.o)
 .text.process_thread_cc2420_process
                0x0000af1e       0x50 contiki-sky.a(cc2420.o)
 .text.cc2420_set_channel
                0x0000af6e       0x78 contiki-sky.a(cc2420.o)
                0x0000af6e                cc2420_set_channel
 .text.cc2420_set_pan_addr
                0x0000afe6      0x14a contiki-sky.a(cc2420.o)
                0x0000afe6                cc2420_set_pan_addr
 .text.cc2420_init
                0x0000b130       0xd0 contiki-sky.a(cc2420.o)
                0x0000b130                cc2420_init
 .text.cc2420_interrupt
                0x0000b200       0x20 contiki-sky.a(cc2420.o)
                0x0000b200                cc2420_interrupt
 .text.cc2420_get_txpower
                0x0000b220       0x1e contiki-sky.a(cc2420.o)
                0x0000b220                cc2420_get_txpower
 .text.cc2420_transmit
                0x0000b23e      0x1a0 contiki-sky.a(cc2420.o)
 .text.cc2420_send
                0x0000b3de       0x12 contiki-sky.a(cc2420.o)
 .text.cc2420_port1_interrupt
                0x0000b3f0       0x62 contiki-sky.a(cc2420-arch.o)
                0x0000b3f0                __isr_4
                0x0000b3f0                cc2420_port1_interrupt
 .text.cc2420_arch_init
                0x0000b452       0x1a contiki-sky.a(cc2420-arch.o)
                0x0000b452                cc2420_arch_init
 .text.uart1_active
                0x0000b46c       0x1a contiki-sky.a(uart1.o)
                0x0000b46c                uart1_active
 .text.uart1_writeb
                0x0000b486       0x1a contiki-sky.a(uart1.o)
                0x0000b486                uart1_writeb
 .text.uart1_init
                0x0000b4a0       0xf6 contiki-sky.a(uart1.o)
                0x0000b4a0                uart1_init
 .text.putchar  0x0000b596       0x10 contiki-sky.a(uart1-putchar.o)
                0x0000b596                putchar
 .text.msp430_init_dco
                0x0000b5a6       0x84 contiki-sky.a(msp430.o)
                0x0000b5a6                msp430_init_dco
 .text.msp430_add_lpm_req
                0x0000b62a        0xc contiki-sky.a(msp430.o)
                0x0000b62a                msp430_add_lpm_req
 .text.msp430_cpu_init
                0x0000b636       0x2a contiki-sky.a(msp430.o)
                0x0000b636                msp430_cpu_init
 .text.splhigh_
                0x0000b660        0x8 contiki-sky.a(msp430.o)
                0x0000b660                splhigh_
 .text.msp430_sync_dco
                0x0000b668       0x68 contiki-sky.a(msp430.o)
                0x0000b668                msp430_sync_dco
 .text.timera1  0x0000b6d0       0xfe contiki-sky.a(clock.o)
                0x0000b6d0                __isr_5
                0x0000b6d0                timera1
 .text.clock_time
                0x0000b7ce       0x1a contiki-sky.a(clock.o)
                0x0000b7ce                clock_time
 .text.clock_init
                0x0000b7e8       0x28 contiki-sky.a(clock.o)
                0x0000b7e8                clock_init
 .text.clock_delay
                0x0000b810        0xc contiki-sky.a(clock.o)
                0x0000b810                clock_delay
 .text.clock_seconds
                0x0000b81c       0x1a contiki-sky.a(clock.o)
                0x0000b81c                clock_seconds
 .text.show_leds
                0x0000b836      0x100 contiki-sky.a(leds.o)
 .text.leds_init
                0x0000b936        0xe contiki-sky.a(leds.o)
                0x0000b936                leds_init
 .text.leds_on  0x0000b944       0x14 contiki-sky.a(leds.o)
                0x0000b944                leds_on
 .text.leds_off
                0x0000b958       0x14 contiki-sky.a(leds.o)
                0x0000b958                leds_off
 .text.leds_invert
                0x0000b96c        0xa contiki-sky.a(leds.o)
                0x0000b96c                leds_invert
 .text.leds_toggle
                0x0000b976        0x6 contiki-sky.a(leds.o)
                0x0000b976                leds_toggle
 .text.leds_arch_init
                0x0000b97c        0xe contiki-sky.a(leds-arch.o)
                0x0000b97c                leds_arch_init
 .text.leds_arch_set
                0x0000b98a       0x3a contiki-sky.a(leds-arch.o)
                0x0000b98a                leds_arch_set
 .text.watchdog_interrupt
                0x0000b9c4        0x6 contiki-sky.a(watchdog.o)
                0x0000b9c4                __isr_10
                0x0000b9c4                watchdog_interrupt
 .text.watchdog_start
                0x0000b9ca       0x14 contiki-sky.a(watchdog.o)
                0x0000b9ca                watchdog_start
 .text.watchdog_periodic
                0x0000b9de       0x12 contiki-sky.a(watchdog.o)
                0x0000b9de                watchdog_periodic
 .text.watchdog_stop
                0x0000b9f0       0x16 contiki-sky.a(watchdog.o)
                0x0000b9f0                watchdog_stop
 .text.watchdog_init
                0x0000ba06       0x14 contiki-sky.a(watchdog.o)
                0x0000ba06                watchdog_init
 .text.rtimer_arch_init
                0x0000ba1a        0xe contiki-sky.a(rtimer-arch.o)
                0x0000ba1a                rtimer_arch_init
 .text.rtimer_arch_now
                0x0000ba28        0xe contiki-sky.a(rtimer-arch.o)
                0x0000ba28                rtimer_arch_now
 .text.timera0  0x0000ba36       0x70 contiki-sky.a(rtimer-arch.o)
                0x0000ba36                __isr_6
                0x0000ba36                timera0
 .text.rtimer_arch_schedule
                0x0000baa6        0x6 contiki-sky.a(rtimer-arch.o)
                0x0000baa6                rtimer_arch_schedule
 .text.field_len
                0x0000baac       0x98 contiki-sky.a(frame802154.o)
 .text.frame802154_hdrlen
                0x0000bb44       0x2e contiki-sky.a(frame802154.o)
                0x0000bb44                frame802154_hdrlen
 .text.frame802154_create
                0x0000bb72      0x172 contiki-sky.a(frame802154.o)
                0x0000bb72                frame802154_create
 .text.frame802154_parse
                0x0000bce4      0x1e8 contiki-sky.a(frame802154.o)
                0x0000bce4                frame802154_parse
 .text.rpl_purge_routes
                0x0000becc       0x96 contiki-sky.a(rpl.o)
                0x0000becc                rpl_purge_routes
 .text.rpl_remove_routes
                0x0000bf62       0x22 contiki-sky.a(rpl.o)
                0x0000bf62                rpl_remove_routes
 .text.rpl_remove_routes_by_nexthop
                0x0000bf84       0x46 contiki-sky.a(rpl.o)
                0x0000bf84                rpl_remove_routes_by_nexthop
 .text.rpl_add_route
                0x0000bfca       0x44 contiki-sky.a(rpl.o)
                0x0000bfca                rpl_add_route
 .text.rpl_link_neighbor_callback
                0x0000c00e       0x6a contiki-sky.a(rpl.o)
                0x0000c00e                rpl_link_neighbor_callback
 .text.rpl_ipv6_neighbor_callback
                0x0000c078       0x1e contiki-sky.a(rpl.o)
                0x0000c078                rpl_ipv6_neighbor_callback
 .text.rpl_init
                0x0000c096       0x40 contiki-sky.a(rpl.o)
                0x0000c096                rpl_init
 .text.lollipop_greater_than
                0x0000c0d6       0x44 contiki-sky.a(rpl-dag.o)
 .text.acceptable_rank
                0x0000c11a       0x50 contiki-sky.a(rpl-dag.o)
 .text.find_parent_any_dag_any_instance
                0x0000c16a       0x14 contiki-sky.a(rpl-dag.o)
 .text.rpl_set_preferred_parent
                0x0000c17e       0x30 contiki-sky.a(rpl-dag.o)
 .text.set_ip_from_prefix
                0x0000c1ae       0x38 contiki-sky.a(rpl-dag.o)
 .text.check_prefix
                0x0000c1e6       0x80 contiki-sky.a(rpl-dag.o)
 .text.rpl_dag_init
                0x0000c266        0xe contiki-sky.a(rpl-dag.o)
                0x0000c266                rpl_dag_init
 .text.rpl_get_parent_ipaddr
                0x0000c274       0x10 contiki-sky.a(rpl-dag.o)
                0x0000c274                rpl_get_parent_ipaddr
 .text.rpl_set_prefix
                0x0000c284       0x8e contiki-sky.a(rpl-dag.o)
                0x0000c284                rpl_set_prefix
 .text.rpl_set_default_route
                0x0000c312       0x5a contiki-sky.a(rpl-dag.o)
                0x0000c312                rpl_set_default_route
 .text.rpl_alloc_instance
                0x0000c36c       0x2c contiki-sky.a(rpl-dag.o)
                0x0000c36c                rpl_alloc_instance
 .text.rpl_add_parent
                0x0000c398       0x3c contiki-sky.a(rpl-dag.o)
                0x0000c398                rpl_add_parent
 .text.rpl_find_parent
                0x0000c3d4       0x1a contiki-sky.a(rpl-dag.o)
                0x0000c3d4                rpl_find_parent
 .text.rpl_find_parent_any_dag
                0x0000c3ee       0x22 contiki-sky.a(rpl-dag.o)
                0x0000c3ee                rpl_find_parent_any_dag
 .text.rpl_select_parent
                0x0000c410       0x5c contiki-sky.a(rpl-dag.o)
                0x0000c410                rpl_select_parent
 .text.rpl_select_dag
                0x0000c46c      0x182 contiki-sky.a(rpl-dag.o)
                0x0000c46c                rpl_select_dag
 .text.rpl_nullify_parent
                0x0000c5ee       0x4e contiki-sky.a(rpl-dag.o)
                0x0000c5ee                rpl_nullify_parent
 .text.rpl_remove_parent
                0x0000c63c       0x16 contiki-sky.a(rpl-dag.o)
                0x0000c63c                rpl_remove_parent
 .text.remove_parents.constprop.2
                0x0000c652       0x32 contiki-sky.a(rpl-dag.o)
 .text.rpl_free_dag
                0x0000c684       0x36 contiki-sky.a(rpl-dag.o)
                0x0000c684                rpl_free_dag
 .text.rpl_free_instance
                0x0000c6ba       0x5c contiki-sky.a(rpl-dag.o)
                0x0000c6ba                rpl_free_instance
 .text.rpl_move_parent
                0x0000c716       0x6e contiki-sky.a(rpl-dag.o)
                0x0000c716                rpl_move_parent
 .text.rpl_get_any_dag
                0x0000c784       0x18 contiki-sky.a(rpl-dag.o)
                0x0000c784                rpl_get_any_dag
 .text.rpl_get_instance
                0x0000c79c       0x1a contiki-sky.a(rpl-dag.o)
                0x0000c79c                rpl_get_instance
 .text.get_dag  0x0000c7b6       0x56 contiki-sky.a(rpl-dag.o)
 .text.rpl_alloc_dag
                0x0000c80c       0x66 contiki-sky.a(rpl-dag.o)
                0x0000c80c                rpl_alloc_dag
 .text.rpl_repair_root
                0x0000c872       0x50 contiki-sky.a(rpl-dag.o)
                0x0000c872                rpl_repair_root
 .text.rpl_find_of
                0x0000c8c2       0x10 contiki-sky.a(rpl-dag.o)
                0x0000c8c2                rpl_find_of
 .text.rpl_join_instance
                0x0000c8d2      0x13c contiki-sky.a(rpl-dag.o)
                0x0000c8d2                rpl_join_instance
 .text.rpl_local_repair
                0x0000ca0e       0x7c contiki-sky.a(rpl-dag.o)
                0x0000ca0e                rpl_local_repair
 .text.rpl_process_parent_event
                0x0000ca8a       0x4e contiki-sky.a(rpl-dag.o)
                0x0000ca8a                rpl_process_parent_event
 .text.rpl_recalculate_ranks
                0x0000cad8       0x42 contiki-sky.a(rpl-dag.o)
                0x0000cad8                rpl_recalculate_ranks
 .text.rpl_add_dag
                0x0000cb1a      0x112 contiki-sky.a(rpl-dag.o)
                0x0000cb1a                rpl_add_dag
 .text.rpl_process_dio
                0x0000cc2c      0x26c contiki-sky.a(rpl-dag.o)
                0x0000cc2c                rpl_process_dio
 .text.get32    0x0000ce98       0x46 contiki-sky.a(rpl-icmp6.o)
 .text.set32    0x0000cede       0x2a contiki-sky.a(rpl-icmp6.o)
 .text.get16    0x0000cf08        0xe contiki-sky.a(rpl-icmp6.o)
 .text.set16    0x0000cf16       0x10 contiki-sky.a(rpl-icmp6.o)
 .text.dis_output
                0x0000cf26       0x50 contiki-sky.a(rpl-icmp6.o)
                0x0000cf26                dis_output
 .text.dio_output
                0x0000cf76      0x264 contiki-sky.a(rpl-icmp6.o)
                0x0000cf76                dio_output
 .text.dao_output_target
                0x0000d1da       0xe2 contiki-sky.a(rpl-icmp6.o)
                0x0000d1da                dao_output_target
 .text.dao_output
                0x0000d2bc       0x80 contiki-sky.a(rpl-icmp6.o)
                0x0000d2bc                dao_output
 .text.dao_ack_output
                0x0000d33c       0x32 contiki-sky.a(rpl-icmp6.o)
                0x0000d33c                dao_ack_output
 .text.uip_rpl_input
                0x0000d36e      0x538 contiki-sky.a(rpl-icmp6.o)
                0x0000d36e                uip_rpl_input
 .text.new_dio_interval
                0x0000d8a6       0x92 contiki-sky.a(rpl-timers.o)
 .text.handle_periodic_timer
                0x0000d938       0x2e contiki-sky.a(rpl-timers.o)
 .text.handle_dao_timer
                0x0000d966       0x50 contiki-sky.a(rpl-timers.o)
 .text.handle_dio_timer
                0x0000d9b6       0x82 contiki-sky.a(rpl-timers.o)
 .text.rpl_reset_periodic_timer
                0x0000da38       0x60 contiki-sky.a(rpl-timers.o)
                0x0000da38                rpl_reset_periodic_timer
 .text.rpl_reset_dio_timer
                0x0000da98       0x18 contiki-sky.a(rpl-timers.o)
                0x0000da98                rpl_reset_dio_timer
 .text.rpl_schedule_dao
                0x0000dab0       0x50 contiki-sky.a(rpl-timers.o)
                0x0000dab0                rpl_schedule_dao
 .text.reset    0x0000db00        0x2 contiki-sky.a(rpl-mrhof.o)
 .text.neighbor_link_callback
                0x0000db02       0x8a contiki-sky.a(rpl-mrhof.o)
 .text.calculate_rank
                0x0000db8c       0x30 contiki-sky.a(rpl-mrhof.o)
 .text.best_parent
                0x0000dbbc       0x52 contiki-sky.a(rpl-mrhof.o)
 .text.update_metric_container
                0x0000dc0e        0x6 contiki-sky.a(rpl-mrhof.o)
 .text.best_dag
                0x0000dc14       0x34 contiki-sky.a(rpl-mrhof.o)
 .text.rpl_verify_header
                0x0000dc48       0xbc contiki-sky.a(rpl-ext-header.)
                0x0000dc48                rpl_verify_header
 .text.rpl_update_header_empty
                0x0000dd04       0xf0 contiki-sky.a(rpl-ext-header.)
                0x0000dd04                rpl_update_header_empty
 .text.rpl_update_header_final
                0x0000ddf4       0x86 contiki-sky.a(rpl-ext-header.)
                0x0000ddf4                rpl_update_header_final
 .text.rpl_invert_header
                0x0000de7a       0x4c contiki-sky.a(rpl-ext-header.)
                0x0000de7a                rpl_invert_header
 .text.rpl_insert_header
                0x0000dec6       0x1c contiki-sky.a(rpl-ext-header.)
                0x0000dec6                rpl_insert_header
 .text.stimer_set
                0x0000dee2       0x1c contiki-sky.a(stimer.o)
                0x0000dee2                stimer_set
 .text.stimer_restart
                0x0000defe       0x14 contiki-sky.a(stimer.o)
                0x0000defe                stimer_restart
 .text.stimer_expired
                0x0000df12       0x30 contiki-sky.a(stimer.o)
                0x0000df12                stimer_expired
 .text.index_from_key
                0x0000df42       0x48 contiki-sky.a(nbr-table.o)
 .text.item_from_key
                0x0000df8a       0x34 contiki-sky.a(nbr-table.o)
 .text.nbr_set_bit
                0x0000dfbe       0x8e contiki-sky.a(nbr-table.o)
 .text.index_from_lladdr
                0x0000e04c       0x42 contiki-sky.a(nbr-table.o)
 .text.nbr_get_bit.constprop.0
                0x0000e08e       0x62 contiki-sky.a(nbr-table.o)
 .text.nbr_table_register
                0x0000e0f0       0x28 contiki-sky.a(nbr-table.o)
                0x0000e0f0                nbr_table_register
 .text.nbr_table_next
                0x0000e118       0x90 contiki-sky.a(nbr-table.o)
                0x0000e118                nbr_table_next
 .text.nbr_table_head
                0x0000e1a8       0x36 contiki-sky.a(nbr-table.o)
                0x0000e1a8                nbr_table_head
 .text.nbr_table_add_lladdr
                0x0000e1de      0x144 contiki-sky.a(nbr-table.o)
                0x0000e1de                nbr_table_add_lladdr
 .text.nbr_table_get_from_lladdr
                0x0000e322       0x48 contiki-sky.a(nbr-table.o)
                0x0000e322                nbr_table_get_from_lladdr
 .text.nbr_table_remove
                0x0000e36a       0x32 contiki-sky.a(nbr-table.o)
                0x0000e36a                nbr_table_remove
 .text.nbr_table_lock
                0x0000e39c       0x10 contiki-sky.a(nbr-table.o)
                0x0000e39c                nbr_table_lock
 .text.nbr_table_unlock
                0x0000e3ac       0x10 contiki-sky.a(nbr-table.o)
                0x0000e3ac                nbr_table_unlock
 .text.nbr_table_get_lladdr
                0x0000e3bc       0x5a contiki-sky.a(nbr-table.o)
                0x0000e3bc                nbr_table_get_lladdr
 .text.uip_icmp6_echo_request_input
                0x0000e416      0x12c contiki-sky.a(uip-icmp6.o)
                0x0000e416                uip_icmp6_echo_request_input
 .text.uip_icmp6_error_output
                0x0000e542      0x17a contiki-sky.a(uip-icmp6.o)
                0x0000e542                uip_icmp6_error_output
 .text.uip_icmp6_send
                0x0000e6bc       0x96 contiki-sky.a(uip-icmp6.o)
                0x0000e6bc                uip_icmp6_send
 .text.uip_udp_packet_send
                0x0000e752       0x2e contiki-sky.a(uip-udp-packet.)
                0x0000e752                uip_udp_packet_send
 .text.spi_init
                0x0000e780       0x32 contiki-sky.a(spi.o)
                0x0000e780                spi_init
 .text.libgcc   0x0000e7b2       0x2c /usr/lib/gcc/msp430/4.6.3/mmpy-16/libgcc.a(_mulsi3.o)
                0x0000e7b2                __mulsi3
 .text.libgcc   0x0000e7de       0x22 /usr/lib/gcc/msp430/4.6.3/mmpy-16/libgcc.a(_udivmod16.o)
                0x0000e7de                __udivhi3
                0x0000e7de                __ext_udivmod16
                0x0000e7f8                __umodhi3
 .text.libgcc   0x0000e800       0x3a /usr/lib/gcc/msp430/4.6.3/mmpy-16/libgcc.a(_divmod16.o)
                0x0000e800                __ext_divmod16
                0x0000e800                __divhi3
                0x0000e832                __modhi3
 .text.libgcc   0x0000e83a       0x40 /usr/lib/gcc/msp430/4.6.3/mmpy-16/libgcc.a(_udivmod32.o)
                0x0000e83a                __udivsi3
                0x0000e83a                __ext_udivmod32
                0x0000e870                __umodsi3
 .text          0x0000e87a       0x12 /usr/lib/gcc/msp430/4.6.3/../../../../msp430/lib/mmpy-16/libc.a(strchr.o)
                0x0000e87a                strchr
 .text          0x0000e88c       0x1c /usr/lib/gcc/msp430/4.6.3/../../../../msp430/lib/mmpy-16/libc.a(memchr.o)
                0x0000e88c                memchr
 .text          0x0000e8a8       0x1e /usr/lib/gcc/msp430/4.6.3/../../../../msp430/lib/mmpy-16/libc.a(strcmp.o)
                0x0000e8a8                strcmp
 .text          0x0000e8c6       0x28 /usr/lib/gcc/msp430/4.6.3/../../../../msp430/lib/mmpy-16/libc.a(strncmp.o)
                0x0000e8c6                strncmp
 .text          0x0000e8ee       0x20 /usr/lib/gcc/msp430/4.6.3/../../../../msp430/lib/mmpy-16/libc.a(memcmp.o)
                0x0000e8ee                memcmp
 .text          0x0000e90e       0xfa /usr/lib/gcc/msp430/4.6.3/../../../../msp430/lib/mmpy-16/libc.a(memcpy.o)
                0x0000e90e                memcpy
 .text          0x0000ea08       0xfa /usr/lib/gcc/msp430/4.6.3/../../../../msp430/lib/mmpy-16/libc.a(memmove.o)
                0x0000ea08                memmove
 .text          0x0000eb02       0x6a /usr/lib/gcc/msp430/4.6.3/../../../../msp430/lib/mmpy-16/libc.a(memset.o)
                0x0000eb02                memset
 .text          0x0000eb6c       0x56 /usr/lib/gcc/msp430/4.6.3/../../../../msp430/lib/mmpy-16/libc.a(strstr.o)
                0x0000eb6c                strstr
 .text          0x0000ebc2       0x1e /usr/lib/gcc/msp430/4.6.3/../../../../msp430/lib/mmpy-16/libc.a(printf.o)
                0x0000ebc2                printf
                0x0000ebd2                vprintf
 .text          0x0000ebe0       0xbc /usr/lib/gcc/msp430/4.6.3/../../../../msp430/lib/mmpy-16/libc.a(sprintf.o)
                0x0000ec3e                sprintf
                0x0000ec5a                snprintf
                0x0000ec74                vsprintf
                0x0000ec8a                vsnprintf
 .text          0x0000ec9c      0x836 /usr/lib/gcc/msp430/4.6.3/../../../../msp430/lib/mmpy-16/libc.a(vuprintf.o)
                0x0000ee34                vuprintf
 .text          0x0000f4d2       0x2c /usr/lib/gcc/msp430/4.6.3/../../../../msp430/lib/mmpy-16/libc.a(puts.o)
                0x0000f4d2                puts
 .text          0x0000f4fe       0x54 /usr/lib/gcc/msp430/4.6.3/../../../../msp430/lib/mmpy-16/libc.a(rand.o)
                0x0000f4fe                rand_r
                0x0000f522                rand
                0x0000f548                srand
 .text.libgcc   0x0000f552       0xf0 /usr/lib/gcc/msp430/4.6.3/mmpy-16/libgcc.a(_udivmod64.o)
                0x0000f552                __xabi_udivmod64
                0x0000f5b0                __udivdi3
                0x0000f5d6                __umoddi3
                0x0000f604                __udivmoddi4
 .text.crt0     0x0000f642        0x2 /usr/lib/gcc/msp430/4.6.3/mmpy-16/libcrt0.a(_unexpected_.o)
                0x0000f642                _unexpected_
                0x0000f644                . = ALIGN (0x2)

.rodata         0x0000f644      0x58a
                0x0000f644                . = ALIGN (0x2)
 *(.rodata .rodata.* .gnu.linkonce.r.*)
 .rodata        0x0000f644      0x1b4 sensormote.co
                0x0000f648                autostart_processes
 .rodata        0x0000f7f8      0x10b obj_sky/contiki-sky-main.o
 *fill*         0x0000f903        0x1 00
 .rodata        0x0000f904        0x8 contiki-sky.a(rimeaddr.o)
                0x0000f904                rimeaddr_null
 .rodata        0x0000f90c       0x18 contiki-sky.a(nullrdc.o)
                0x0000f914                nullrdc_driver
 .rodata        0x0000f924        0x4 contiki-sky.a(framer-802154.o)
                0x0000f924                framer_802154
 .rodata        0x0000f928       0x14 contiki-sky.a(csma.o)
                0x0000f92e                csma_driver
 .rodata        0x0000f93c        0xc contiki-sky.a(etimer.o)
 .rodata        0x0000f948        0xf contiki-sky.a(ctimer.o)
 *fill*         0x0000f957        0x1 00
 .rodata        0x0000f958       0x24 contiki-sky.a(sicslowpan.o)
                0x0000f964                sicslowpan_driver
                0x0000f96a                llprefix
                0x0000f96c                unc_mxconf
                0x0000f970                unc_ctxconf
                0x0000f974                unc_llconf
 .rodata        0x0000f97c        0xd contiki-sky.a(tcpip.o)
 *fill*         0x0000f989        0x1 00
 .rodata        0x0000f98a       0xd2 contiki-sky.a(er-coap-13.o)
 .rodata        0x0000fa5c      0x104 contiki-sky.a(er-coap-13-engi)
                0x0000faae                coap_rest_implementation
 .rodata        0x0000fb60       0x1d contiki-sky.a(er-coap-13-obse)
 .rodata        0x0000fb7d        0xd contiki-sky.a(erbium.o)
 .rodata        0x0000fb8a       0x10 contiki-sky.a(button-sensor.o)
                0x0000fb92                button_sensor
 .rodata        0x0000fb9a        0x8 contiki-sky.a(sensors.o)
 .rodata        0x0000fba2       0x22 contiki-sky.a(cc2420.o)
                0x0000fba2                cc2420_driver
 .rodata        0x0000fbc4        0x2 contiki-sky.a(frame802154.o)
 .rodata        0x0000fbc6        0x7 /usr/lib/gcc/msp430/4.6.3/../../../../msp430/lib/mmpy-16/libc.a(vuprintf.o)
                0x0000fbce                . = ALIGN (0x2)
 *fill*         0x0000fbcd        0x1 00
                0x0000fbce                _etext = .

.data           0x00001100      0x186 load address 0x0000fbce
                0x00001100                . = ALIGN (0x2)
                0x00001100                PROVIDE (__data_start, .)
 *(.data .data.* .gnu.linkonce.d.*)
 .data          0x00001100       0xa0 sensormote.co
                0x00001100                sensormote
                0x0000110a                resource_toggleVentilation
                0x0000111c                resource_toggleHeating
                0x0000112e                resource_toggleAirCond
                0x00001140                periodic_resource_temperature
                0x00001156                resource_temperature
                0x00001168                resource_Ventilation
                0x0000117a                resource_Heating
                0x0000118c                resource_AirCond
                0x0000119e                temp
 .data          0x000011a0       0x18 contiki-sky.a(csma.o)
 .data          0x000011b8        0xa contiki-sky.a(etimer.o)
                0x000011b8                etimer_process
 .data          0x000011c2        0xa contiki-sky.a(ctimer.o)
                0x000011c2                ctimer_process
 .data          0x000011cc       0x18 contiki-sky.a(queuebuf.o)
 .data          0x000011e4        0xa contiki-sky.a(tcpip.o)
                0x000011e4                tcpip_process
 .data          0x000011ee       0x18 contiki-sky.a(uip-ds6-route.o)
 .data          0x00001206        0xa contiki-sky.a(uip-ds6-nbr.o)
                0x00001206                ds6_neighbors
 .data          0x00001210        0x2 contiki-sky.a(er-coap-13.o)
                0x00001210                coap_error_message
 .data          0x00001212       0x1c contiki-sky.a(er-coap-13-engi)
                0x00001212                resource_well_known_core
                0x00001224                coap_receiver
 .data          0x0000122e        0x8 contiki-sky.a(er-coap-13-tran)
 .data          0x00001236        0x8 contiki-sky.a(er-coap-13-obse)
 .data          0x0000123e        0xa contiki-sky.a(erbium.o)
                0x0000123e                rest_manager_process
 .data          0x00001248        0x4 contiki-sky.a(contiki-sky-pla)
                0x00001248                sensors
 .data          0x0000124c        0xa contiki-sky.a(sensors.o)
                0x0000124c                sensors_process
 .data          0x00001256        0xa contiki-sky.a(cc2420.o)
                0x00001256                cc2420_process
 .data          0x00001260        0x2 contiki-sky.a(msp430.o)
 .data          0x00001262        0x8 contiki-sky.a(rpl-dag.o)
 .data          0x0000126a        0x1 contiki-sky.a(rpl-icmp6.o)
 *fill*         0x0000126b        0x1 00
 .data          0x0000126c        0xe contiki-sky.a(rpl-mrhof.o)
                0x0000126c                rpl_mrhof
 .data          0x0000127a        0x8 contiki-sky.a(nbr-table.o)
 .data          0x00001282        0x4 /usr/lib/gcc/msp430/4.6.3/../../../../msp430/lib/mmpy-16/libc.a(rand.o)
                0x00001286                . = ALIGN (0x2)
                0x00001286                _edata = .
                0x0000fbce                PROVIDE (__data_load_start, LOADADDR (.data))
                0x00000186                PROVIDE (__data_size, SIZEOF (.data))

.bss            0x00001286     0x1548 load address 0x0000fd54
                0x00001286                PROVIDE (__bss_start, .)
 *(.bss .bss.*)
 .bss           0x00001286        0xc sensormote.co
                0x00001286                seconds
                0x00001288                green
                0x0000128a                red
                0x0000128c                blue
 .bss           0x00001292        0xc obj_sky/contiki-sky-main.o
 .bss           0x0000129e        0x2 contiki-sky.a(framer-802154.o)
 .bss           0x000012a0       0x8a contiki-sky.a(csma.o)
 .bss           0x0000132a       0x42 contiki-sky.a(process.o)
                0x0000132a                process_current
                0x0000132c                process_list
 .bss           0x0000136c        0x6 contiki-sky.a(etimer.o)
 .bss           0x00001372        0x4 contiki-sky.a(ctimer.o)
 .bss           0x00001376        0x2 contiki-sky.a(rtimer.o)
 .bss           0x00001378       0xba contiki-sky.a(packetbuf.o)
 .bss           0x00001432      0x3c6 contiki-sky.a(queuebuf.o)
 .bss           0x000017f8      0x122 contiki-sky.a(sicslowpan.o)
 .bss           0x0000191a        0xe contiki-sky.a(tcpip.o)
 .bss           0x00001928      0x19e contiki-sky.a(uip-ds6-route.o)
 .bss           0x00001ac6      0x168 contiki-sky.a(uip-ds6-nbr.o)
 .bss           0x00001c2e       0x18 contiki-sky.a(uip-ds6.o)
 .bss           0x00001c46        0xa contiki-sky.a(uip-nd6.o)
 .bss           0x00001c50        0xa contiki-sky.a(uip6.o)
                0x00001c50                uip_ext_opt_offset
                0x00001c52                uip_ext_len
                0x00001c54                uip_ext_bitmap
 .bss           0x00001c5a        0x6 contiki-sky.a(er-coap-13.o)
                0x00001c5a                coap_error_code
 .bss           0x00001c60       0xf8 contiki-sky.a(er-coap-13-engi)
 .bss           0x00001d58      0x2c0 contiki-sky.a(er-coap-13-tran)
 .bss           0x00002018       0x94 contiki-sky.a(er-coap-13-obse)
 .bss           0x000020ac        0x4 contiki-sky.a(erbium.o)
 .bss           0x000020b0        0x8 contiki-sky.a(button-sensor.o)
 .bss           0x000020b8        0x2 contiki-sky.a(node-id.o)
                0x000020b8                node_id
 .bss           0x000020ba        0x6 contiki-sky.a(sensors.o)
 .bss           0x000020c0        0xa contiki-sky.a(cc2420.o)
 .bss           0x000020ca       0x9a contiki-sky.a(uart1.o)
 .bss           0x00002164        0xa contiki-sky.a(clock.o)
 .bss           0x0000216e        0x2 contiki-sky.a(leds.o)
 .bss           0x00002170        0x2 contiki-sky.a(watchdog.o)
 .bss           0x00002172       0x64 contiki-sky.a(rpl-dag.o)
 .bss           0x000021d6       0x18 contiki-sky.a(rpl-timers.o)
 .bss           0x000021ee       0x96 contiki-sky.a(nbr-table.o)
 .bss           0x00002284       0x10 contiki-sky.a(uip-icmp6.o)
 .bss           0x00002294        0x4 /usr/lib/gcc/msp430/4.6.3/../../../../msp430/lib/mmpy-16/libc.a(sprintf.o)
 *(COMMON)
 COMMON         0x00002298        0x8 contiki-sky.a(rimeaddr.o)
                0x00002298                rimeaddr_node_addr
 COMMON         0x000022a0        0x1 contiki-sky.a(process.o)
                0x000022a0                process_maxevents
 *fill*         0x000022a1        0x1 00
 COMMON         0x000022a2       0x56 contiki-sky.a(energest.o)
                0x000022a2                energest_total_time
                0x000022d2                energest_total_count
                0x000022d4                energest_current_mode
                0x000022e0                energest_current_time
 COMMON         0x000022f8       0x50 contiki-sky.a(packetbuf.o)
                0x000022f8                packetbuf_addrs
                0x00002318                packetbuf_attrs
 COMMON         0x00002348        0x8 contiki-sky.a(sicslowpan.o)
                0x00002348                frag_sender
 COMMON         0x00002350        0x1 contiki-sky.a(tcpip.o)
                0x00002350                tcpip_event
 *fill*         0x00002351        0x1 00
 COMMON         0x00002352      0x15c contiki-sky.a(uip-ds6.o)
                0x00002352                uip_ds6_timer_ra
                0x0000235a                uip_ds6_if
                0x00002446                uip_ds6_netif_addr_list_offset
                0x00002447                uip_ds6_addr_size
                0x00002448                uip_ds6_prefix_list
                0x000024a2                uip_ds6_timer_periodic
 COMMON         0x000024ae      0x240 contiki-sky.a(uip6.o)
                0x000024ae                uip_len
                0x000024b0                uip_sappdata
                0x000024b2                uip_lladdr
                0x000024ba                uip_aligned_buf
                0x000025aa                uip_flags
                0x000025ac                uip_next_hdr
                0x000025ae                uip_udp_conn
                0x000025b0                uip_appdata
                0x000025b2                uip_conn
                0x000025b4                uip_slen
                0x000025b6                uip_udp_conns
 COMMON         0x000026ee        0x2 contiki-sky.a(contiki-sky-pla)
                0x000026ee                sensors_flags
 COMMON         0x000026f0        0x8 contiki-sky.a(ds2411.o)
                0x000026f0                ds2411_id
 COMMON         0x000026f8        0x1 contiki-sky.a(sensors.o)
                0x000026f8                sensors_event
 *fill*         0x000026f9        0x1 00
 COMMON         0x000026fa       0x14 contiki-sky.a(cc2420.o)
                0x000026fa                cc2420_last_rssi
                0x000026fc                cc2420_packets_read
                0x000026fe                cc2420_packets_seen
                0x00002700                cc2420_sfd_start_time
                0x00002702                cc2420_time_of_departure
                0x00002704                cc2420_time_of_arrival
                0x00002706                cc2420_last_correlation
                0x00002708                cc2420_authority_level_of_sender
                0x0000270a                cc2420_sfd_counter
                0x0000270c                cc2420_sfd_end_time
 COMMON         0x0000270e        0x2 contiki-sky.a(msp430.o)
                0x0000270e                msp430_dco_required
 COMMON         0x00002710       0xbe contiki-sky.a(rpl-dag.o)
                0x00002710                default_instance
                0x00002712                instance_table
                0x000027ce                . = ALIGN (0x2)
                0x000027ce                PROVIDE (__bss_end, .)
                0x00001548                PROVIDE (__bss_size, SIZEOF (.bss))

.noinit         0x000027ce        0x2 load address 0x0000fd54
                0x000027ce                PROVIDE (__noinit_start, .)
 *(.noinit .noinit.*)
 .noinit.crt0   0x000027ce        0x2 /usr/lib/gcc/msp430/4.6.3/mmpy-16/libcrt0.a(__watchdog_support.o)
                0x000027ce                __wdt_clear_value
                0x000027d0                . = ALIGN (0x2)
                0x000027d0                PROVIDE (__noinit_end, .)
                0x000027d0                . = ALIGN (0x2)
                0x000027d0                _end = .

.infomem        0x00001000        0x0
 *(.infomem)
                0x00001000                . = ALIGN (0x2)
 *(.infomem.*)

.infomemnobits  0x00001000        0x0
 *(.infomemnobits)
                0x00001000                . = ALIGN (0x2)
 *(.infomemnobits.*)

.infoa
 *(.infoa .infoa.*)

.infob
 *(.infob .infob.*)

.infoc
 *(.infoc .infoc.*)

.infod
 *(.infod .infod.*)

.vectors        0x0000ffe0       0x20
                0x0000ffe0                PROVIDE (__vectors_start, .)
 *(.vectors*)
 .vectors       0x0000ffe0       0x20 /usr/lib/gcc/msp430/4.6.3/mmpy-16/crt0ivtbl16.o
                0x0000ffe0                __ivtbl_16
                0x00010000                _vectors_end = .

.fartext        0x00000000        0x0
                0x00000000                . = ALIGN (0x2)
 *(.fartext)
                0x00000000                . = ALIGN (0x2)
 *(.fartext.*)
                0x00000000                _efartext = .

.profiler
 *(.profiler)

.stab
 *(.stab)

.stabstr
 *(.stabstr)

.stab.excl
 *(.stab.excl)

.stab.exclstr
 *(.stab.exclstr)

.stab.index
 *(.stab.index)

.stab.indexstr
 *(.stab.indexstr)

.comment
 *(.comment)

.debug
 *(.debug)

.line
 *(.line)

.debug_srcinfo
 *(.debug_srcinfo)

.debug_sfnames
 *(.debug_sfnames)

.debug_aranges  0x00000000      0x1f4
 *(.debug_aranges)
 .debug_aranges
                0x00000000       0x14 /usr/lib/gcc/msp430/4.6.3/mmpy-16/libgcc.a(_mulsi3.o)
 .debug_aranges
                0x00000014       0x14 /usr/lib/gcc/msp430/4.6.3/mmpy-16/libgcc.a(_udivmod16.o)
 .debug_aranges
                0x00000028       0x14 /usr/lib/gcc/msp430/4.6.3/mmpy-16/libgcc.a(_divmod16.o)
 .debug_aranges
                0x0000003c       0x14 /usr/lib/gcc/msp430/4.6.3/mmpy-16/libgcc.a(_udivmod32.o)
 .debug_aranges
                0x00000050       0x14 /usr/lib/gcc/msp430/4.6.3/../../../../msp430/lib/mmpy-16/libc.a(strchr.o)
 .debug_aranges
                0x00000064       0x14 /usr/lib/gcc/msp430/4.6.3/../../../../msp430/lib/mmpy-16/libc.a(memchr.o)
 .debug_aranges
                0x00000078       0x14 /usr/lib/gcc/msp430/4.6.3/../../../../msp430/lib/mmpy-16/libc.a(strcmp.o)
 .debug_aranges
                0x0000008c       0x14 /usr/lib/gcc/msp430/4.6.3/../../../../msp430/lib/mmpy-16/libc.a(strncmp.o)
 .debug_aranges
                0x000000a0       0x14 /usr/lib/gcc/msp430/4.6.3/../../../../msp430/lib/mmpy-16/libc.a(memcmp.o)
 .debug_aranges
                0x000000b4       0x14 /usr/lib/gcc/msp430/4.6.3/../../../../msp430/lib/mmpy-16/libc.a(memcpy.o)
 .debug_aranges
                0x000000c8       0x14 /usr/lib/gcc/msp430/4.6.3/../../../../msp430/lib/mmpy-16/libc.a(memmove.o)
 .debug_aranges
                0x000000dc       0x14 /usr/lib/gcc/msp430/4.6.3/../../../../msp430/lib/mmpy-16/libc.a(memset.o)
 .debug_aranges
                0x000000f0       0x14 /usr/lib/gcc/msp430/4.6.3/../../../../msp430/lib/mmpy-16/libc.a(strstr.o)
 .debug_aranges
                0x00000104       0x14 /usr/lib/gcc/msp430/4.6.3/../../../../msp430/lib/mmpy-16/libc.a(printf.o)
 .debug_aranges
                0x00000118       0x14 /usr/lib/gcc/msp430/4.6.3/../../../../msp430/lib/mmpy-16/libc.a(sprintf.o)
 .debug_aranges
                0x0000012c       0x14 /usr/lib/gcc/msp430/4.6.3/../../../../msp430/lib/mmpy-16/libc.a(vuprintf.o)
 .debug_aranges
                0x00000140       0x14 /usr/lib/gcc/msp430/4.6.3/../../../../msp430/lib/mmpy-16/libc.a(puts.o)
 .debug_aranges
                0x00000154       0x14 /usr/lib/gcc/msp430/4.6.3/../../../../msp430/lib/mmpy-16/libc.a(rand.o)
 .debug_aranges
                0x00000168       0x14 /usr/lib/gcc/msp430/4.6.3/mmpy-16/libgcc.a(_udivmod64.o)
 .debug_aranges
                0x0000017c       0x14 /usr/lib/gcc/msp430/4.6.3/mmpy-16/libcrt0.a(__watchdog_support.o)
 .debug_aranges
                0x00000190       0x14 /usr/lib/gcc/msp430/4.6.3/mmpy-16/libcrt0.a(__init_stack.o)
 .debug_aranges
                0x000001a4       0x14 /usr/lib/gcc/msp430/4.6.3/mmpy-16/libcrt0.a(_copy_data.o)
 .debug_aranges
                0x000001b8       0x14 /usr/lib/gcc/msp430/4.6.3/mmpy-16/libcrt0.a(_clear_bss.o)
 .debug_aranges
                0x000001cc       0x14 /usr/lib/gcc/msp430/4.6.3/mmpy-16/libcrt0.a(_endless_loop__.o)
 .debug_aranges
                0x000001e0       0x14 /usr/lib/gcc/msp430/4.6.3/mmpy-16/libcrt0.a(_unexpected_.o)

.debug_pubnames
 *(.debug_pubnames)

.debug_info     0x00000000     0x1afc
 *(.debug_info)
 .debug_info    0x00000000       0xd6 /usr/lib/gcc/msp430/4.6.3/mmpy-16/libgcc.a(_mulsi3.o)
 .debug_info    0x000000d6       0xd6 /usr/lib/gcc/msp430/4.6.3/mmpy-16/libgcc.a(_udivmod16.o)
 .debug_info    0x000001ac       0xd6 /usr/lib/gcc/msp430/4.6.3/mmpy-16/libgcc.a(_divmod16.o)
 .debug_info    0x00000282       0xd6 /usr/lib/gcc/msp430/4.6.3/mmpy-16/libgcc.a(_udivmod32.o)
 .debug_info    0x00000358       0xa7 /usr/lib/gcc/msp430/4.6.3/../../../../msp430/lib/mmpy-16/libc.a(strchr.o)
 .debug_info    0x000003ff       0xd6 /usr/lib/gcc/msp430/4.6.3/../../../../msp430/lib/mmpy-16/libc.a(memchr.o)
 .debug_info    0x000004d5       0xa4 /usr/lib/gcc/msp430/4.6.3/../../../../msp430/lib/mmpy-16/libc.a(strcmp.o)
 .debug_info    0x00000579       0xbb /usr/lib/gcc/msp430/4.6.3/../../../../msp430/lib/mmpy-16/libc.a(strncmp.o)
 .debug_info    0x00000634       0xe8 /usr/lib/gcc/msp430/4.6.3/../../../../msp430/lib/mmpy-16/libc.a(memcmp.o)
 .debug_info    0x0000071c      0x113 /usr/lib/gcc/msp430/4.6.3/../../../../msp430/lib/mmpy-16/libc.a(memcpy.o)
 .debug_info    0x0000082f      0x113 /usr/lib/gcc/msp430/4.6.3/../../../../msp430/lib/mmpy-16/libc.a(memmove.o)
 .debug_info    0x00000942       0xfe /usr/lib/gcc/msp430/4.6.3/../../../../msp430/lib/mmpy-16/libc.a(memset.o)
 .debug_info    0x00000a40       0xe0 /usr/lib/gcc/msp430/4.6.3/../../../../msp430/lib/mmpy-16/libc.a(strstr.o)
 .debug_info    0x00000b20      0x105 /usr/lib/gcc/msp430/4.6.3/../../../../msp430/lib/mmpy-16/libc.a(printf.o)
 .debug_info    0x00000c25      0x277 /usr/lib/gcc/msp430/4.6.3/../../../../msp430/lib/mmpy-16/libc.a(sprintf.o)
 .debug_info    0x00000e9c      0x565 /usr/lib/gcc/msp430/4.6.3/../../../../msp430/lib/mmpy-16/libc.a(vuprintf.o)
 .debug_info    0x00001401       0x96 /usr/lib/gcc/msp430/4.6.3/../../../../msp430/lib/mmpy-16/libc.a(puts.o)
 .debug_info    0x00001497      0x13f /usr/lib/gcc/msp430/4.6.3/../../../../msp430/lib/mmpy-16/libc.a(rand.o)
 .debug_info    0x000015d6       0xd6 /usr/lib/gcc/msp430/4.6.3/mmpy-16/libgcc.a(_udivmod64.o)
 .debug_info    0x000016ac       0xb8 /usr/lib/gcc/msp430/4.6.3/mmpy-16/libcrt0.a(__watchdog_support.o)
 .debug_info    0x00001764       0xb8 /usr/lib/gcc/msp430/4.6.3/mmpy-16/libcrt0.a(__init_stack.o)
 .debug_info    0x0000181c       0xb8 /usr/lib/gcc/msp430/4.6.3/mmpy-16/libcrt0.a(_copy_data.o)
 .debug_info    0x000018d4       0xb8 /usr/lib/gcc/msp430/4.6.3/mmpy-16/libcrt0.a(_clear_bss.o)
 .debug_info    0x0000198c       0xb8 /usr/lib/gcc/msp430/4.6.3/mmpy-16/libcrt0.a(_endless_loop__.o)
 .debug_info    0x00001a44       0xb8 /usr/lib/gcc/msp430/4.6.3/mmpy-16/libcrt0.a(_unexpected_.o)
 *(.gnu.linkonce.wi.*)

.debug_abbrev   0x00000000      0xacd
 *(.debug_abbrev)
 .debug_abbrev  0x00000000       0x14 /usr/lib/gcc/msp430/4.6.3/mmpy-16/libgcc.a(_mulsi3.o)
 .debug_abbrev  0x00000014       0x14 /usr/lib/gcc/msp430/4.6.3/mmpy-16/libgcc.a(_udivmod16.o)
 .debug_abbrev  0x00000028       0x14 /usr/lib/gcc/msp430/4.6.3/mmpy-16/libgcc.a(_divmod16.o)
 .debug_abbrev  0x0000003c       0x14 /usr/lib/gcc/msp430/4.6.3/mmpy-16/libgcc.a(_udivmod32.o)
 .debug_abbrev  0x00000050       0x6f /usr/lib/gcc/msp430/4.6.3/../../../../msp430/lib/mmpy-16/libc.a(strchr.o)
 .debug_abbrev  0x000000bf       0xa2 /usr/lib/gcc/msp430/4.6.3/../../../../msp430/lib/mmpy-16/libc.a(memchr.o)
 .debug_abbrev  0x00000161       0x60 /usr/lib/gcc/msp430/4.6.3/../../../../msp430/lib/mmpy-16/libc.a(strcmp.o)
 .debug_abbrev  0x000001c1       0x7c /usr/lib/gcc/msp430/4.6.3/../../../../msp430/lib/mmpy-16/libc.a(strncmp.o)
 .debug_abbrev  0x0000023d       0x9b /usr/lib/gcc/msp430/4.6.3/../../../../msp430/lib/mmpy-16/libc.a(memcmp.o)
 .debug_abbrev  0x000002d8       0x97 /usr/lib/gcc/msp430/4.6.3/../../../../msp430/lib/mmpy-16/libc.a(memcpy.o)
 .debug_abbrev  0x0000036f       0x97 /usr/lib/gcc/msp430/4.6.3/../../../../msp430/lib/mmpy-16/libc.a(memmove.o)
 .debug_abbrev  0x00000406       0x9c /usr/lib/gcc/msp430/4.6.3/../../../../msp430/lib/mmpy-16/libc.a(memset.o)
 .debug_abbrev  0x000004a2       0x8b /usr/lib/gcc/msp430/4.6.3/../../../../msp430/lib/mmpy-16/libc.a(strstr.o)
 .debug_abbrev  0x0000052d       0xd0 /usr/lib/gcc/msp430/4.6.3/../../../../msp430/lib/mmpy-16/libc.a(printf.o)
 .debug_abbrev  0x000005fd      0x105 /usr/lib/gcc/msp430/4.6.3/../../../../msp430/lib/mmpy-16/libc.a(sprintf.o)
 .debug_abbrev  0x00000702      0x1ef /usr/lib/gcc/msp430/4.6.3/../../../../msp430/lib/mmpy-16/libc.a(vuprintf.o)
 .debug_abbrev  0x000008f1       0x60 /usr/lib/gcc/msp430/4.6.3/../../../../msp430/lib/mmpy-16/libc.a(puts.o)
 .debug_abbrev  0x00000951       0xf0 /usr/lib/gcc/msp430/4.6.3/../../../../msp430/lib/mmpy-16/libc.a(rand.o)
 .debug_abbrev  0x00000a41       0x14 /usr/lib/gcc/msp430/4.6.3/mmpy-16/libgcc.a(_udivmod64.o)
 .debug_abbrev  0x00000a55       0x14 /usr/lib/gcc/msp430/4.6.3/mmpy-16/libcrt0.a(__watchdog_support.o)
 .debug_abbrev  0x00000a69       0x14 /usr/lib/gcc/msp430/4.6.3/mmpy-16/libcrt0.a(__init_stack.o)
 .debug_abbrev  0x00000a7d       0x14 /usr/lib/gcc/msp430/4.6.3/mmpy-16/libcrt0.a(_copy_data.o)