Archive member included because of file (symbol)

contiki-sky.a(rimeaddr.o)     obj_sky/contiki-sky-main.o (rimeaddr_copy)
contiki-sky.a(csma.o)         border-router.co (csma_driver)
contiki-sky.a(contikimac.o)   obj_sky/contiki-sky-main.o (contikimac_driver)
contiki-sky.a(phase.o)        contiki-sky.a(contikimac.o) (phase_update)
contiki-sky.a(rpl-dag.o)      border-router.co (rpl_set_prefix)
contiki-sky.a(rpl-icmp6.o)    contiki-sky.a(rpl-dag.o) (dao_output)
contiki-sky.a(rpl-timers.o)   contiki-sky.a(rpl-dag.o) (rpl_reset_dio_timer)
contiki-sky.a(rpl-mrhof.o)    contiki-sky.a(rpl-dag.o) (rpl_mrhof)
contiki-sky.a(process.o)      border-router.co (process_current)
contiki-sky.a(autostart.o)    obj_sky/contiki-sky-main.o (autostart_start)
contiki-sky.a(compower.o)     contiki-sky.a(contikimac.o) (compower_accumulate)
contiki-sky.a(memb.o)         obj_sky/httpd-simple.o (memb_init)
contiki-sky.a(timer.o)        obj_sky/httpd-simple.o (timer_set)
contiki-sky.a(list.o)         contiki-sky.a(csma.o) (list_init)
contiki-sky.a(etimer.o)       obj_sky/contiki-sky-main.o (etimer_process)
contiki-sky.a(ctimer.o)       obj_sky/contiki-sky-main.o (ctimer_init)
contiki-sky.a(energest.o)     obj_sky/contiki-sky-main.o (energest_init)
contiki-sky.a(rtimer.o)       obj_sky/contiki-sky-main.o (rtimer_init)
contiki-sky.a(stimer.o)       contiki-sky.a(rpl-icmp6.o) (stimer_set)
contiki-sky.a(random.o)       obj_sky/contiki-sky-main.o (random_init)
contiki-sky.a(nbr-table.o)    contiki-sky.a(phase.o) (nbr_table_register)
contiki-sky.a(packetbuf.o)    contiki-sky.a(contikimac.o) (packetbuf_hdr_remove)
contiki-sky.a(psock.o)        border-router.co (psock_send)
contiki-sky.a(queuebuf.o)     obj_sky/contiki-sky-main.o (queuebuf_init)
contiki-sky.a(sicslowpan.o)   obj_sky/contiki-sky-main.o (sicslowpan_driver)
contiki-sky.a(tcpip.o)        contiki-sky.a(sicslowpan.o) (tcpip_set_outputfunc)
contiki-sky.a(uip-debug.o)    border-router.co (uip_debug_ipaddr_print)
contiki-sky.a(uip-ds6-route.o)
                              border-router.co (uip_ds6_route_nexthop)
contiki-sky.a(uip-ds6-nbr.o)  border-router.co (ds6_neighbors)
contiki-sky.a(uip-ds6.o)      contiki-sky.a(tcpip.o) (uip_ds6_is_addr_onlink)
contiki-sky.a(uip-icmp6.o)    contiki-sky.a(rpl-icmp6.o) (uip_icmp6_send)
contiki-sky.a(uip-nd6.o)      contiki-sky.a(tcpip.o) (uip_nd6_ns_output)
contiki-sky.a(uip6.o)         border-router.co (uip_aligned_buf)
contiki-sky.a(contiki-sky-pla)
                              obj_sky/contiki-sky-main.o (init_platform)
contiki-sky.a(button-sensor.o)
                              border-router.co (button_sensor)
contiki-sky.a(ds2411.o)       obj_sky/contiki-sky-main.o (ds2411_init)
contiki-sky.a(xmem.o)         obj_sky/contiki-sky-main.o (xmem_init)
contiki-sky.a(node-id.o)      obj_sky/contiki-sky-main.o (node_id_restore)
contiki-sky.a(sensors.o)      border-router.co (sensors_event)
contiki-sky.a(cc2420.o)       obj_sky/contiki-sky-main.o (cc2420_set_channel)
contiki-sky.a(cc2420-arch.o)  contiki-sky.a(cc2420.o) (cc2420_arch_init)
contiki-sky.a(uart1.o)        obj_sky/contiki-sky-main.o (uart1_active)
contiki-sky.a(slip_uart1.o)   obj_sky/slip-bridge.o (slip_arch_writeb)
contiki-sky.a(slip.o)         obj_sky/slip-bridge.o (slip_process)
contiki-sky.a(msp430.o)       contiki-sky.a(uart1.o) (msp430_add_lpm_req)
contiki-sky.a(clock.o)        contiki-sky.a(timer.o) (clock_time)
contiki-sky.a(leds.o)         obj_sky/contiki-sky-main.o (leds_init)
contiki-sky.a(leds-arch.o)    contiki-sky.a(leds.o) (leds_arch_init)
contiki-sky.a(watchdog.o)     obj_sky/contiki-sky-main.o (watchdog_start)
contiki-sky.a(rtimer-arch.o)  contiki-sky.a(rtimer.o) (rtimer_arch_init)
contiki-sky.a(mac.o)          contiki-sky.a(csma.o) (mac_call_sent_callback)
contiki-sky.a(framer-802154.o)
                              contiki-sky.a(contikimac.o) (framer_802154)
contiki-sky.a(rpl.o)          contiki-sky.a(rpl-timers.o) (rpl_purge_routes)
contiki-sky.a(rpl-ext-header.)
                              contiki-sky.a(uip6.o) (rpl_verify_header)
contiki-sky.a(spi.o)          contiki-sky.a(xmem.o) (spi_init)
contiki-sky.a(frame802154.o)  contiki-sky.a(framer-802154.o) (frame802154_hdrlen)
/usr/lib/gcc/msp430/4.6.3/mmpy-16/libgcc.a(_mulsi3.o)
                              contiki-sky.a(csma.o) (__mulsi3)
/usr/lib/gcc/msp430/4.6.3/mmpy-16/libgcc.a(_udivmod16.o)
                              contiki-sky.a(rpl-dag.o) (__udivhi3)
/usr/lib/gcc/msp430/4.6.3/mmpy-16/libgcc.a(_divmod16.o)
                              contiki-sky.a(nbr-table.o) (__divhi3)
/usr/lib/gcc/msp430/4.6.3/mmpy-16/libgcc.a(_udivmod32.o)
                              obj_sky/contiki-sky-main.o (__udivsi3)
/usr/lib/gcc/msp430/4.6.3/../../../../msp430/lib/mmpy-16/libc.a(strncmp.o)
                              obj_sky/httpd-simple.o (strncmp)
/usr/lib/gcc/msp430/4.6.3/../../../../msp430/lib/mmpy-16/libc.a(memcmp.o)
                              obj_sky/slip-bridge.o (memcmp)
[...]
Memory Configuration

Name             Origin             Length             Attributes
sfr              0x00000000         0x00000010
peripheral_8bit  0x00000010         0x000000f0
peripheral_16bit 0x00000100         0x00000100
ram_mirror       0x00000200         0x00000800         xw
infomem          0x00001000         0x00000100
infob            0x00001000         0x00000080
infoa            0x00001080         0x00000080
ram              0x00001100         0x00002800         xw
rom              0x00004000         0x0000bfe0         xr
vectors          0x0000ffe0         0x00000020
bsl              0x00000000         0x00000000
infoc            0x00000000         0x00000000
infod            0x00000000         0x00000000
ram2             0x00000000         0x00000000         xw
usbram           0x00000000         0x00000000         xw
far_rom          0x00000000         0x00000000
*default*        0x00000000         0xffffffff

Linker script and memory map

LOAD /usr/lib/gcc/msp430/4.6.3/mmpy-16/crt0ivtbl16.o
LOAD border-router.co
LOAD obj_sky/slip-bridge.o
LOAD obj_sky/httpd-simple.o
LOAD obj_sky/contiki-sky-main.o
LOAD contiki-sky.a
LOAD /usr/lib/gcc/msp430/4.6.3/mmpy-16/libgcc.a
LOAD /usr/lib/gcc/msp430/4.6.3/../../../../msp430/lib/mmpy-16/libc.a
LOAD /usr/lib/gcc/msp430/4.6.3/mmpy-16/libgcc.a
LOAD /usr/lib/gcc/msp430/4.6.3/mmpy-16/libcrt0.a
                0x00000080                PROVIDE (__info_segment_size, 0x80)
                0x00001000                PROVIDE (__infob, 0x1000)
                0x00001080                PROVIDE (__infoa, 0x1080)
                0x00000000                __IE1 = 0x0
                0x00000002                __IFG1 = 0x2
                0x00000004                __ME1 = 0x4
                0x00000001                __IE2 = 0x1
                0x00000003                __IFG2 = 0x3
                0x00000005                __ME2 = 0x5
                0x00000120                __WDTCTL = 0x120
                0x00000130                __MPY = 0x130
                0x00000132                __MPYS = 0x132
                0x00000134                __MAC = 0x134
                0x00000136                __MACS = 0x136
                0x00000138                __OP2 = 0x138
                0x0000013a                __RESLO = 0x13a
                0x0000013c                __RESHI = 0x13c
                0x0000013e                __SUMEXT = 0x13e
                0x00000020                __P1IN = 0x20
                0x00000021                __P1OUT = 0x21
                0x00000022                __P1DIR = 0x22
                0x00000023                __P1IFG = 0x23
                0x00000024                __P1IES = 0x24
                0x00000025                __P1IE = 0x25
                0x00000026                __P1SEL = 0x26
                0x00000028                __P2IN = 0x28
                0x00000029                __P2OUT = 0x29
                0x0000002a                __P2DIR = 0x2a
                0x0000002b                __P2IFG = 0x2b
                0x0000002c                __P2IES = 0x2c
                0x0000002d                __P2IE = 0x2d
                0x0000002e                __P2SEL = 0x2e
                0x00000018                __P3IN = 0x18
                0x00000019                __P3OUT = 0x19
                0x0000001a                __P3DIR = 0x1a
                0x0000001b                __P3SEL = 0x1b
                0x0000001c                __P4IN = 0x1c
                0x0000001d                __P4OUT = 0x1d
                0x0000001e                __P4DIR = 0x1e
                0x0000001f                __P4SEL = 0x1f
                0x00000030                __P5IN = 0x30
                0x00000031                __P5OUT = 0x31
                0x00000032                __P5DIR = 0x32
                0x00000033                __P5SEL = 0x33
                0x00000034                __P6IN = 0x34
                0x00000035                __P6OUT = 0x35
                0x00000036                __P6DIR = 0x36
                0x00000037                __P6SEL = 0x37
                0x00000070                __U0CTL = 0x70
                0x00000071                __U0TCTL = 0x71
                0x00000072                __U0RCTL = 0x72
                0x00000073                __U0MCTL = 0x73
                0x00000074                __U0BR0 = 0x74
                0x00000075                __U0BR1 = 0x75
                0x00000076                __U0RXBUF = 0x76
                0x00000077                __U0TXBUF = 0x77
                0x00000078                __U1CTL = 0x78
                0x00000079                __U1TCTL = 0x79
                0x0000007a                __U1RCTL = 0x7a
                0x0000007b                __U1MCTL = 0x7b
                0x0000007c                __U1BR0 = 0x7c
                0x0000007d                __U1BR1 = 0x7d
                0x0000007e                __U1RXBUF = 0x7e
                0x0000007f                __U1TXBUF = 0x7f
                0x00000050                __I2CIE = 0x50
                0x00000051                __I2CIFG = 0x51
                0x00000052                __I2CNDAT = 0x52
                0x00000071                __I2CTCTL = 0x71
                0x00000072                __I2CDCTL = 0x72
                0x00000073                __I2CPSC = 0x73
                0x00000074                __I2CSCLH = 0x74
                0x00000075                __I2CSCLL = 0x75
                0x00000076                __I2CDRB = 0x76
                0x00000076                __I2CDRW = 0x76
                0x00000118                __I2COA = 0x118
                0x0000011a                __I2CSA = 0x11a
                0x0000011c                __I2CIV = 0x11c
                0x0000012e                __TAIV = 0x12e
                0x00000160                __TACTL = 0x160
                0x00000162                __TACCTL0 = 0x162
                0x00000164                __TACCTL1 = 0x164
                0x00000166                __TACCTL2 = 0x166
                0x00000170                __TAR = 0x170
                0x00000172                __TACCR0 = 0x172
                0x00000174                __TACCR1 = 0x174
                0x00000176                __TACCR2 = 0x176
                0x0000011e                __TBIV = 0x11e
                0x00000180                __TBCTL = 0x180
                0x00000182                __TBCCTL0 = 0x182
                0x00000184                __TBCCTL1 = 0x184
                0x00000186                __TBCCTL2 = 0x186
                0x00000188                __TBCCTL3 = 0x188
                0x0000018a                __TBCCTL4 = 0x18a
                0x0000018c                __TBCCTL5 = 0x18c
                0x0000018e                __TBCCTL6 = 0x18e
                0x00000190                __TBR = 0x190
                0x00000192                __TBCCR0 = 0x192
                0x00000194                __TBCCR1 = 0x194
                0x00000196                __TBCCR2 = 0x196
                0x00000198                __TBCCR3 = 0x198
                0x0000019a                __TBCCR4 = 0x19a
                0x0000019c                __TBCCR5 = 0x19c
                0x0000019e                __TBCCR6 = 0x19e
                0x00000056                __DCOCTL = 0x56
                0x00000057                __BCSCTL1 = 0x57
                0x00000058                __BCSCTL2 = 0x58
                0x00000055                __SVSCTL = 0x55
                0x00000128                __FCTL1 = 0x128
                0x0000012a                __FCTL2 = 0x12a
                0x0000012c                __FCTL3 = 0x12c
                0x00000059                __CACTL1 = 0x59
                0x0000005a                __CACTL2 = 0x5a
                0x0000005b                __CAPD = 0x5b
                0x000001a0                __ADC12CTL0 = 0x1a0
                0x000001a2                __ADC12CTL1 = 0x1a2
                0x000001a4                __ADC12IFG = 0x1a4
                0x000001a6                __ADC12IE = 0x1a6
                0x000001a8                __ADC12IV = 0x1a8
                0x00000140                __ADC12MEM0 = 0x140
                0x00000142                __ADC12MEM1 = 0x142
                0x00000144                __ADC12MEM2 = 0x144
                0x00000146                __ADC12MEM3 = 0x146
                0x00000148                __ADC12MEM4 = 0x148
                0x0000014a                __ADC12MEM5 = 0x14a
                0x0000014c                __ADC12MEM6 = 0x14c
                0x0000014e                __ADC12MEM7 = 0x14e
                0x00000150                __ADC12MEM8 = 0x150
                0x00000152                __ADC12MEM9 = 0x152
                0x00000154                __ADC12MEM10 = 0x154
                0x00000156                __ADC12MEM11 = 0x156
                0x00000158                __ADC12MEM12 = 0x158
                0x0000015a                __ADC12MEM13 = 0x15a
                0x0000015c                __ADC12MEM14 = 0x15c
                0x0000015e                __ADC12MEM15 = 0x15e
                0x00000080                __ADC12MCTL0 = 0x80
                0x00000081                __ADC12MCTL1 = 0x81
                0x00000082                __ADC12MCTL2 = 0x82
                0x00000083                __ADC12MCTL3 = 0x83
                0x00000084                __ADC12MCTL4 = 0x84
                0x00000085                __ADC12MCTL5 = 0x85
                0x00000086                __ADC12MCTL6 = 0x86
                0x00000087                __ADC12MCTL7 = 0x87
                0x00000088                __ADC12MCTL8 = 0x88
                0x00000089                __ADC12MCTL9 = 0x89
                0x0000008a                __ADC12MCTL10 = 0x8a
                0x0000008b                __ADC12MCTL11 = 0x8b
                0x0000008c                __ADC12MCTL12 = 0x8c
                0x0000008d                __ADC12MCTL13 = 0x8d
                0x0000008e                __ADC12MCTL14 = 0x8e
                0x0000008f                __ADC12MCTL15 = 0x8f
                0x000001c0                __DAC12_0CTL = 0x1c0
                0x000001c2                __DAC12_1CTL = 0x1c2
                0x000001c8                __DAC12_0DAT = 0x1c8
                0x000001ca                __DAC12_1DAT = 0x1ca
                0x00000122                __DMACTL0 = 0x122
                0x00000124                __DMACTL1 = 0x124
                0x000001e0                __DMA0CTL = 0x1e0
                0x000001e8                __DMA1CTL = 0x1e8
                0x000001f0                __DMA2CTL = 0x1f0
                0x000001e2                __DMA0SA = 0x1e2
                0x000001e4                __DMA0DA = 0x1e4
                0x000001e6                __DMA0SZ = 0x1e6
                0x000001ea                __DMA1SA = 0x1ea
                0x000001ec                __DMA1DA = 0x1ec
                0x000001ee                __DMA1SZ = 0x1ee
                0x000001f2                __DMA2SA = 0x1f2
                0x000001f4                __DMA2DA = 0x1f4
                0x000001f6                __DMA2SZ = 0x1f6

.hash
 *(.hash)

.dynsym
 *(.dynsym)

.dynstr
 *(.dynstr)

.gnu.version
 *(.gnu.version)

.gnu.version_d
 *(.gnu.version_d)

.gnu.version_r
 *(.gnu.version_r)

.rel.init
 *(.rel.init)

.rela.init
 *(.rela.init)

.rel.fini
 *(.rel.fini)

.rela.fini
 *(.rela.fini)

.rel.text
 *(.rel.text .rel.text.* .rel.gnu.linkonce.t.*)

.rela.text
 *(.rela.text .rela.text.* .rela.gnu.linkonce.t.*)

.rel.rodata
 *(.rel.rodata .rel.rodata.* .rel.gnu.linkonce.r.*)

.rela.rodata
 *(.rela.rodata .rela.rodata.* .rela.gnu.linkonce.r.*)

.rel.data
 *(.rel.data .rel.data.* .rel.gnu.linkonce.d.*)

.rela.data
 *(.rela.data .rela.data.* .rela.gnu.linkonce.d.*)

.rel.bss
 *(.rel.bss .rel.bss.* .rel.gnu.linkonce.b.*)

.rela.bss
 *(.rela.bss .rela.bss.* .rela.gnu.linkonce.b.*)

.rel.ctors
 *(.rel.ctors)

.rela.ctors
 *(.rela.ctors)

.rel.dtors
 *(.rel.dtors)

.rela.dtors
 *(.rela.dtors)

.rel.got
 *(.rel.got)

.rela.got
 *(.rela.got)

.rel.plt
 *(.rel.plt)

.rela.plt
 *(.rela.plt)

.text           0x00004000     0xb870
                0x00004000                . = ALIGN (0x2)
 *(.init .init.*)
 *(.init0)
 .init0         0x00004000        0x0 /usr/lib/gcc/msp430/4.6.3/mmpy-16/libcrt0.a(_reset_vector__.o)
                0x00004000                _reset_vector__
 *(.init1)
 .init1         0x00004000        0xc /usr/lib/gcc/msp430/4.6.3/mmpy-16/libcrt0.a(__watchdog_support.o)
                0x00004000                __watchdog_support
 *(.init2)
 .init2         0x0000400c        0x4 /usr/lib/gcc/msp430/4.6.3/mmpy-16/libcrt0.a(__init_stack.o)
                0x0000400c                __init_stack
 *(.init3)
 .init3         0x00004010        0x0 /usr/lib/gcc/msp430/4.6.3/mmpy-16/libcrt0.a(__low_level_init.o)
                0x00004010                __low_level_init
 *(.init4)
 .init4         0x00004010       0x18 /usr/lib/gcc/msp430/4.6.3/mmpy-16/libcrt0.a(_copy_data.o)
                0x00004010                __do_copy_data
 .init4         0x00004028       0x16 /usr/lib/gcc/msp430/4.6.3/mmpy-16/libcrt0.a(_clear_bss.o)
                0x00004028                __do_clear_bss
 *(.init5)
 *(.init6)
 *(.init7)
 *(.init8)
 *(.init9)
 .init9         0x0000403e      0x364 obj_sky/contiki-sky-main.o
                0x0000403e                main
 *(.fini9)
 .fini9         0x000043a2        0x0 /usr/lib/gcc/msp430/4.6.3/mmpy-16/libcrt0.a(__stop_progExec__.o)
                0x000043a2                __stop_progExec__
 *(.fini8)
 *(.fini7)
 *(.fini6)
 *(.fini5)
 *(.fini4)
 *(.fini3)
 *(.fini2)
 *(.fini1)
 *(.fini0)
 .fini0         0x000043a2        0x6 /usr/lib/gcc/msp430/4.6.3/mmpy-16/libcrt0.a(_endless_loop__.o)
                0x000043a2                _endless_loop__
 *(.fini .fini.*)
                0x000043a8                . = ALIGN (0x2)
                0x000043a8                __ctors_start = .
 *(.ctors)
                0x000043a8                __ctors_end = .
                0x000043a8                __dtors_start = .
 *(.dtors)
                0x000043a8                __dtors_end = .
                0x000043a8                . = ALIGN (0x2)
 *(.text .text.* .gnu.linkonce.t.*)
 .text          0x000043a8        0x4 /usr/lib/gcc/msp430/4.6.3/mmpy-16/crt0ivtbl16.o
                0x000043a8                __isr_14
                0x000043a8                __isr_11
                0x000043a8                __isr_2
                0x000043a8                __isr_7
                0x000043a8                __isr_0
                0x000043a8                __isr_8
                0x000043a8                __isr_3
                0x000043a8                __isr_12
                0x000043a8                __isr_13
                0x000043a8                __isr_9
 .text.process_thread_webserver_nogui_process
                0x000043ac       0x3c border-router.co
 .text.ipaddr_add
                0x000043e8       0xc4 border-router.co
 .text.generate_routes
                0x000044ac      0x298 border-router.co
 .text.httpd_simple_get_script
                0x00004744        0x6 border-router.co
                0x00004744                httpd_simple_get_script
 .text.request_prefix
                0x0000474a       0x1e border-router.co
                0x0000474a                request_prefix
 .text.process_thread_border_router_process
                0x00004768      0x134 border-router.co
 .text.set_prefix_64
                0x0000489c       0x44 border-router.co
                0x0000489c                set_prefix_64
 .text.init     0x000048e0       0x1e obj_sky/slip-bridge.o
 .text.slip_input_callback
                0x000048fe       0xe2 obj_sky/slip-bridge.o
 .text.output   0x000049e0       0x48 obj_sky/slip-bridge.o
 .text.putchar  0x00004a28       0x3c obj_sky/slip-bridge.o
                0x00004a28                putchar
 .text.handle_input
                0x00004a64       0xf0 obj_sky/httpd-simple.o
 .text.send_headers
                0x00004b54       0x6a obj_sky/httpd-simple.o
 .text.handle_output
                0x00004bbe       0xf4 obj_sky/httpd-simple.o
 .text.httpd_appcall
                0x00004cb2       0xd0 obj_sky/httpd-simple.o
                0x00004cb2                httpd_appcall
 .text.httpd_init
                0x00004d82       0x12 obj_sky/httpd-simple.o
                0x00004d82                httpd_init
 .text.rimeaddr_copy
                0x00004d94        0x8 contiki-sky.a(rimeaddr.o)
                0x00004d94                rimeaddr_copy
 .text.rimeaddr_cmp
                0x00004d9c       0x12 contiki-sky.a(rimeaddr.o)
                0x00004d9c                rimeaddr_cmp
 .text.rimeaddr_set_node_addr
                0x00004dae        0xc contiki-sky.a(rimeaddr.o)
                0x00004dae                rimeaddr_set_node_addr
 .text.input_packet
                0x00004dba        0x6 contiki-sky.a(csma.o)
 .text.on       0x00004dc0        0x6 contiki-sky.a(csma.o)
 .text.off      0x00004dc6        0x6 contiki-sky.a(csma.o)
 .text.channel_check_interval
                0x00004dcc       0x10 contiki-sky.a(csma.o)
 .text.transmit_packet_list
                0x00004ddc       0x24 contiki-sky.a(csma.o)
 .text.send_packet
                0x00004e00      0x164 contiki-sky.a(csma.o)
 .text.init     0x00004f64       0x1a contiki-sky.a(csma.o)
 .text.free_packet
                0x00004f7e       0x9c contiki-sky.a(csma.o)
 .text.packet_sent
                0x0000501a      0x130 contiki-sky.a(csma.o)
 .text.duty_cycle
                0x0000514a        0x6 contiki-sky.a(contikimac.o)
 .text.init     0x00005150       0x2e contiki-sky.a(contikimac.o)
 .text.on       0x0000517e       0x1a contiki-sky.a(contikimac.o)
 .text.off      0x00005198       0x22 contiki-sky.a(contikimac.o)
 .text.recv_burst_off
                0x000051ba        0xa contiki-sky.a(contikimac.o)
 .text.turn_off
                0x000051c4       0x20 contiki-sky.a(contikimac.o)
 .text.turn_on  0x000051e4       0x30 contiki-sky.a(contikimac.o)
 .text.schedule_powercycle_fixed.part.4
                0x00005214       0x36 contiki-sky.a(contikimac.o)
 .text.powercycle_turn_radio_off
                0x0000524a       0x30 contiki-sky.a(contikimac.o)
 .text.powercycle
                0x0000527a      0x1da contiki-sky.a(contikimac.o)
 .text.input_packet
                0x00005454      0x122 contiki-sky.a(contikimac.o)
 .text.send_packet
                0x00005576      0x29c contiki-sky.a(contikimac.o)
 .text.qsend_packet
                0x00005812       0x28 contiki-sky.a(contikimac.o)
 .text.qsend_list
                0x0000583a       0x84 contiki-sky.a(contikimac.o)
 .text.send_packet
                0x000058be       0x44 contiki-sky.a(phase.o)
 .text.phase_update
                0x00005902       0x90 contiki-sky.a(phase.o)
                0x00005902                phase_update
 .text.phase_wait
                0x00005992       0xf6 contiki-sky.a(phase.o)
                0x00005992                phase_wait
 .text.phase_init
                0x00005a88       0x14 contiki-sky.a(phase.o)
                0x00005a88                phase_init
 .text.lollipop_greater_than
                0x00005a9c       0x44 contiki-sky.a(rpl-dag.o)
 .text.acceptable_rank
                0x00005ae0       0x50 contiki-sky.a(rpl-dag.o)
 .text.find_parent_any_dag_any_instance
                0x00005b30       0x14 contiki-sky.a(rpl-dag.o)
 .text.rpl_set_preferred_parent
                0x00005b44       0x30 contiki-sky.a(rpl-dag.o)
 .text.set_ip_from_prefix
                0x00005b74       0x38 contiki-sky.a(rpl-dag.o)
 .text.check_prefix
                0x00005bac       0x80 contiki-sky.a(rpl-dag.o)
 .text.rpl_dag_init
                0x00005c2c        0xe contiki-sky.a(rpl-dag.o)
                0x00005c2c                rpl_dag_init
 .text.rpl_get_parent_ipaddr
                0x00005c3a       0x10 contiki-sky.a(rpl-dag.o)
                0x00005c3a                rpl_get_parent_ipaddr
 .text.rpl_set_prefix
                0x00005c4a       0x8e contiki-sky.a(rpl-dag.o)
                0x00005c4a                rpl_set_prefix
 .text.rpl_set_default_route
                0x00005cd8       0x5a contiki-sky.a(rpl-dag.o)
                0x00005cd8                rpl_set_default_route
 .text.rpl_alloc_instance
                0x00005d32       0x2c contiki-sky.a(rpl-dag.o)
                0x00005d32                rpl_alloc_instance
 .text.rpl_add_parent
                0x00005d5e       0x3c contiki-sky.a(rpl-dag.o)
                0x00005d5e                rpl_add_parent
 .text.rpl_find_parent
                0x00005d9a       0x1a contiki-sky.a(rpl-dag.o)
                0x00005d9a                rpl_find_parent
 .text.rpl_find_parent_any_dag
                0x00005db4       0x22 contiki-sky.a(rpl-dag.o)
                0x00005db4                rpl_find_parent_any_dag
 .text.rpl_select_parent
                0x00005dd6       0x5c contiki-sky.a(rpl-dag.o)
                0x00005dd6                rpl_select_parent
 .text.rpl_select_dag
                0x00005e32      0x182 contiki-sky.a(rpl-dag.o)
                0x00005e32                rpl_select_dag
 .text.rpl_nullify_parent
                0x00005fb4       0x4e contiki-sky.a(rpl-dag.o)
                0x00005fb4                rpl_nullify_parent
 .text.rpl_remove_parent
                0x00006002       0x16 contiki-sky.a(rpl-dag.o)
                0x00006002                rpl_remove_parent
 .text.remove_parents.constprop.2
                0x00006018       0x32 contiki-sky.a(rpl-dag.o)
 .text.rpl_free_dag
                0x0000604a       0x36 contiki-sky.a(rpl-dag.o)
                0x0000604a                rpl_free_dag
 .text.rpl_free_instance
                0x00006080       0x5c contiki-sky.a(rpl-dag.o)
                0x00006080                rpl_free_instance
 .text.rpl_move_parent
                0x000060dc       0x6e contiki-sky.a(rpl-dag.o)
                0x000060dc                rpl_move_parent
 .text.rpl_get_any_dag
                0x0000614a       0x18 contiki-sky.a(rpl-dag.o)
                0x0000614a                rpl_get_any_dag
 .text.rpl_get_instance
                0x00006162       0x1a contiki-sky.a(rpl-dag.o)
                0x00006162                rpl_get_instance
 .text.get_dag  0x0000617c       0x56 contiki-sky.a(rpl-dag.o)
 .text.rpl_alloc_dag
                0x000061d2       0x66 contiki-sky.a(rpl-dag.o)
                0x000061d2                rpl_alloc_dag
 .text.rpl_set_root
                0x00006238       0xe8 contiki-sky.a(rpl-dag.o)
                0x00006238                rpl_set_root
 .text.rpl_repair_root
                0x00006320       0x50 contiki-sky.a(rpl-dag.o)
                0x00006320                rpl_repair_root
 .text.rpl_find_of
                0x00006370       0x10 contiki-sky.a(rpl-dag.o)
                0x00006370                rpl_find_of
 .text.rpl_join_instance
                0x00006380      0x13c contiki-sky.a(rpl-dag.o)
                0x00006380                rpl_join_instance
 .text.rpl_local_repair
                0x000064bc       0x7c contiki-sky.a(rpl-dag.o)
                0x000064bc                rpl_local_repair
 .text.rpl_process_parent_event
                0x00006538       0x4e contiki-sky.a(rpl-dag.o)
                0x00006538                rpl_process_parent_event
 .text.rpl_recalculate_ranks
                0x00006586       0x42 contiki-sky.a(rpl-dag.o)
                0x00006586                rpl_recalculate_ranks
 .text.rpl_add_dag
                0x000065c8      0x112 contiki-sky.a(rpl-dag.o)
                0x000065c8                rpl_add_dag
 .text.rpl_process_dio
                0x000066da      0x26c contiki-sky.a(rpl-dag.o)
                0x000066da                rpl_process_dio
 .text.get32    0x00006946       0x46 contiki-sky.a(rpl-icmp6.o)
 .text.set32    0x0000698c       0x2a contiki-sky.a(rpl-icmp6.o)
 .text.get16    0x000069b6        0xe contiki-sky.a(rpl-icmp6.o)
 .text.set16    0x000069c4       0x10 contiki-sky.a(rpl-icmp6.o)
 .text.dis_output
                0x000069d4       0x50 contiki-sky.a(rpl-icmp6.o)
                0x000069d4                dis_output
 .text.dio_output
                0x00006a24      0x264 contiki-sky.a(rpl-icmp6.o)
                0x00006a24                dio_output
 .text.dao_output_target
                0x00006c88       0xe2 contiki-sky.a(rpl-icmp6.o)
                0x00006c88                dao_output_target
 .text.dao_output
                0x00006d6a       0x80 contiki-sky.a(rpl-icmp6.o)
                0x00006d6a                dao_output
 .text.dao_ack_output
                0x00006dea       0x32 contiki-sky.a(rpl-icmp6.o)
                0x00006dea                dao_ack_output
 .text.uip_rpl_input
                0x00006e1c      0x538 contiki-sky.a(rpl-icmp6.o)
                0x00006e1c                uip_rpl_input
 .text.new_dio_interval
                0x00007354       0x92 contiki-sky.a(rpl-timers.o)
 .text.handle_periodic_timer
                0x000073e6       0x2e contiki-sky.a(rpl-timers.o)
 .text.handle_dao_timer
                0x00007414       0x50 contiki-sky.a(rpl-timers.o)
 .text.handle_dio_timer
                0x00007464       0x82 contiki-sky.a(rpl-timers.o)
 .text.rpl_reset_periodic_timer
                0x000074e6       0x60 contiki-sky.a(rpl-timers.o)
                0x000074e6                rpl_reset_periodic_timer
 .text.rpl_reset_dio_timer
                0x00007546       0x18 contiki-sky.a(rpl-timers.o)
                0x00007546                rpl_reset_dio_timer
 .text.rpl_schedule_dao
                0x0000755e       0x50 contiki-sky.a(rpl-timers.o)
                0x0000755e                rpl_schedule_dao
 .text.reset    0x000075ae        0x2 contiki-sky.a(rpl-mrhof.o)
 .text.neighbor_link_callback
                0x000075b0       0x8a contiki-sky.a(rpl-mrhof.o)
 .text.calculate_rank
                0x0000763a       0x30 contiki-sky.a(rpl-mrhof.o)
 .text.best_parent
                0x0000766a       0x52 contiki-sky.a(rpl-mrhof.o)
 .text.update_metric_container
                0x000076bc        0x6 contiki-sky.a(rpl-mrhof.o)
 .text.best_dag
                0x000076c2       0x34 contiki-sky.a(rpl-mrhof.o)
 .text.call_process
                0x000076f6       0x4a contiki-sky.a(process.o)
 .text.exit_process
                0x00007740       0x96 contiki-sky.a(process.o)
 .text.do_poll  0x000077d6       0x30 contiki-sky.a(process.o)
 .text.process_alloc_event
                0x00007806        0xe contiki-sky.a(process.o)
                0x00007806                process_alloc_event
 .text.process_init
                0x00007814       0x1c contiki-sky.a(process.o)
                0x00007814                process_init
 .text.process_run
                0x00007830       0xa2 contiki-sky.a(process.o)
                0x00007830                process_run
 .text.process_nevents
                0x000078d2        0xe contiki-sky.a(process.o)
                0x000078d2                process_nevents
 .text.process_post
                0x000078e0       0x54 contiki-sky.a(process.o)
                0x000078e0                process_post
 .text.process_post_synch
                0x00007934       0x12 contiki-sky.a(process.o)
                0x00007934                process_post_synch
 .text.process_start
                0x00007946       0x32 contiki-sky.a(process.o)
                0x00007946                process_start
 .text.process_poll
                0x00007978       0x18 contiki-sky.a(process.o)
                0x00007978                process_poll
 .text.autostart_start
                0x00007990       0x16 contiki-sky.a(autostart.o)
                0x00007990                autostart_start
 .text.compower_accumulate
                0x000079a6       0x72 contiki-sky.a(compower.o)
                0x000079a6                compower_accumulate
 .text.compower_clear
                0x00007a18       0x12 contiki-sky.a(compower.o)
                0x00007a18                compower_clear
 .text.compower_attrconv
                0x00007a2a       0x10 contiki-sky.a(compower.o)
                0x00007a2a                compower_attrconv
 .text.memb_init
                0x00007a3a       0x36 contiki-sky.a(memb.o)
                0x00007a3a                memb_init
 .text.memb_alloc
                0x00007a70       0x3e contiki-sky.a(memb.o)
                0x00007a70                memb_alloc
 .text.memb_free
                0x00007aae       0x3a contiki-sky.a(memb.o)
                0x00007aae                memb_free
 .text.memb_inmemb
                0x00007ae8       0x2e contiki-sky.a(memb.o)
                0x00007ae8                memb_inmemb
 .text.timer_set
                0x00007b16       0x1c contiki-sky.a(timer.o)
                0x00007b16                timer_set
 .text.timer_reset
                0x00007b32        0xe contiki-sky.a(timer.o)
                0x00007b32                timer_reset
 .text.timer_restart
                0x00007b40       0x14 contiki-sky.a(timer.o)
                0x00007b40                timer_restart
 .text.timer_expired
                0x00007b54       0x2a contiki-sky.a(timer.o)
                0x00007b54                timer_expired
 .text.list_init
                0x00007b7e        0x6 contiki-sky.a(list.o)
                0x00007b7e                list_init
 .text.list_head
                0x00007b84        0x4 contiki-sky.a(list.o)
                0x00007b84                list_head
 .text.list_tail
                0x00007b88       0x12 contiki-sky.a(list.o)
                0x00007b88                list_tail
 .text.list_remove
                0x00007b9a       0x34 contiki-sky.a(list.o)
                0x00007b9a                list_remove
 .text.list_push
                0x00007bce       0x1a contiki-sky.a(list.o)
                0x00007bce                list_push
 .text.list_add
                0x00007be8       0x2a contiki-sky.a(list.o)
                0x00007be8                list_add
 .text.list_length
                0x00007c12       0x10 contiki-sky.a(list.o)
                0x00007c12                list_length
 .text.list_item_next
                0x00007c22        0xc contiki-sky.a(list.o)
                0x00007c22                list_item_next
 .text.update_time
                0x00007c2e       0x78 contiki-sky.a(etimer.o)
 .text.etimer_request_poll
                0x00007ca6        0xa contiki-sky.a(etimer.o)
                0x00007ca6                etimer_request_poll
 .text.process_thread_etimer_process
                0x00007cb0       0xc8 contiki-sky.a(etimer.o)
 .text.add_timer
                0x00007d78       0x40 contiki-sky.a(etimer.o)
 .text.etimer_set
                0x00007db8       0x12 contiki-sky.a(etimer.o)
                0x00007db8                etimer_set
 .text.etimer_reset
                0x00007dca       0x12 contiki-sky.a(etimer.o)
                0x00007dca                etimer_reset
 .text.etimer_restart
                0x00007ddc       0x12 contiki-sky.a(etimer.o)
                0x00007ddc                etimer_restart
 .text.etimer_expired
                0x00007dee        0xe contiki-sky.a(etimer.o)
                0x00007dee                etimer_expired
 .text.etimer_expiration_time
                0x00007dfc       0x14 contiki-sky.a(etimer.o)
                0x00007dfc                etimer_expiration_time
 .text.etimer_pending
                0x00007e10        0xc contiki-sky.a(etimer.o)
                0x00007e10                etimer_pending
 .text.etimer_next_expiration_time
                0x00007e1c       0x16 contiki-sky.a(etimer.o)
                0x00007e1c                etimer_next_expiration_time
 .text.etimer_stop
                0x00007e32       0x3c contiki-sky.a(etimer.o)
                0x00007e32                etimer_stop
 .text.process_thread_ctimer_process
                0x00007e6e       0xa4 contiki-sky.a(ctimer.o)
 .text.ctimer_init
                0x00007f12       0x18 contiki-sky.a(ctimer.o)
                0x00007f12                ctimer_init
 .text.ctimer_set
                0x00007f2a       0x5a contiki-sky.a(ctimer.o)
                0x00007f2a                ctimer_set
 .text.ctimer_reset
                0x00007f84       0x3a contiki-sky.a(ctimer.o)
                0x00007f84                ctimer_reset
 .text.ctimer_stop
                0x00007fbe       0x28 contiki-sky.a(ctimer.o)
                0x00007fbe                ctimer_stop
 .text.energest_init
                0x00007fe6       0x28 contiki-sky.a(energest.o)
                0x00007fe6                energest_init
 .text.energest_type_time
                0x0000800e       0x46 contiki-sky.a(energest.o)
                0x0000800e                energest_type_time
 .text.energest_type_set
                0x00008054        0xe contiki-sky.a(energest.o)
                0x00008054                energest_type_set
 .text.energest_flush
                0x00008062       0x48 contiki-sky.a(energest.o)
                0x00008062                energest_flush
 .text.rtimer_init
                0x000080aa        0x6 contiki-sky.a(rtimer.o)
                0x000080aa                rtimer_init
 .text.rtimer_set
                0x000080b0       0x24 contiki-sky.a(rtimer.o)
                0x000080b0                rtimer_set
 .text.rtimer_run_next
                0x000080d4       0x26 contiki-sky.a(rtimer.o)
                0x000080d4                rtimer_run_next
 .text.stimer_set
                0x000080fa       0x1c contiki-sky.a(stimer.o)
                0x000080fa                stimer_set
 .text.stimer_expired
                0x00008116       0x30 contiki-sky.a(stimer.o)
                0x00008116                stimer_expired
 .text.random_init
                0x00008146        0x6 contiki-sky.a(random.o)
                0x00008146                random_init
 .text.random_rand
                0x0000814c        0x6 contiki-sky.a(random.o)
                0x0000814c                random_rand
 .text.index_from_key
                0x00008152       0x48 contiki-sky.a(nbr-table.o)
 .text.item_from_key
                0x0000819a       0x34 contiki-sky.a(nbr-table.o)
 .text.nbr_set_bit
                0x000081ce       0x8e contiki-sky.a(nbr-table.o)
 .text.index_from_lladdr
                0x0000825c       0x42 contiki-sky.a(nbr-table.o)
 .text.nbr_get_bit.constprop.0
                0x0000829e       0x62 contiki-sky.a(nbr-table.o)
 .text.nbr_table_register
                0x00008300       0x28 contiki-sky.a(nbr-table.o)
                0x00008300                nbr_table_register
 .text.nbr_table_next
                0x00008328       0x90 contiki-sky.a(nbr-table.o)
                0x00008328                nbr_table_next
 .text.nbr_table_head
                0x000083b8       0x36 contiki-sky.a(nbr-table.o)
                0x000083b8                nbr_table_head
 .text.nbr_table_add_lladdr
                0x000083ee      0x144 contiki-sky.a(nbr-table.o)
                0x000083ee                nbr_table_add_lladdr
 .text.nbr_table_get_from_lladdr
                0x00008532       0x48 contiki-sky.a(nbr-table.o)
                0x00008532                nbr_table_get_from_lladdr
 .text.nbr_table_remove
                0x0000857a       0x32 contiki-sky.a(nbr-table.o)
                0x0000857a                nbr_table_remove
 .text.nbr_table_lock
                0x000085ac       0x10 contiki-sky.a(nbr-table.o)
                0x000085ac                nbr_table_lock
 .text.nbr_table_unlock
                0x000085bc       0x10 contiki-sky.a(nbr-table.o)
                0x000085bc                nbr_table_unlock
 .text.nbr_table_get_lladdr
                0x000085cc       0x5a contiki-sky.a(nbr-table.o)
                0x000085cc                nbr_table_get_lladdr
 .text.packetbuf_copyto_hdr
                0x00008626       0x1c contiki-sky.a(packetbuf.o)
                0x00008626                packetbuf_copyto_hdr
 .text.packetbuf_copyto
                0x00008642       0x52 contiki-sky.a(packetbuf.o)
                0x00008642                packetbuf_copyto
 .text.packetbuf_hdr_remove
                0x00008694        0x6 contiki-sky.a(packetbuf.o)
                0x00008694                packetbuf_hdr_remove
 .text.packetbuf_hdrreduce
                0x0000869a       0x1a contiki-sky.a(packetbuf.o)
                0x0000869a                packetbuf_hdrreduce
 .text.packetbuf_set_datalen
                0x000086b4        0x6 contiki-sky.a(packetbuf.o)
                0x000086b4                packetbuf_set_datalen
 .text.packetbuf_dataptr
                0x000086ba        0xe contiki-sky.a(packetbuf.o)
                0x000086ba                packetbuf_dataptr
 .text.packetbuf_hdrptr
                0x000086c8        0xa contiki-sky.a(packetbuf.o)
                0x000086c8                packetbuf_hdrptr
 .text.packetbuf_is_reference
                0x000086d2        0xe contiki-sky.a(packetbuf.o)
                0x000086d2                packetbuf_is_reference
 .text.packetbuf_compact
                0x000086e0       0x48 contiki-sky.a(packetbuf.o)
                0x000086e0                packetbuf_compact
 .text.packetbuf_reference_ptr
                0x00008728        0x6 contiki-sky.a(packetbuf.o)
                0x00008728                packetbuf_reference_ptr
 .text.packetbuf_datalen
                0x0000872e        0x6 contiki-sky.a(packetbuf.o)
                0x0000872e                packetbuf_datalen
 .text.packetbuf_totlen
                0x00008734       0x10 contiki-sky.a(packetbuf.o)
                0x00008734                packetbuf_totlen
 .text.packetbuf_hdralloc
                0x00008744       0x2e contiki-sky.a(packetbuf.o)
                0x00008744                packetbuf_hdralloc
 .text.packetbuf_attr_clear
                0x00008772       0x30 contiki-sky.a(packetbuf.o)
                0x00008772                packetbuf_attr_clear
 .text.packetbuf_clear
                0x000087a2       0x1a contiki-sky.a(packetbuf.o)
                0x000087a2                packetbuf_clear
 .text.packetbuf_copyfrom
                0x000087bc       0x2e contiki-sky.a(packetbuf.o)
                0x000087bc                packetbuf_copyfrom
 .text.packetbuf_attr_copyto
                0x000087ea       0x22 contiki-sky.a(packetbuf.o)
                0x000087ea                packetbuf_attr_copyto
 .text.packetbuf_attr_copyfrom
                0x0000880c       0x24 contiki-sky.a(packetbuf.o)
                0x0000880c                packetbuf_attr_copyfrom
 .text.psock_send
                0x00008830       0xaa contiki-sky.a(psock.o)
                0x00008830                psock_send
 .text.psock_datalen
                0x000088da        0xc contiki-sky.a(psock.o)
                0x000088da                psock_datalen
 .text.psock_newdata
                0x000088e6       0x26 contiki-sky.a(psock.o)
                0x000088e6                psock_newdata
 .text.psock_readto
                0x0000890c       0xa6 contiki-sky.a(psock.o)
                0x0000890c                psock_readto
 .text.psock_init
                0x000089b2       0x22 contiki-sky.a(psock.o)
                0x000089b2                psock_init
 .text.queuebuf_init
                0x000089d4       0x1a contiki-sky.a(queuebuf.o)
                0x000089d4                queuebuf_init
 .text.queuebuf_new_from_packetbuf
                0x000089ee       0x7e contiki-sky.a(queuebuf.o)
                0x000089ee                queuebuf_new_from_packetbuf
 .text.queuebuf_update_attr_from_packetbuf
                0x00008a6c       0x12 contiki-sky.a(queuebuf.o)
                0x00008a6c                queuebuf_update_attr_from_packetbuf
 .text.queuebuf_free
                0x00008a7e       0x40 contiki-sky.a(queuebuf.o)
                0x00008a7e                queuebuf_free
 .text.queuebuf_to_packetbuf
                0x00008abe       0x6e contiki-sky.a(queuebuf.o)
                0x00008abe                queuebuf_to_packetbuf
 .text.queuebuf_attr
                0x00008b2c        0xe contiki-sky.a(queuebuf.o)
                0x00008b2c                queuebuf_attr
 .text.set_packet_attrs
                0x00008b3a       0x44 contiki-sky.a(sicslowpan.o)
 .text.addr_context_lookup_by_number
                0x00008b7e       0x36 contiki-sky.a(sicslowpan.o)
 .text.compress_addr_64
                0x00008bb4       0xae contiki-sky.a(sicslowpan.o)
 .text.uncompress_addr
                0x00008c62       0xb4 contiki-sky.a(sicslowpan.o)
 .text.input    0x00008d16      0x642 contiki-sky.a(sicslowpan.o)
 .text.sicslowpan_init
                0x00009358       0x26 contiki-sky.a(sicslowpan.o)
                0x00009358                sicslowpan_init
 .text.addr_context_lookup_by_prefix
                0x0000937e       0x4c contiki-sky.a(sicslowpan.o)
 .text.send_packet
                0x000093ca       0x1a contiki-sky.a(sicslowpan.o)
 .text.output   0x000093e4      0x700 contiki-sky.a(sicslowpan.o)
 .text.packet_sent
                0x00009ae4       0x22 contiki-sky.a(sicslowpan.o)
 .text.start_periodic_tcp_timer
                0x00009b06       0x16 contiki-sky.a(tcpip.o)
 .text.tcpip_output
                0x00009b1c       0x10 contiki-sky.a(tcpip.o)
                0x00009b1c                tcpip_output
 .text.tcpip_set_outputfunc
                0x00009b2c        0x6 contiki-sky.a(tcpip.o)
                0x00009b2c                tcpip_set_outputfunc
 .text.tcp_listen
                0x00009b32       0x34 contiki-sky.a(tcpip.o)
                0x00009b32                tcp_listen
 .text.tcp_attach
                0x00009b66        0xc contiki-sky.a(tcpip.o)
                0x00009b66                tcp_attach
 .text.tcpip_input
                0x00009b72       0x16 contiki-sky.a(tcpip.o)
                0x00009b72                tcpip_input
 .text.tcpip_ipv6_output
                0x00009b88      0x15e contiki-sky.a(tcpip.o)
                0x00009b88                tcpip_ipv6_output
 .text.process_thread_tcpip_process
                0x00009ce6      0x1d4 contiki-sky.a(tcpip.o)
 .text.tcpip_uipcall
                0x00009eba       0x72 contiki-sky.a(tcpip.o)
                0x00009eba                tcpip_uipcall
 .text.uip_debug_ipaddr_print
                0x00009f2c       0x7c contiki-sky.a(uip-debug.o)
                0x00009f2c                uip_debug_ipaddr_print
 .text.call_route_callback
                0x00009fa8       0x4c contiki-sky.a(uip-ds6-route.o)
 .text.uip_ds6_route_init
                0x00009ff4       0x2e contiki-sky.a(uip-ds6-route.o)
                0x00009ff4                uip_ds6_route_init
 .text.uip_ds6_route_nexthop
                0x0000a022       0x1a contiki-sky.a(uip-ds6-route.o)
                0x0000a022                uip_ds6_route_nexthop
 .text.uip_ds6_route_head
                0x0000a03c       0x28 contiki-sky.a(uip-ds6-route.o)
                0x0000a03c                uip_ds6_route_head
 .text.uip_ds6_route_next
                0x0000a064       0x3a contiki-sky.a(uip-ds6-route.o)
                0x0000a064                uip_ds6_route_next
 .text.uip_ds6_route_lookup
                0x0000a09e       0x5e contiki-sky.a(uip-ds6-route.o)
                0x0000a09e                uip_ds6_route_lookup
 .text.uip_ds6_route_add
                0x0000a0fc       0xb4 contiki-sky.a(uip-ds6-route.o)
                0x0000a0fc                uip_ds6_route_add
 .text.uip_ds6_route_rm
                0x0000a1b0       0x60 contiki-sky.a(uip-ds6-route.o)
                0x0000a1b0                uip_ds6_route_rm
 .text.rm_routelist
                0x0000a210       0x30 contiki-sky.a(uip-ds6-route.o)
 .text.rm_routelist_callback
                0x0000a240        0x6 contiki-sky.a(uip-ds6-route.o)
 .text.uip_ds6_defrt_rm
                0x0000a246       0x48 contiki-sky.a(uip-ds6-route.o)
                0x0000a246                uip_ds6_defrt_rm
 .text.uip_ds6_defrt_lookup
                0x0000a28e       0x36 contiki-sky.a(uip-ds6-route.o)
                0x0000a28e                uip_ds6_defrt_lookup
 .text.uip_ds6_defrt_add
                0x0000a2c4       0x74 contiki-sky.a(uip-ds6-route.o)
                0x0000a2c4                uip_ds6_defrt_add
 .text.uip_ds6_defrt_choose
                0x0000a338       0x3a contiki-sky.a(uip-ds6-route.o)
                0x0000a338                uip_ds6_defrt_choose
 .text.uip_ds6_defrt_periodic
                0x0000a372       0x38 contiki-sky.a(uip-ds6-route.o)
                0x0000a372                uip_ds6_defrt_periodic
 .text.uip_ds6_nbr_rm
                0x0000a3aa       0x1a contiki-sky.a(uip-ds6-nbr.o)
                0x0000a3aa                uip_ds6_nbr_rm
 .text.uip_ds6_neighbors_init
                0x0000a3c4        0xe contiki-sky.a(uip-ds6-nbr.o)
                0x0000a3c4                uip_ds6_neighbors_init
 .text.uip_ds6_nbr_add
                0x0000a3d2       0x60 contiki-sky.a(uip-ds6-nbr.o)
                0x0000a3d2                uip_ds6_nbr_add
 .text.uip_ds6_nbr_get_ll
                0x0000a432        0xc contiki-sky.a(uip-ds6-nbr.o)
                0x0000a432                uip_ds6_nbr_get_ll
 .text.uip_ds6_nbr_lookup
                0x0000a43e       0x42 contiki-sky.a(uip-ds6-nbr.o)
                0x0000a43e                uip_ds6_nbr_lookup
 .text.uip_ds6_nbr_ll_lookup
                0x0000a480        0xc contiki-sky.a(uip-ds6-nbr.o)
                0x0000a480                uip_ds6_nbr_ll_lookup
 .text.uip_ds6_nbr_ipaddr_from_lladdr
                0x0000a48c        0x6 contiki-sky.a(uip-ds6-nbr.o)
                0x0000a48c                uip_ds6_nbr_ipaddr_from_lladdr
 .text.uip_ds6_nbr_lladdr_from_ipaddr
                0x0000a492       0x12 contiki-sky.a(uip-ds6-nbr.o)
                0x0000a492                uip_ds6_nbr_lladdr_from_ipaddr
 .text.uip_ds6_link_neighbor_callback
                0x0000a4a4       0x2a contiki-sky.a(uip-ds6-nbr.o)
                0x0000a4a4                uip_ds6_link_neighbor_callback
 .text.uip_ds6_neighbor_periodic
                0x0000a4ce       0xfc contiki-sky.a(uip-ds6-nbr.o)
                0x0000a4ce                uip_ds6_neighbor_periodic
 .text.uip_ds6_list_loop
                0x0000a5ca       0x86 contiki-sky.a(uip-ds6.o)
                0x0000a5ca                uip_ds6_list_loop
 .text.uip_ds6_prefix_add
                0x0000a650       0x80 contiki-sky.a(uip-ds6.o)
                0x0000a650                uip_ds6_prefix_add
 .text.uip_ds6_is_addr_onlink
                0x0000a6d0       0x54 contiki-sky.a(uip-ds6.o)
                0x0000a6d0                uip_ds6_is_addr_onlink
 .text.uip_ds6_addr_lookup
                0x0000a724       0x2a contiki-sky.a(uip-ds6.o)
                0x0000a724                uip_ds6_addr_lookup
 .text.uip_ds6_get_link_local
                0x0000a74e       0x3e contiki-sky.a(uip-ds6.o)
                0x0000a74e                uip_ds6_get_link_local
 .text.uip_ds6_maddr_add
                0x0000a78c       0x4c contiki-sky.a(uip-ds6.o)
                0x0000a78c                uip_ds6_maddr_add
 .text.uip_ds6_addr_add
                0x0000a7d8       0xc4 contiki-sky.a(uip-ds6.o)
                0x0000a7d8                uip_ds6_addr_add
 .text.uip_ds6_maddr_lookup
                0x0000a89c       0x2a contiki-sky.a(uip-ds6.o)
                0x0000a89c                uip_ds6_maddr_lookup
 .text.uip_ds6_addr_rm
                0x0000a8c6       0x54 contiki-sky.a(uip-ds6.o)
                0x0000a8c6                uip_ds6_addr_rm
 .text.uip_ds6_periodic
                0x0000a91a       0x4a contiki-sky.a(uip-ds6.o)
                0x0000a91a                uip_ds6_periodic
 .text.uip_ds6_set_addr_iid
                0x0000a964       0x14 contiki-sky.a(uip-ds6.o)
                0x0000a964                uip_ds6_set_addr_iid
 .text.get_match_length
                0x0000a978       0x3e contiki-sky.a(uip-ds6.o)
                0x0000a978                get_match_length
 .text.uip_ds6_select_src
                0x0000a9b6       0xaa contiki-sky.a(uip-ds6.o)
                0x0000a9b6                uip_ds6_select_src
 .text.uip_ds6_compute_reachable_time
                0x0000aa60       0x3e contiki-sky.a(uip-ds6.o)
                0x0000aa60                uip_ds6_compute_reachable_time
 .text.uip_ds6_init
                0x0000aa9e      0x154 contiki-sky.a(uip-ds6.o)
                0x0000aa9e                uip_ds6_init
 .text.uip_icmp6_echo_request_input
                0x0000abf2      0x12c contiki-sky.a(uip-icmp6.o)
                0x0000abf2                uip_icmp6_echo_request_input
 .text.uip_icmp6_error_output
                0x0000ad1e      0x17a contiki-sky.a(uip-icmp6.o)
                0x0000ad1e                uip_icmp6_error_output
 .text.uip_icmp6_send
                0x0000ae98       0x96 contiki-sky.a(uip-icmp6.o)
                0x0000ae98                uip_icmp6_send
 .text.create_llao
                0x0000af2e       0x2c contiki-sky.a(uip-nd6.o)
 .text.uip_nd6_ns_input
                0x0000af5a      0x230 contiki-sky.a(uip-nd6.o)
                0x0000af5a                uip_nd6_ns_input
 .text.uip_nd6_ns_output
                0x0000b18a      0x158 contiki-sky.a(uip-nd6.o)
                0x0000b18a                uip_nd6_ns_output
 .text.uip_nd6_na_input
                0x0000b2e2      0x1b6 contiki-sky.a(uip-nd6.o)
                0x0000b2e2                uip_nd6_na_input
 .text.chksum   0x0000b498       0x32 contiki-sky.a(uip6.o)
 .text.upper_layer_chksum
                0x0000b4ca       0x56 contiki-sky.a(uip6.o)
 .text.ext_hdr_options_process
                0x0000b520       0xda contiki-sky.a(uip6.o)
 .text.uip_add32
                0x0000b5fa       0x68 contiki-sky.a(uip6.o)
                0x0000b5fa                uip_add32
 .text.unlikely.uip_add_rcv_nxt
                0x0000b662       0x2e contiki-sky.a(uip6.o)
 .text.uip_icmp6chksum
                0x0000b690        0xa contiki-sky.a(uip6.o)
                0x0000b690                uip_icmp6chksum
 .text.uip_tcpchksum
                0x0000b69a        0xa contiki-sky.a(uip6.o)
                0x0000b69a                uip_tcpchksum
 .text.uip_udpchksum
                0x0000b6a4        0xa contiki-sky.a(uip6.o)
                0x0000b6a4                uip_udpchksum
 .text.uip_init
                0x0000b6ae       0x72 contiki-sky.a(uip6.o)
                0x0000b6ae                uip_init
 .text.remove_ext_hdr
                0x0000b720       0x5a contiki-sky.a(uip6.o)
                0x0000b720                remove_ext_hdr
 .text.uip_unlisten
                0x0000b77a       0x2a contiki-sky.a(uip6.o)
                0x0000b77a                uip_unlisten
 .text.uip_listen
                0x0000b7a4       0x2c contiki-sky.a(uip6.o)
                0x0000b7a4                uip_listen
 .text.uip_process
                0x0000b7d0      0xec6 contiki-sky.a(uip6.o)
                0x0000b7d0                uip_process
 .text.uip_htonl
                0x0000c696       0x2e contiki-sky.a(uip6.o)
                0x0000c696                uip_htonl
 .text.uip_send
                0x0000c6c4       0x58 contiki-sky.a(uip6.o)
                0x0000c6c4                uip_send
 .text.init_platform
                0x0000c71c        0xc contiki-sky.a(contiki-sky-pla)
                0x0000c71c                init_platform
 .text.status   0x0000c728       0x16 contiki-sky.a(button-sensor.o)
 .text.configure
                0x0000c73e       0x52 contiki-sky.a(button-sensor.o)
 .text.value    0x0000c790       0x22 contiki-sky.a(button-sensor.o)
 .text.irq_p2   0x0000c7b2       0x8a contiki-sky.a(button-sensor.o)
                0x0000c7b2                irq_p2
                0x0000c7b2                __isr_1
 .text.owreadb  0x0000c83c       0x52 contiki-sky.a(ds2411.o)
 .text.ds2411_init
                0x0000c88e      0x122 contiki-sky.a(ds2411.o)
                0x0000c88e                ds2411_init
 .text.wait_ready
                0x0000c9b0       0x50 contiki-sky.a(xmem.o)
 .text.xmem_init
                0x0000ca00       0x3e contiki-sky.a(xmem.o)
                0x0000ca00                xmem_init
 .text.xmem_pread
                0x0000ca3e       0xea contiki-sky.a(xmem.o)
                0x0000ca3e                xmem_pread
 .text.node_id_restore
                0x0000cb28       0x38 contiki-sky.a(node-id.o)
                0x0000cb28                node_id_restore
 .text.process_thread_sensors_process
                0x0000cb60       0xbe contiki-sky.a(sensors.o)
 .text.sensors_changed
                0x0000cc1e       0x2a contiki-sky.a(sensors.o)
                0x0000cc1e                sensors_changed
 .text.strobe   0x0000cc48       0x20 contiki-sky.a(cc2420.o)
 .text.status   0x0000cc68       0x26 contiki-sky.a(cc2420.o)
 .text.getreg   0x0000cc8e       0x54 contiki-sky.a(cc2420.o)
 .text.setreg   0x0000cce2       0x52 contiki-sky.a(cc2420.o)
 .text.set_txpower
                0x0000cd34       0x26 contiki-sky.a(cc2420.o)
 .text.cc2420_receiving_packet
                0x0000cd5a        0xe contiki-sky.a(cc2420.o)
 .text.pending_packet
                0x0000cd68        0x8 contiki-sky.a(cc2420.o)
 .text.on       0x0000cd70       0x40 contiki-sky.a(cc2420.o)
 .text.flushrx  0x0000cdb0       0x7a contiki-sky.a(cc2420.o)
 .text.off      0x0000ce2a       0x72 contiki-sky.a(cc2420.o)
 .text.RELEASE_LOCK
                0x0000ce9c       0x28 contiki-sky.a(cc2420.o)
 .text.cc2420_prepare
                0x0000cec4       0x8a contiki-sky.a(cc2420.o)
 .text.getrxdata
                0x0000cf4e       0x56 contiki-sky.a(cc2420.o)
 .text.cc2420_on
                0x0000cfa4       0x22 contiki-sky.a(cc2420.o)
                0x0000cfa4                cc2420_on
 .text.cc2420_off
                0x0000cfc6       0x30 contiki-sky.a(cc2420.o)
                0x0000cfc6                cc2420_off
 .text.cc2420_cca
                0x0000cff6       0x74 contiki-sky.a(cc2420.o)
 .text.cc2420_read
                0x0000d06a       0xe6 contiki-sky.a(cc2420.o)
 .text.process_thread_cc2420_process
                0x0000d150       0x50 contiki-sky.a(cc2420.o)
 .text.cc2420_set_channel
                0x0000d1a0       0x78 contiki-sky.a(cc2420.o)
                0x0000d1a0                cc2420_set_channel
 .text.cc2420_set_pan_addr
                0x0000d218      0x14a contiki-sky.a(cc2420.o)
                0x0000d218                cc2420_set_pan_addr
 .text.cc2420_init
                0x0000d362       0xd0 contiki-sky.a(cc2420.o)
                0x0000d362                cc2420_init
 .text.cc2420_interrupt
                0x0000d432       0x20 contiki-sky.a(cc2420.o)
                0x0000d432                cc2420_interrupt
 .text.cc2420_get_txpower
                0x0000d452       0x1e contiki-sky.a(cc2420.o)
                0x0000d452                cc2420_get_txpower
 .text.cc2420_transmit
                0x0000d470      0x1a0 contiki-sky.a(cc2420.o)
 .text.cc2420_send
                0x0000d610       0x12 contiki-sky.a(cc2420.o)
 .text.cc2420_port1_interrupt
                0x0000d622       0x62 contiki-sky.a(cc2420-arch.o)
                0x0000d622                __isr_4
                0x0000d622                cc2420_port1_interrupt
 .text.cc2420_arch_init
                0x0000d684       0x1a contiki-sky.a(cc2420-arch.o)
                0x0000d684                cc2420_arch_init
 .text.handle_rxdma_timer
                0x0000d69e       0x3a contiki-sky.a(uart1.o)
 .text.uart1_active
                0x0000d6d8       0x1a contiki-sky.a(uart1.o)
                0x0000d6d8                uart1_active
 .text.uart1_set_input
                0x0000d6f2       0x20 contiki-sky.a(uart1.o)
                0x0000d6f2                uart1_set_input
 .text.uart1_writeb
                0x0000d712       0x1a contiki-sky.a(uart1.o)
                0x0000d712                uart1_writeb
 .text.uart1_init
                0x0000d72c       0xf6 contiki-sky.a(uart1.o)
                0x0000d72c                uart1_init
 .text.slip_arch_writeb
                0x0000d822        0x6 contiki-sky.a(slip_uart1.o)
                0x0000d822                slip_arch_writeb
 .text.slip_arch_init
                0x0000d828        0xa contiki-sky.a(slip_uart1.o)
                0x0000d828                slip_arch_init
 .text.rxbuf_init
                0x0000d832       0x12 contiki-sky.a(slip.o)
 .text.process_thread_slip_process
                0x0000d844      0x138 contiki-sky.a(slip.o)
 .text.slip_set_input_callback
                0x0000d97c        0x6 contiki-sky.a(slip.o)
                0x0000d97c                slip_set_input_callback
 .text.slip_send
                0x0000d982       0x5e contiki-sky.a(slip.o)
                0x0000d982                slip_send
 .text.slip_input_byte
                0x0000d9e0       0xbe contiki-sky.a(slip.o)
                0x0000d9e0                slip_input_byte
 .text.msp430_init_dco
                0x0000da9e       0x84 contiki-sky.a(msp430.o)
                0x0000da9e                msp430_init_dco
 .text.msp430_add_lpm_req
                0x0000db22        0xc contiki-sky.a(msp430.o)
                0x0000db22                msp430_add_lpm_req
 .text.msp430_cpu_init
                0x0000db2e       0x2a contiki-sky.a(msp430.o)
                0x0000db2e                msp430_cpu_init
 .text.splhigh_
                0x0000db58        0x8 contiki-sky.a(msp430.o)
                0x0000db58                splhigh_
 .text.msp430_sync_dco
                0x0000db60       0x68 contiki-sky.a(msp430.o)
                0x0000db60                msp430_sync_dco
 .text.timera1  0x0000dbc8       0xfe contiki-sky.a(clock.o)
                0x0000dbc8                __isr_5
                0x0000dbc8                timera1
 .text.clock_time
                0x0000dcc6       0x1a contiki-sky.a(clock.o)
                0x0000dcc6                clock_time
 .text.clock_init
                0x0000dce0       0x28 contiki-sky.a(clock.o)
                0x0000dce0                clock_init
 .text.clock_delay
                0x0000dd08        0xc contiki-sky.a(clock.o)
                0x0000dd08                clock_delay
 .text.clock_seconds
                0x0000dd14       0x1a contiki-sky.a(clock.o)
                0x0000dd14                clock_seconds
 .text.show_leds
                0x0000dd2e      0x100 contiki-sky.a(leds.o)
 .text.leds_init
                0x0000de2e        0xe contiki-sky.a(leds.o)
                0x0000de2e                leds_init
 .text.leds_on  0x0000de3c       0x14 contiki-sky.a(leds.o)
                0x0000de3c                leds_on
 .text.leds_off
                0x0000de50       0x14 contiki-sky.a(leds.o)
                0x0000de50                leds_off
 .text.leds_arch_init
                0x0000de64        0xe contiki-sky.a(leds-arch.o)
                0x0000de64                leds_arch_init
 .text.leds_arch_set
                0x0000de72       0x3a contiki-sky.a(leds-arch.o)
                0x0000de72                leds_arch_set
 .text.watchdog_interrupt
                0x0000deac        0x6 contiki-sky.a(watchdog.o)
                0x0000deac                __isr_10
                0x0000deac                watchdog_interrupt
 .text.watchdog_start
                0x0000deb2       0x14 contiki-sky.a(watchdog.o)
                0x0000deb2                watchdog_start
 .text.watchdog_periodic
                0x0000dec6       0x12 contiki-sky.a(watchdog.o)
                0x0000dec6                watchdog_periodic
 .text.watchdog_stop
                0x0000ded8       0x16 contiki-sky.a(watchdog.o)
                0x0000ded8                watchdog_stop
 .text.watchdog_init
                0x0000deee       0x14 contiki-sky.a(watchdog.o)
                0x0000deee                watchdog_init
 .text.rtimer_arch_init
                0x0000df02        0xe contiki-sky.a(rtimer-arch.o)
                0x0000df02                rtimer_arch_init
 .text.rtimer_arch_now
                0x0000df10        0xe contiki-sky.a(rtimer-arch.o)
                0x0000df10                rtimer_arch_now
 .text.timera0  0x0000df1e       0x70 contiki-sky.a(rtimer-arch.o)
                0x0000df1e                __isr_6
                0x0000df1e                timera0
 .text.rtimer_arch_schedule
                0x0000df8e        0x6 contiki-sky.a(rtimer-arch.o)
                0x0000df8e                rtimer_arch_schedule
 .text.mac_call_sent_callback
                0x0000df94       0x14 contiki-sky.a(mac.o)
                0x0000df94                mac_call_sent_callback
 .text.parse    0x0000dfa8       0xaa contiki-sky.a(framer-802154.o)
 .text.create   0x0000e052      0x10e contiki-sky.a(framer-802154.o)
 .text.rpl_purge_routes
                0x0000e160       0x96 contiki-sky.a(rpl.o)
                0x0000e160                rpl_purge_routes
 .text.rpl_remove_routes
                0x0000e1f6       0x22 contiki-sky.a(rpl.o)
                0x0000e1f6                rpl_remove_routes
 .text.rpl_remove_routes_by_nexthop
                0x0000e218       0x46 contiki-sky.a(rpl.o)
                0x0000e218                rpl_remove_routes_by_nexthop
 .text.rpl_add_route
                0x0000e25e       0x44 contiki-sky.a(rpl.o)
                0x0000e25e                rpl_add_route
 .text.rpl_link_neighbor_callback
                0x0000e2a2       0x6a contiki-sky.a(rpl.o)
                0x0000e2a2                rpl_link_neighbor_callback
 .text.rpl_ipv6_neighbor_callback
                0x0000e30c       0x1e contiki-sky.a(rpl.o)
                0x0000e30c                rpl_ipv6_neighbor_callback
 .text.rpl_init
                0x0000e32a       0x40 contiki-sky.a(rpl.o)
                0x0000e32a                rpl_init
 .text.rpl_verify_header
                0x0000e36a       0xbc contiki-sky.a(rpl-ext-header.)
                0x0000e36a                rpl_verify_header
 .text.rpl_update_header_empty
                0x0000e426       0xf0 contiki-sky.a(rpl-ext-header.)
                0x0000e426                rpl_update_header_empty
 .text.rpl_update_header_final
                0x0000e516       0x86 contiki-sky.a(rpl-ext-header.)
                0x0000e516                rpl_update_header_final
 .text.rpl_invert_header
                0x0000e59c       0x4c contiki-sky.a(rpl-ext-header.)
                0x0000e59c                rpl_invert_header
 .text.rpl_insert_header
                0x0000e5e8       0x1c contiki-sky.a(rpl-ext-header.)
                0x0000e5e8                rpl_insert_header
 .text.spi_init
                0x0000e604       0x32 contiki-sky.a(spi.o)
                0x0000e604                spi_init
 .text.field_len
                0x0000e636       0x98 contiki-sky.a(frame802154.o)
 .text.frame802154_hdrlen
                0x0000e6ce       0x2e contiki-sky.a(frame802154.o)
                0x0000e6ce                frame802154_hdrlen
 .text.frame802154_create
                0x0000e6fc      0x172 contiki-sky.a(frame802154.o)
                0x0000e6fc                frame802154_create
 .text.frame802154_parse
                0x0000e86e      0x1e8 contiki-sky.a(frame802154.o)
                0x0000e86e                frame802154_parse
 .text.libgcc   0x0000ea56       0x2c /usr/lib/gcc/msp430/4.6.3/mmpy-16/libgcc.a(_mulsi3.o)
                0x0000ea56                __mulsi3
 .text.libgcc   0x0000ea82       0x22 /usr/lib/gcc/msp430/4.6.3/mmpy-16/libgcc.a(_udivmod16.o)
                0x0000ea82                __udivhi3
                0x0000ea82                __ext_udivmod16
                0x0000ea9c                __umodhi3
 .text.libgcc   0x0000eaa4       0x3a /usr/lib/gcc/msp430/4.6.3/mmpy-16/libgcc.a(_divmod16.o)
                0x0000eaa4                __ext_divmod16
                0x0000eaa4                __divhi3
                0x0000ead6                __modhi3
 .text.libgcc   0x0000eade       0x40 /usr/lib/gcc/msp430/4.6.3/mmpy-16/libgcc.a(_udivmod32.o)
                0x0000eade                __udivsi3
                0x0000eade                __ext_udivmod32
                0x0000eb14                __umodsi3
 .text          0x0000eb1e       0x28 /usr/lib/gcc/msp430/4.6.3/../../../../msp430/lib/mmpy-16/libc.a(strncmp.o)
                0x0000eb1e                strncmp
 .text          0x0000eb46       0x20 /usr/lib/gcc/msp430/4.6.3/../../../../msp430/lib/mmpy-16/libc.a(memcmp.o)
                0x0000eb46                memcmp
 .text          0x0000eb66       0x2a /usr/lib/gcc/msp430/4.6.3/../../../../msp430/lib/mmpy-16/libc.a(strncpy.o)
                0x0000eb66                strncpy
 .text          0x0000eb90       0xfa /usr/lib/gcc/msp430/4.6.3/../../../../msp430/lib/mmpy-16/libc.a(memcpy.o)
                0x0000eb90                memcpy
 .text          0x0000ec8a       0xfa /usr/lib/gcc/msp430/4.6.3/../../../../msp430/lib/mmpy-16/libc.a(memmove.o)
                0x0000ec8a                memmove
 .text          0x0000ed84       0x6a /usr/lib/gcc/msp430/4.6.3/../../../../msp430/lib/mmpy-16/libc.a(memset.o)
                0x0000ed84                memset
 .text          0x0000edee       0x1e /usr/lib/gcc/msp430/4.6.3/../../../../msp430/lib/mmpy-16/libc.a(printf.o)
                0x0000edee                printf
                0x0000edfe                vprintf
 .text          0x0000ee0c       0xbc /usr/lib/gcc/msp430/4.6.3/../../../../msp430/lib/mmpy-16/libc.a(sprintf.o)
                0x0000ee6a                sprintf
                0x0000ee86                snprintf
                0x0000eea0                vsprintf
                0x0000eeb6                vsnprintf
 .text          0x0000eec8      0x836 /usr/lib/gcc/msp430/4.6.3/../../../../msp430/lib/mmpy-16/libc.a(vuprintf.o)
                0x0000f060                vuprintf
 .text          0x0000f6fe       0x2c /usr/lib/gcc/msp430/4.6.3/../../../../msp430/lib/mmpy-16/libc.a(puts.o)
                0x0000f6fe                puts
 .text          0x0000f72a       0x54 /usr/lib/gcc/msp430/4.6.3/../../../../msp430/lib/mmpy-16/libc.a(rand.o)
                0x0000f72a                rand_r
                0x0000f74e                rand
                0x0000f774                srand
 .text.libgcc   0x0000f77e       0xf0 /usr/lib/gcc/msp430/4.6.3/mmpy-16/libgcc.a(_udivmod64.o)
                0x0000f77e                __xabi_udivmod64
                0x0000f7dc                __udivdi3
                0x0000f802                __umoddi3
                0x0000f830                __udivmoddi4
 .text.crt0     0x0000f86e        0x2 /usr/lib/gcc/msp430/4.6.3/mmpy-16/libcrt0.a(_unexpected_.o)
                0x0000f86e                _unexpected_
                0x0000f870                . = ALIGN (0x2)

.rodata         0x0000f870      0x4dc
                0x0000f870                . = ALIGN (0x2)
 *(.rodata .rodata.* .gnu.linkonce.r.*)
 .rodata        0x0000f870       0xc8 border-router.co
                0x0000f910                autostart_processes
 .rodata        0x0000f938       0xa6 obj_sky/slip-bridge.o
                0x0000f9da                rpl_interface
 .rodata        0x0000f9de      0x139 obj_sky/httpd-simple.o
                0x0000fa37                http_index_html
                0x0000fa43                http_get
                0x0000fa48                http_header_404
                0x0000faa5                http_header_200
                0x0000fafb                http_content_type_html
 .rodata        0x0000fb17      0x10b obj_sky/contiki-sky-main.o
 .rodata        0x0000fc22        0x8 contiki-sky.a(rimeaddr.o)
                0x0000fc22                rimeaddr_null
 .rodata        0x0000fc2a       0x14 contiki-sky.a(csma.o)
                0x0000fc30                csma_driver
 .rodata        0x0000fc3e       0x1c contiki-sky.a(contikimac.o)
                0x0000fc4a                contikimac_driver
 .rodata        0x0000fc5a        0xc contiki-sky.a(etimer.o)
 .rodata        0x0000fc66        0xf contiki-sky.a(ctimer.o)
 *fill*         0x0000fc75        0x1 00
 .rodata        0x0000fc76       0x24 contiki-sky.a(sicslowpan.o)
                0x0000fc82                sicslowpan_driver
                0x0000fc88                llprefix
                0x0000fc8a                unc_mxconf
                0x0000fc8e                unc_ctxconf
                0x0000fc92                unc_llconf
 .rodata        0x0000fc9a        0xd contiki-sky.a(tcpip.o)
 .rodata        0x0000fca7       0x1a contiki-sky.a(uip-debug.o)
 *fill*         0x0000fcc1        0x1 00
 .rodata        0x0000fcc2       0x20 contiki-sky.a(uip6.o)
 .rodata        0x0000fce2       0x10 contiki-sky.a(button-sensor.o)
                0x0000fcea                button_sensor
 .rodata        0x0000fcf2        0x8 contiki-sky.a(sensors.o)
 .rodata        0x0000fcfa       0x22 contiki-sky.a(cc2420.o)
                0x0000fcfa                cc2420_driver
 .rodata        0x0000fd1c       0x21 contiki-sky.a(slip.o)
 *fill*         0x0000fd3d        0x1 00
 .rodata        0x0000fd3e        0x4 contiki-sky.a(framer-802154.o)
                0x0000fd3e                framer_802154
 .rodata        0x0000fd42        0x2 contiki-sky.a(frame802154.o)
 .rodata        0x0000fd44        0x7 /usr/lib/gcc/msp430/4.6.3/../../../../msp430/lib/mmpy-16/libc.a(vuprintf.o)
                0x0000fd4c                . = ALIGN (0x2)
 *fill*         0x0000fd4b        0x1 00
                0x0000fd4c                _etext = .

.data           0x00001100       0xf4 load address 0x0000fd4c
                0x00001100                . = ALIGN (0x2)
                0x00001100                PROVIDE (__data_start, .)
 *(.data .data.* .gnu.linkonce.d.*)
 .data          0x00001100       0x24 border-router.co
                0x00001100                webserver_nogui_process
                0x0000110a                border_router_process
                0x00001114                dag_id
 .data          0x00001124        0x8 obj_sky/httpd-simple.o
 .data          0x0000112c       0x18 contiki-sky.a(csma.o)
 .data          0x00001144       0x10 contiki-sky.a(phase.o)
 .data          0x00001154        0x8 contiki-sky.a(rpl-dag.o)
 .data          0x0000115c        0x1 contiki-sky.a(rpl-icmp6.o)
 *fill*         0x0000115d        0x1 00
 .data          0x0000115e        0xe contiki-sky.a(rpl-mrhof.o)
                0x0000115e                rpl_mrhof
 .data          0x0000116c        0xa contiki-sky.a(etimer.o)
                0x0000116c                etimer_process
 .data          0x00001176        0xa contiki-sky.a(ctimer.o)
                0x00001176                ctimer_process
 .data          0x00001180        0x8 contiki-sky.a(nbr-table.o)
 .data          0x00001188       0x18 contiki-sky.a(queuebuf.o)
 .data          0x000011a0        0xa contiki-sky.a(tcpip.o)
                0x000011a0                tcpip_process
 .data          0x000011aa       0x18 contiki-sky.a(uip-ds6-route.o)
 .data          0x000011c2        0xa contiki-sky.a(uip-ds6-nbr.o)
                0x000011c2                ds6_neighbors
 .data          0x000011cc        0x4 contiki-sky.a(contiki-sky-pla)
                0x000011cc                sensors
 .data          0x000011d0        0xa contiki-sky.a(sensors.o)
                0x000011d0                sensors_process
 .data          0x000011da        0xa contiki-sky.a(cc2420.o)
                0x000011da                cc2420_process
 .data          0x000011e4        0xa contiki-sky.a(slip.o)
                0x000011e4                slip_process
 .data          0x000011ee        0x2 contiki-sky.a(msp430.o)
 .data          0x000011f0        0x4 /usr/lib/gcc/msp430/4.6.3/../../../../msp430/lib/mmpy-16/libc.a(rand.o)
                0x000011f4                . = ALIGN (0x2)
                0x000011f4                _edata = .
                0x0000fd4c                PROVIDE (__data_load_start, LOADADDR (.data))
                0x000000f4                PROVIDE (__data_size, SIZEOF (.data))

.bss            0x000011f4     0x1ec2 load address 0x0000fe40
                0x000011f4                PROVIDE (__bss_start, .)
 *(.bss .bss.*)
 .bss           0x000011f4      0x124 border-router.co
 .bss           0x00001318       0x12 obj_sky/slip-bridge.o
 .bss           0x0000132a       0xae obj_sky/httpd-simple.o
 .bss           0x000013d8        0xc obj_sky/contiki-sky-main.o
 .bss           0x000013e4       0xc2 contiki-sky.a(csma.o)
 .bss           0x000014a6       0xd4 contiki-sky.a(contikimac.o)
 .bss           0x0000157a      0x1d8 contiki-sky.a(phase.o)
 .bss           0x00001752       0xc8 contiki-sky.a(rpl-dag.o)
 .bss           0x0000181a       0x18 contiki-sky.a(rpl-timers.o)
 .bss           0x00001832       0x42 contiki-sky.a(process.o)
                0x00001832                process_current
                0x00001834                process_list
 .bss           0x00001874        0x8 contiki-sky.a(compower.o)
 .bss           0x0000187c        0x6 contiki-sky.a(etimer.o)
 .bss           0x00001882        0x4 contiki-sky.a(ctimer.o)
 .bss           0x00001886        0x2 contiki-sky.a(rtimer.o)
 .bss           0x00001888      0x118 contiki-sky.a(nbr-table.o)
 .bss           0x000019a0       0xba contiki-sky.a(packetbuf.o)
 .bss           0x00001a5a      0x71e contiki-sky.a(queuebuf.o)
 .bss           0x00002178      0x122 contiki-sky.a(sicslowpan.o)
 .bss           0x0000229a       0x36 contiki-sky.a(tcpip.o)
 .bss           0x000022d0      0x2fc contiki-sky.a(uip-ds6-route.o)
 .bss           0x000025cc      0x2d0 contiki-sky.a(uip-ds6-nbr.o)
 .bss           0x0000289c       0x18 contiki-sky.a(uip-ds6.o)
 .bss           0x000028b4       0x10 contiki-sky.a(uip-icmp6.o)
 .bss           0x000028c4        0xa contiki-sky.a(uip-nd6.o)
 .bss           0x000028ce       0x12 contiki-sky.a(uip6.o)
                0x000028ce                uip_ext_opt_offset
                0x000028d0                uip_ext_len
                0x000028d2                uip_ext_bitmap
 .bss           0x000028e0        0x8 contiki-sky.a(button-sensor.o)
 .bss           0x000028e8        0x2 contiki-sky.a(node-id.o)
                0x000028e8                node_id
 .bss           0x000028ea        0x6 contiki-sky.a(sensors.o)
 .bss           0x000028f0        0xa contiki-sky.a(cc2420.o)
 .bss           0x000028fa       0x9a contiki-sky.a(uart1.o)
 .bss           0x00002994      0x10a contiki-sky.a(slip.o)
 .bss           0x00002a9e        0xa contiki-sky.a(clock.o)
 .bss           0x00002aa8        0x2 contiki-sky.a(leds.o)
 .bss           0x00002aaa        0x2 contiki-sky.a(watchdog.o)
 .bss           0x00002aac        0x2 contiki-sky.a(framer-802154.o)
 .bss           0x00002aae        0x4 /usr/lib/gcc/msp430/4.6.3/../../../../msp430/lib/mmpy-16/libc.a(sprintf.o)
 *(COMMON)
 COMMON         0x00002ab2        0x8 contiki-sky.a(rimeaddr.o)
                0x00002ab2                rimeaddr_node_addr
 COMMON         0x00002aba       0xbe contiki-sky.a(rpl-dag.o)
                0x00002aba                default_instance
                0x00002abc                instance_table
 COMMON         0x00002b78        0x1 contiki-sky.a(process.o)
                0x00002b78                process_maxevents
 *fill*         0x00002b79        0x1 00
 COMMON         0x00002b7a        0x8 contiki-sky.a(compower.o)
                0x00002b7a                compower_idle_activity
 COMMON         0x00002b82       0x56 contiki-sky.a(energest.o)
                0x00002b82                energest_total_time
                0x00002bb2                energest_total_count
                0x00002bb4                energest_current_mode
                0x00002bc0                energest_current_time
 COMMON         0x00002bd8       0x50 contiki-sky.a(packetbuf.o)
                0x00002bd8                packetbuf_addrs
                0x00002bf8                packetbuf_attrs
 COMMON         0x00002c28        0x8 contiki-sky.a(sicslowpan.o)
                0x00002c28                frag_sender
 COMMON         0x00002c30        0x1 contiki-sky.a(tcpip.o)
                0x00002c30                tcpip_event
 *fill*         0x00002c31        0x1 00
 COMMON         0x00002c32      0x15c contiki-sky.a(uip-ds6.o)
                0x00002c32                uip_ds6_timer_ra
                0x00002c3a                uip_ds6_if
                0x00002d26                uip_ds6_netif_addr_list_offset
                0x00002d27                uip_ds6_addr_size
                0x00002d28                uip_ds6_prefix_list
                0x00002d82                uip_ds6_timer_periodic
 COMMON         0x00002d8e      0x304 contiki-sky.a(uip6.o)
                0x00002d8e                uip_len
                0x00002d90                uip_sappdata
                0x00002d92                uip_acc32
                0x00002d96                uip_lladdr
                0x00002d9e                uip_aligned_buf
                0x00002e8e                uip_flags
                0x00002e90                uip_next_hdr
                0x00002e92                uip_udp_conn
                0x00002e94                uip_appdata
                0x00002e96                uip_conn
                0x00002e98                uip_conns
                0x00002f48                uip_listenports
                0x00002f58                uip_slen
                0x00002f5a                uip_udp_conns
 COMMON         0x00003092        0x2 contiki-sky.a(contiki-sky-pla)
                0x00003092                sensors_flags
 COMMON         0x00003094        0x8 contiki-sky.a(ds2411.o)
                0x00003094                ds2411_id
 COMMON         0x0000309c        0x1 contiki-sky.a(sensors.o)
                0x0000309c                sensors_event
 *fill*         0x0000309d        0x1 00
 COMMON         0x0000309e       0x14 contiki-sky.a(cc2420.o)
                0x0000309e                cc2420_last_rssi
                0x000030a0                cc2420_packets_read
                0x000030a2                cc2420_packets_seen
                0x000030a4                cc2420_sfd_start_time
                0x000030a6                cc2420_time_of_departure
                0x000030a8                cc2420_time_of_arrival
                0x000030aa                cc2420_last_correlation
                0x000030ac                cc2420_authority_level_of_sender
                0x000030ae                cc2420_sfd_counter
                0x000030b0                cc2420_sfd_end_time
 COMMON         0x000030b2        0x1 contiki-sky.a(slip.o)
                0x000030b2                slip_active
 *fill*         0x000030b3        0x1 00
 COMMON         0x000030b4        0x2 contiki-sky.a(msp430.o)
                0x000030b4                msp430_dco_required
                0x000030b6                . = ALIGN (0x2)
                0x000030b6                PROVIDE (__bss_end, .)
                0x00001ec2                PROVIDE (__bss_size, SIZEOF (.bss))

.noinit         0x000030b6        0x2 load address 0x0000fe40
                0x000030b6                PROVIDE (__noinit_start, .)
 *(.noinit .noinit.*)
 .noinit.crt0   0x000030b6        0x2 /usr/lib/gcc/msp430/4.6.3/mmpy-16/libcrt0.a(__watchdog_support.o)
                0x000030b6                __wdt_clear_value
                0x000030b8                . = ALIGN (0x2)
                0x000030b8                PROVIDE (__noinit_end, .)
                0x000030b8                . = ALIGN (0x2)
                0x000030b8                _end = .

.infomem        0x00001000        0x0
 *(.infomem)
                0x00001000                . = ALIGN (0x2)
 *(.infomem.*)

.infomemnobits  0x00001000        0x0
 *(.infomemnobits)
                0x00001000                . = ALIGN (0x2)
 *(.infomemnobits.*)

.infoa
 *(.infoa .infoa.*)

.infob
 *(.infob .infob.*)

.infoc
 *(.infoc .infoc.*)

.infod
 *(.infod .infod.*)

.vectors        0x0000ffe0       0x20
                0x0000ffe0                PROVIDE (__vectors_start, .)
 *(.vectors*)
 .vectors       0x0000ffe0       0x20 /usr/lib/gcc/msp430/4.6.3/mmpy-16/crt0ivtbl16.o
                0x0000ffe0                __ivtbl_16
                0x00010000                _vectors_end = .

.fartext        0x00000000        0x0
                0x00000000                . = ALIGN (0x2)
 *(.fartext)
                0x00000000                . = ALIGN (0x2)
 *(.fartext.*)
                0x00000000                _efartext = .

.profiler
 *(.profiler)

.stab
 *(.stab)

.stabstr
 *(.stabstr)

.stab.excl
 *(.stab.excl)

.stab.exclstr
 *(.stab.exclstr)

.stab.index
 *(.stab.index)

.stab.indexstr
 *(.stab.indexstr)

.comment
 *(.comment)

.debug
 *(.debug)

.line
 *(.line)

.debug_srcinfo
 *(.debug_srcinfo)

.debug_sfnames
 *(.debug_sfnames)

.debug_aranges  0x00000000      0x1b8
 *(.debug_aranges)
 .debug_aranges
                0x00000000       0x14 /usr/lib/gcc/msp430/4.6.3/mmpy-16/libgcc.a(_mulsi3.o)
 .debug_aranges
                0x00000014       0x14 /usr/lib/gcc/msp430/4.6.3/mmpy-16/libgcc.a(_udivmod16.o)
 .debug_aranges
                0x00000028       0x14 /usr/lib/gcc/msp430/4.6.3/mmpy-16/libgcc.a(_divmod16.o)
 .debug_aranges
                0x0000003c       0x14 /usr/lib/gcc/msp430/4.6.3/mmpy-16/libgcc.a(_udivmod32.o)
 .debug_aranges
                0x00000050       0x14 /usr/lib/gcc/msp430/4.6.3/../../../../msp430/lib/mmpy-16/libc.a(strncmp.o)
 .debug_aranges
                0x00000064       0x14 /usr/lib/gcc/msp430/4.6.3/../../../../msp430/lib/mmpy-16/libc.a(memcmp.o)
 .debug_aranges
                0x00000078       0x14 /usr/lib/gcc/msp430/4.6.3/../../../../msp430/lib/mmpy-16/libc.a(strncpy.o)
 .debug_aranges
                0x0000008c       0x14 /usr/lib/gcc/msp430/4.6.3/../../../../msp430/lib/mmpy-16/libc.a(memcpy.o)
 .debug_aranges
                0x000000a0       0x14 /usr/lib/gcc/msp430/4.6.3/../../../../msp430/lib/mmpy-16/libc.a(memmove.o)
 .debug_aranges
                0x000000b4       0x14 /usr/lib/gcc/msp430/4.6.3/../../../../msp430/lib/mmpy-16/libc.a(memset.o)
 .debug_aranges
                0x000000c8       0x14 /usr/lib/gcc/msp430/4.6.3/../../../../msp430/lib/mmpy-16/libc.a(printf.o)
 .debug_aranges
                0x000000dc       0x14 /usr/lib/gcc/msp430/4.6.3/../../../../msp430/lib/mmpy-16/libc.a(sprintf.o)
 .debug_aranges
                0x000000f0       0x14 /usr/lib/gcc/msp430/4.6.3/../../../../msp430/lib/mmpy-16/libc.a(vuprintf.o)
 .debug_aranges
                0x00000104       0x14 /usr/lib/gcc/msp430/4.6.3/../../../../msp430/lib/mmpy-16/libc.a(puts.o)
 .debug_aranges
                0x00000118       0x14 /usr/lib/gcc/msp430/4.6.3/../../../../msp430/lib/mmpy-16/libc.a(rand.o)
 .debug_aranges
                0x0000012c       0x14 /usr/lib/gcc/msp430/4.6.3/mmpy-16/libgcc.a(_udivmod64.o)
 .debug_aranges
                0x00000140       0x14 /usr/lib/gcc/msp430/4.6.3/mmpy-16/libcrt0.a(__watchdog_support.o)
 .debug_aranges
                0x00000154       0x14 /usr/lib/gcc/msp430/4.6.3/mmpy-16/libcrt0.a(__init_stack.o)
 .debug_aranges
                0x00000168       0x14 /usr/lib/gcc/msp430/4.6.3/mmpy-16/libcrt0.a(_copy_data.o)
 .debug_aranges
                0x0000017c       0x14 /usr/lib/gcc/msp430/4.6.3/mmpy-16/libcrt0.a(_clear_bss.o)
 .debug_aranges
                0x00000190       0x14 /usr/lib/gcc/msp430/4.6.3/mmpy-16/libcrt0.a(_endless_loop__.o)
 .debug_aranges
                0x000001a4       0x14 /usr/lib/gcc/msp430/4.6.3/mmpy-16/libcrt0.a(_unexpected_.o)

.debug_pubnames
 *(.debug_pubnames)

.debug_info     0x00000000     0x18dc
 *(.debug_info)
 .debug_info    0x00000000       0xd6 /usr/lib/gcc/msp430/4.6.3/mmpy-16/libgcc.a(_mulsi3.o)
 .debug_info    0x000000d6       0xd6 /usr/lib/gcc/msp430/4.6.3/mmpy-16/libgcc.a(_udivmod16.o)
 .debug_info    0x000001ac       0xd6 /usr/lib/gcc/msp430/4.6.3/mmpy-16/libgcc.a(_divmod16.o)
 .debug_info    0x00000282       0xd6 /usr/lib/gcc/msp430/4.6.3/mmpy-16/libgcc.a(_udivmod32.o)
 .debug_info    0x00000358       0xbb /usr/lib/gcc/msp430/4.6.3/../../../../msp430/lib/mmpy-16/libc.a(strncmp.o)
 .debug_info    0x00000413       0xe8 /usr/lib/gcc/msp430/4.6.3/../../../../msp430/lib/mmpy-16/libc.a(memcmp.o)
 .debug_info    0x000004fb       0xe1 /usr/lib/gcc/msp430/4.6.3/../../../../msp430/lib/mmpy-16/libc.a(strncpy.o)
 .debug_info    0x000005dc      0x113 /usr/lib/gcc/msp430/4.6.3/../../../../msp430/lib/mmpy-16/libc.a(memcpy.o)
 .debug_info    0x000006ef      0x113 /usr/lib/gcc/msp430/4.6.3/../../../../msp430/lib/mmpy-16/libc.a(memmove.o)
 .debug_info    0x00000802       0xfe /usr/lib/gcc/msp430/4.6.3/../../../../msp430/lib/mmpy-16/libc.a(memset.o)
 .debug_info    0x00000900      0x105 /usr/lib/gcc/msp430/4.6.3/../../../../msp430/lib/mmpy-16/libc.a(printf.o)
 .debug_info    0x00000a05      0x277 /usr/lib/gcc/msp430/4.6.3/../../../../msp430/lib/mmpy-16/libc.a(sprintf.o)
 .debug_info    0x00000c7c      0x565 /usr/lib/gcc/msp430/4.6.3/../../../../msp430/lib/mmpy-16/libc.a(vuprintf.o)
 .debug_info    0x000011e1       0x96 /usr/lib/gcc/msp430/4.6.3/../../../../msp430/lib/mmpy-16/libc.a(puts.o)
 .debug_info    0x00001277      0x13f /usr/lib/gcc/msp430/4.6.3/../../../../msp430/lib/mmpy-16/libc.a(rand.o)
 .debug_info    0x000013b6       0xd6 /usr/lib/gcc/msp430/4.6.3/mmpy-16/libgcc.a(_udivmod64.o)
 .debug_info    0x0000148c       0xb8 /usr/lib/gcc/msp430/4.6.3/mmpy-16/libcrt0.a(__watchdog_support.o)
 .debug_info    0x00001544       0xb8 /usr/lib/gcc/msp430/4.6.3/mmpy-16/libcrt0.a(__init_stack.o)
 .debug_info    0x000015fc       0xb8 /usr/lib/gcc/msp430/4.6.3/mmpy-16/libcrt0.a(_copy_data.o)
 .debug_info    0x000016b4       0xb8 /usr/lib/gcc/msp430/4.6.3/mmpy-16/libcrt0.a(_clear_bss.o)
 .debug_info    0x0000176c       0xb8 /usr/lib/gcc/msp430/4.6.3/mmpy-16/libcrt0.a(_endless_loop__.o)
 .debug_info    0x00001824       0xb8 /usr/lib/gcc/msp430/4.6.3/mmpy-16/libcrt0.a(_unexpected_.o)
 *(.gnu.linkonce.wi.*)

.debug_abbrev   0x00000000      0x965
 *(.debug_abbrev)
 .debug_abbrev  0x00000000       0x14 /usr/lib/gcc/msp430/4.6.3/mmpy-16/libgcc.a(_mulsi3.o)
 .debug_abbrev  0x00000014       0x14 /usr/lib/gcc/msp430/4.6.3/mmpy-16/libgcc.a(_udivmod16.o)
 .debug_abbrev  0x00000028       0x14 /usr/lib/gcc/msp430/4.6.3/mmpy-16/libgcc.a(_divmod16.o)
 .debug_abbrev  0x0000003c       0x14 /usr/lib/gcc/msp430/4.6.3/mmpy-16/libgcc.a(_udivmod32.o)
 .debug_abbrev  0x00000050       0x7c /usr/lib/gcc/msp430/4.6.3/../../../../msp430/lib/mmpy-16/libc.a(strncmp.o)
 .debug_abbrev  0x000000cc       0x9b /usr/lib/gcc/msp430/4.6.3/../../../../msp430/lib/mmpy-16/libc.a(memcmp.o)
 .debug_abbrev  0x00000167       0x94 /usr/lib/gcc/msp430/4.6.3/../../../../msp430/lib/mmpy-16/libc.a(strncpy.o)
 .debug_abbrev  0x000001fb       0x97 /usr/lib/gcc/msp430/4.6.3/../../../../msp430/lib/mmpy-16/libc.a(memcpy.o)
 .debug_abbrev  0x00000292       0x97 /usr/lib/gcc/msp430/4.6.3/../../../../msp430/lib/mmpy-16/libc.a(memmove.o)
 .debug_abbrev  0x00000329       0x9c /usr/lib/gcc/msp430/4.6.3/../../../../msp430/lib/mmpy-16/libc.a(memset.o)
 .debug_abbrev  0x000003c5       0xd0 /usr/lib/gcc/msp430/4.6.3/../../../../msp430/lib/mmpy-16/libc.a(printf.o)
 .debug_abbrev  0x00000495      0x105 /usr/lib/gcc/msp430/4.6.3/../../../../msp430/lib/mmpy-16/libc.a(sprintf.o)
 .debug_abbrev  0x0000059a      0x1ef /usr/lib/gcc/msp430/4.6.3/../../../../msp430/lib/mmpy-16/libc.a(vuprintf.o)
 .debug_abbrev  0x00000789       0x60 /usr/lib/gcc/msp430/4.6.3/../../../../msp430/lib/mmpy-16/libc.a(puts.o)
 .debug_abbrev  0x000007e9       0xf0 /usr/lib/gcc/msp430/4.6.3/../../../../msp430/lib/mmpy-16/libc.a(rand.o)
 .debug_abbrev  0x000008d9       0x14 /usr/lib/gcc/msp430/4.6.3/mmpy-16/libgcc.a(_udivmod64.o)
 .debug_abbrev  0x000008ed       0x14 /usr/lib/gcc/msp430/4.6.3/mmpy-16/libcrt0.a(__watchdog_support.o)
 .debug_abbrev  0x00000901       0x14 /usr/lib/gcc/msp430/4.6.3/mmpy-16/libcrt0.a(__init_stack.o)
 .debug_abbrev  0x00000915       0x14 /usr/lib/gcc/msp430/4.6.3/mmpy-16/libcrt0.a(_copy_data.o)
 .debug_abbrev  0x00000929       0x14 /usr/lib/gcc/msp430/4.6.3/mmpy-16/libcrt0.a(_clear_bss.o)
 .debug_abbrev  0x0000093d       0x14 /usr/lib/gcc/msp430/4.6.3/mmpy-16/libcrt0.a(_endless_loop__.o)
 .debug_abbrev  0x00000951       0x14 /usr/lib/gcc/msp430/4.6.3/mmpy-16/libcrt0.a(_unexpected_.o)

.debug_line     0x00000000      0xf13
 *(.debug_line)
 .debug_line    0x00000000       0xa3 /usr/lib/gcc/msp430/4.6.3/mmpy-16/libgcc.a(_mulsi3.o)
 .debug_line    0x000000a3       0x9c /usr/lib/gcc/msp430/4.6.3/mmpy-16/libgcc.a(_udivmod16.o)
 .debug_line    0x0000013f       0xa7 /usr/lib/gcc/msp430/4.6.3/mmpy-16/libgcc.a(_divmod16.o)
 .debug_line    0x000001e6       0xab /usr/lib/gcc/msp430/4.6.3/mmpy-16/libgcc.a(_udivmod32.o)
 .debug_line    0x00000291       0x75 /usr/lib/gcc/msp430/4.6.3/../../../../msp430/lib/mmpy-16/libc.a(strncmp.o)
 .debug_line    0x00000306       0x73 /usr/lib/gcc/msp430/4.6.3/../../../../msp430/lib/mmpy-16/libc.a(memcmp.o)
 .debug_line    0x00000379       0x78 /usr/lib/gcc/msp430/4.6.3/../../../../msp430/lib/mmpy-16/libc.a(strncpy.o)
 .debug_line    0x000003f1       0xe9 /usr/lib/gcc/msp430/4.6.3/../../../../msp430/lib/mmpy-16/libc.a(memcpy.o)
 .debug_line    0x000004da       0xe9 /usr/lib/gcc/msp430/4.6.3/../../../../msp430/lib/mmpy-16/libc.a(memmove.o)
 .debug_line    0x000005c3       0xc8 /usr/lib/gcc/msp430/4.6.3/../../../../msp430/lib/mmpy-16/libc.a(memset.o)
 .debug_line    0x0000068b       0x72 /usr/lib/gcc/msp430/4.6.3/../../../../msp430/lib/mmpy-16/libc.a(printf.o)
 .debug_line    0x000006fd       0x9c /usr/lib/gcc/msp430/4.6.3/../../../../msp430/lib/mmpy-16/libc.a(sprintf.o)
 .debug_line    0x00000799      0x2d2 /usr/lib/gcc/msp430/4.6.3/../../../../msp430/lib/mmpy-16/libc.a(vuprintf.o)
 .debug_line    0x00000a6b       0x4d /usr/lib/gcc/msp430/4.6.3/../../../../msp430/lib/mmpy-16/libc.a(puts.o)
 .debug_line    0x00000ab8       0x4f /usr/lib/gcc/msp430/4.6.3/../../../../msp430/lib/mmpy-16/libc.a(rand.o)
 .debug_line    0x00000b07       0xf1 /usr/lib/gcc/msp430/4.6.3/mmpy-16/libgcc.a(_udivmod64.o)
 .debug_line    0x00000bf8       0x84 /usr/lib/gcc/msp430/4.6.3/mmpy-16/libcrt0.a(__watchdog_support.o)
 .debug_line    0x00000c7c       0x82 /usr/lib/gcc/msp430/4.6.3/mmpy-16/libcrt0.a(__init_stack.o)
 .debug_line    0x00000cfe       0x88 /usr/lib/gcc/msp430/4.6.3/mmpy-16/libcrt0.a(_copy_data.o)
 .debug_line    0x00000d86       0x88 /usr/lib/gcc/msp430/4.6.3/mmpy-16/libcrt0.a(_clear_bss.o)
 .debug_line    0x00000e0e       0x83 /usr/lib/gcc/msp430/4.6.3/mmpy-16/libcrt0.a(_endless_loop__.o)
 .debug_line    0x00000e91       0x82 /usr/lib/gcc/msp430/4.6.3/mmpy-16/libcrt0.a(_unexpected_.o)

.debug_frame    0x00000000      0x2b0
 *(.debug_frame)
 .debug_frame   0x00000000       0x24 /usr/lib/gcc/msp430/4.6.3/../../../../msp430/lib/mmpy-16/libc.a(strncmp.o)
 .debug_frame   0x00000024       0x24 /usr/lib/gcc/msp430/4.6.3/../../../../msp430/lib/mmpy-16/libc.a(memcmp.o)
 .debug_frame   0x00000048       0x24 /usr/lib/gcc/msp430/4.6.3/../../../../msp430/lib/mmpy-16/libc.a(strncpy.o)
 .debug_frame   0x0000006c       0x38 /usr/lib/gcc/msp430/4.6.3/../../../../msp430/lib/mmpy-16/libc.a(memcpy.o)
 .debug_frame   0x000000a4       0x38 /usr/lib/gcc/msp430/4.6.3/../../../../msp430/lib/mmpy-16/libc.a(memmove.o)
 .debug_frame   0x000000dc       0x32 /usr/lib/gcc/msp430/4.6.3/../../../../msp430/lib/mmpy-16/libc.a(memset.o)
 .debug_frame   0x0000010e       0x2a /usr/lib/gcc/msp430/4.6.3/../../../../msp430/lib/mmpy-16/libc.a(printf.o)
 .debug_frame   0x00000138       0x68 /usr/lib/gcc/msp430/4.6.3/../../../../msp430/lib/mmpy-16/libc.a(sprintf.o)
 .debug_frame   0x000001a0       0xb0 /usr/lib/gcc/msp430/4.6.3/../../../../msp430/lib/mmpy-16/libc.a(vuprintf.o)
 .debug_frame   0x00000250       0x24 /usr/lib/gcc/msp430/4.6.3/../../../../msp430/lib/mmpy-16/libc.a(puts.o)
 .debug_frame   0x00000274       0x3c /usr/lib/gcc/msp430/4.6.3/../../../../msp430/lib/mmpy-16/libc.a(rand.o)

.debug_str      0x00000000      0x477
 *(.debug_str)
 .debug_str     0x00000000       0xc4 /usr/lib/gcc/msp430/4.6.3/../../../../msp430/lib/mmpy-16/libc.a(strncmp.o)
                                 0xfd (size before relaxing)
 .debug_str     0x000000c4       0x19 /usr/lib/gcc/msp430/4.6.3/../../../../msp430/lib/mmpy-16/libc.a(memcmp.o)
                                 0xfb (size before relaxing)
 .debug_str     0x000000dd       0x1b /usr/lib/gcc/msp430/4.6.3/../../../../msp430/lib/mmpy-16/libc.a(strncpy.o)
                                 0xfd (size before relaxing)
 .debug_str     0x000000f8       0x34 /usr/lib/gcc/msp430/4.6.3/../../../../msp430/lib/mmpy-16/libc.a(memcpy.o)
                                0x116 (size before relaxing)
 .debug_str     0x0000012c       0x1b /usr/lib/gcc/msp430/4.6.3/../../../../msp430/lib/mmpy-16/libc.a(memmove.o)
                                0x118 (size before relaxing)
 .debug_str     0x00000147       0x26 /usr/lib/gcc/msp430/4.6.3/../../../../msp430/lib/mmpy-16/libc.a(memset.o)
                                0x114 (size before relaxing)
 .debug_str     0x0000016d       0x40 /usr/lib/gcc/msp430/4.6.3/../../../../msp430/lib/mmpy-16/libc.a(printf.o)
                                0x12a (size before relaxing)
 .debug_str     0x000001ad       0x6e /usr/lib/gcc/msp430/4.6.3/../../../../msp430/lib/mmpy-16/libc.a(sprintf.o)
                                0x18f (size before relaxing)
 .debug_str     0x0000021b      0x218 /usr/lib/gcc/msp430/4.6.3/../../../../msp430/lib/mmpy-16/libc.a(vuprintf.o)
                                0x375 (size before relaxing)
 .debug_str     0x00000433       0x15 /usr/lib/gcc/msp430/4.6.3/../../../../msp430/lib/mmpy-16/libc.a(puts.o)
                                 0xf0 (size before relaxing)
 .debug_str     0x00000448       0x2f /usr/lib/gcc/msp430/4.6.3/../../../../msp430/lib/mmpy-16/libc.a(rand.o)
                                0x10f (size before relaxing)

.debug_loc      0x00000000      0xe0c
 *(.debug_loc)
 .debug_loc     0x00000000       0x38 /usr/lib/gcc/msp430/4.6.3/../../../../msp430/lib/mmpy-16/libc.a(strncmp.o)
 .debug_loc     0x00000038       0x5e /usr/lib/gcc/msp430/4.6.3/../../../../msp430/lib/mmpy-16/libc.a(memcmp.o)
 .debug_loc     0x00000096       0x45 /usr/lib/gcc/msp430/4.6.3/../../../../msp430/lib/mmpy-16/libc.a(strncpy.o)
 .debug_loc     0x000000db      0x1e9 /usr/lib/gcc/msp430/4.6.3/../../../../msp430/lib/mmpy-16/libc.a(memcpy.o)
 .debug_loc     0x000002c4      0x1e9 /usr/lib/gcc/msp430/4.6.3/../../../../msp430/lib/mmpy-16/libc.a(memmove.o)
 .debug_loc     0x000004ad       0xdb /usr/lib/gcc/msp430/4.6.3/../../../../msp430/lib/mmpy-16/libc.a(memset.o)